###############################################################################
#
# IAR ELF Linker V8.50.6.265/W32 for ARM                  11/Mar/2021  15:30:21
# Copyright 2007-2020 IAR Systems AB.
#
#    Output file  =
#        C:\x64444\aia_mediaplay\SDK_1170_x264_encoder\boards\evkmimxrt1170\x264_examples\sdcard_fatfs\cm7_itcm_org\iar\flexspi_nor_debug\sdcard_fatfs_cm7.out
#    Map file     =
#        C:\x64444\aia_mediaplay\SDK_1170_x264_encoder\boards\evkmimxrt1170\x264_examples\sdcard_fatfs\cm7_itcm_org\iar\flexspi_nor_debug\list\sdcard_fatfs_cm7.map
#    Command line =
#        -f C:\Users\nxf44444\AppData\Local\Temp\1\EW1896.tmp
#        (C:\x64444\aia_mediaplay\SDK_1170_x264_encoder\boards\evkmimxrt1170\x264_examples\sdcard_fatfs\cm7_itcm_org\iar\flexspi_nor_debug\obj\analyse.o
#        C:\x64444\aia_mediaplay\SDK_1170_x264_encoder\boards\evkmimxrt1170\x264_examples\sdcard_fatfs\cm7_itcm_org\iar\flexspi_nor_debug\obj\bitstream.o
#        C:\x64444\aia_mediaplay\SDK_1170_x264_encoder\boards\evkmimxrt1170\x264_examples\sdcard_fatfs\cm7_itcm_org\iar\flexspi_nor_debug\obj\board.o
#        C:\x64444\aia_mediaplay\SDK_1170_x264_encoder\boards\evkmimxrt1170\x264_examples\sdcard_fatfs\cm7_itcm_org\iar\flexspi_nor_debug\obj\cabac.o
#        C:\x64444\aia_mediaplay\SDK_1170_x264_encoder\boards\evkmimxrt1170\x264_examples\sdcard_fatfs\cm7_itcm_org\iar\flexspi_nor_debug\obj\cabac_encoder.o
#        C:\x64444\aia_mediaplay\SDK_1170_x264_encoder\boards\evkmimxrt1170\x264_examples\sdcard_fatfs\cm7_itcm_org\iar\flexspi_nor_debug\obj\cache.o
#        C:\x64444\aia_mediaplay\SDK_1170_x264_encoder\boards\evkmimxrt1170\x264_examples\sdcard_fatfs\cm7_itcm_org\iar\flexspi_nor_debug\obj\cavlc.o
#        C:\x64444\aia_mediaplay\SDK_1170_x264_encoder\boards\evkmimxrt1170\x264_examples\sdcard_fatfs\cm7_itcm_org\iar\flexspi_nor_debug\obj\clock_config.o
#        C:\x64444\aia_mediaplay\SDK_1170_x264_encoder\boards\evkmimxrt1170\x264_examples\sdcard_fatfs\cm7_itcm_org\iar\flexspi_nor_debug\obj\common.o
#        C:\x64444\aia_mediaplay\SDK_1170_x264_encoder\boards\evkmimxrt1170\x264_examples\sdcard_fatfs\cm7_itcm_org\iar\flexspi_nor_debug\obj\cpu.o
#        C:\x64444\aia_mediaplay\SDK_1170_x264_encoder\boards\evkmimxrt1170\x264_examples\sdcard_fatfs\cm7_itcm_org\iar\flexspi_nor_debug\obj\crop.o
#        C:\x64444\aia_mediaplay\SDK_1170_x264_encoder\boards\evkmimxrt1170\x264_examples\sdcard_fatfs\cm7_itcm_org\iar\flexspi_nor_debug\obj\dcd.o
#        C:\x64444\aia_mediaplay\SDK_1170_x264_encoder\boards\evkmimxrt1170\x264_examples\sdcard_fatfs\cm7_itcm_org\iar\flexspi_nor_debug\obj\dct.o
#        C:\x64444\aia_mediaplay\SDK_1170_x264_encoder\boards\evkmimxrt1170\x264_examples\sdcard_fatfs\cm7_itcm_org\iar\flexspi_nor_debug\obj\deblock.o
#        C:\x64444\aia_mediaplay\SDK_1170_x264_encoder\boards\evkmimxrt1170\x264_examples\sdcard_fatfs\cm7_itcm_org\iar\flexspi_nor_debug\obj\depth.o
#        C:\x64444\aia_mediaplay\SDK_1170_x264_encoder\boards\evkmimxrt1170\x264_examples\sdcard_fatfs\cm7_itcm_org\iar\flexspi_nor_debug\obj\diskio.o
#        C:\x64444\aia_mediaplay\SDK_1170_x264_encoder\boards\evkmimxrt1170\x264_examples\sdcard_fatfs\cm7_itcm_org\iar\flexspi_nor_debug\obj\encoder.o
#        C:\x64444\aia_mediaplay\SDK_1170_x264_encoder\boards\evkmimxrt1170\x264_examples\sdcard_fatfs\cm7_itcm_org\iar\flexspi_nor_debug\obj\evkmimxrt1170_flexspi_nor_config.o
#        C:\x64444\aia_mediaplay\SDK_1170_x264_encoder\boards\evkmimxrt1170\x264_examples\sdcard_fatfs\cm7_itcm_org\iar\flexspi_nor_debug\obj\ff.o
#        C:\x64444\aia_mediaplay\SDK_1170_x264_encoder\boards\evkmimxrt1170\x264_examples\sdcard_fatfs\cm7_itcm_org\iar\flexspi_nor_debug\obj\ffsystem.o
#        C:\x64444\aia_mediaplay\SDK_1170_x264_encoder\boards\evkmimxrt1170\x264_examples\sdcard_fatfs\cm7_itcm_org\iar\flexspi_nor_debug\obj\ffunicode.o
#        C:\x64444\aia_mediaplay\SDK_1170_x264_encoder\boards\evkmimxrt1170\x264_examples\sdcard_fatfs\cm7_itcm_org\iar\flexspi_nor_debug\obj\filters.o
#        C:\x64444\aia_mediaplay\SDK_1170_x264_encoder\boards\evkmimxrt1170\x264_examples\sdcard_fatfs\cm7_itcm_org\iar\flexspi_nor_debug\obj\fix_vfr_pts.o
#        C:\x64444\aia_mediaplay\SDK_1170_x264_encoder\boards\evkmimxrt1170\x264_examples\sdcard_fatfs\cm7_itcm_org\iar\flexspi_nor_debug\obj\frame.o
#        C:\x64444\aia_mediaplay\SDK_1170_x264_encoder\boards\evkmimxrt1170\x264_examples\sdcard_fatfs\cm7_itcm_org\iar\flexspi_nor_debug\obj\fsl_adapter_lpuart.o
#        C:\x64444\aia_mediaplay\SDK_1170_x264_encoder\boards\evkmimxrt1170\x264_examples\sdcard_fatfs\cm7_itcm_org\iar\flexspi_nor_debug\obj\fsl_anatop.o
#        C:\x64444\aia_mediaplay\SDK_1170_x264_encoder\boards\evkmimxrt1170\x264_examples\sdcard_fatfs\cm7_itcm_org\iar\flexspi_nor_debug\obj\fsl_anatop_ai.o
#        C:\x64444\aia_mediaplay\SDK_1170_x264_encoder\boards\evkmimxrt1170\x264_examples\sdcard_fatfs\cm7_itcm_org\iar\flexspi_nor_debug\obj\fsl_assert.o
#        C:\x64444\aia_mediaplay\SDK_1170_x264_encoder\boards\evkmimxrt1170\x264_examples\sdcard_fatfs\cm7_itcm_org\iar\flexspi_nor_debug\obj\fsl_cache.o
#        C:\x64444\aia_mediaplay\SDK_1170_x264_encoder\boards\evkmimxrt1170\x264_examples\sdcard_fatfs\cm7_itcm_org\iar\flexspi_nor_debug\obj\fsl_clock.o
#        C:\x64444\aia_mediaplay\SDK_1170_x264_encoder\boards\evkmimxrt1170\x264_examples\sdcard_fatfs\cm7_itcm_org\iar\flexspi_nor_debug\obj\fsl_common.o
#        C:\x64444\aia_mediaplay\SDK_1170_x264_encoder\boards\evkmimxrt1170\x264_examples\sdcard_fatfs\cm7_itcm_org\iar\flexspi_nor_debug\obj\fsl_component_generic_list.o
#        C:\x64444\aia_mediaplay\SDK_1170_x264_encoder\boards\evkmimxrt1170\x264_examples\sdcard_fatfs\cm7_itcm_org\iar\flexspi_nor_debug\obj\fsl_component_serial_manager.o
#        C:\x64444\aia_mediaplay\SDK_1170_x264_encoder\boards\evkmimxrt1170\x264_examples\sdcard_fatfs\cm7_itcm_org\iar\flexspi_nor_debug\obj\fsl_component_serial_port_uart.o
#        C:\x64444\aia_mediaplay\SDK_1170_x264_encoder\boards\evkmimxrt1170\x264_examples\sdcard_fatfs\cm7_itcm_org\iar\flexspi_nor_debug\obj\fsl_dcdc.o
#        C:\x64444\aia_mediaplay\SDK_1170_x264_encoder\boards\evkmimxrt1170\x264_examples\sdcard_fatfs\cm7_itcm_org\iar\flexspi_nor_debug\obj\fsl_debug_console.o
#        C:\x64444\aia_mediaplay\SDK_1170_x264_encoder\boards\evkmimxrt1170\x264_examples\sdcard_fatfs\cm7_itcm_org\iar\flexspi_nor_debug\obj\fsl_flexspi_nor_boot.o
#        C:\x64444\aia_mediaplay\SDK_1170_x264_encoder\boards\evkmimxrt1170\x264_examples\sdcard_fatfs\cm7_itcm_org\iar\flexspi_nor_debug\obj\fsl_gpio.o
#        C:\x64444\aia_mediaplay\SDK_1170_x264_encoder\boards\evkmimxrt1170\x264_examples\sdcard_fatfs\cm7_itcm_org\iar\flexspi_nor_debug\obj\fsl_gpt.o
#        C:\x64444\aia_mediaplay\SDK_1170_x264_encoder\boards\evkmimxrt1170\x264_examples\sdcard_fatfs\cm7_itcm_org\iar\flexspi_nor_debug\obj\fsl_lpuart.o
#        C:\x64444\aia_mediaplay\SDK_1170_x264_encoder\boards\evkmimxrt1170\x264_examples\sdcard_fatfs\cm7_itcm_org\iar\flexspi_nor_debug\obj\fsl_os_abstraction_bm.o
#        C:\x64444\aia_mediaplay\SDK_1170_x264_encoder\boards\evkmimxrt1170\x264_examples\sdcard_fatfs\cm7_itcm_org\iar\flexspi_nor_debug\obj\fsl_pmu.o
#        C:\x64444\aia_mediaplay\SDK_1170_x264_encoder\boards\evkmimxrt1170\x264_examples\sdcard_fatfs\cm7_itcm_org\iar\flexspi_nor_debug\obj\fsl_sd.o
#        C:\x64444\aia_mediaplay\SDK_1170_x264_encoder\boards\evkmimxrt1170\x264_examples\sdcard_fatfs\cm7_itcm_org\iar\flexspi_nor_debug\obj\fsl_sd_disk.o
#        C:\x64444\aia_mediaplay\SDK_1170_x264_encoder\boards\evkmimxrt1170\x264_examples\sdcard_fatfs\cm7_itcm_org\iar\flexspi_nor_debug\obj\fsl_sdmmc_common.o
#        C:\x64444\aia_mediaplay\SDK_1170_x264_encoder\boards\evkmimxrt1170\x264_examples\sdcard_fatfs\cm7_itcm_org\iar\flexspi_nor_debug\obj\fsl_sdmmc_host.o
#        C:\x64444\aia_mediaplay\SDK_1170_x264_encoder\boards\evkmimxrt1170\x264_examples\sdcard_fatfs\cm7_itcm_org\iar\flexspi_nor_debug\obj\fsl_sdmmc_osa.o
#        C:\x64444\aia_mediaplay\SDK_1170_x264_encoder\boards\evkmimxrt1170\x264_examples\sdcard_fatfs\cm7_itcm_org\iar\flexspi_nor_debug\obj\fsl_str.o
#        C:\x64444\aia_mediaplay\SDK_1170_x264_encoder\boards\evkmimxrt1170\x264_examples\sdcard_fatfs\cm7_itcm_org\iar\flexspi_nor_debug\obj\fsl_usdhc.o
#        C:\x64444\aia_mediaplay\SDK_1170_x264_encoder\boards\evkmimxrt1170\x264_examples\sdcard_fatfs\cm7_itcm_org\iar\flexspi_nor_debug\obj\gpt.o
#        C:\x64444\aia_mediaplay\SDK_1170_x264_encoder\boards\evkmimxrt1170\x264_examples\sdcard_fatfs\cm7_itcm_org\iar\flexspi_nor_debug\obj\input.o
#        C:\x64444\aia_mediaplay\SDK_1170_x264_encoder\boards\evkmimxrt1170\x264_examples\sdcard_fatfs\cm7_itcm_org\iar\flexspi_nor_debug\obj\internal.o
#        C:\x64444\aia_mediaplay\SDK_1170_x264_encoder\boards\evkmimxrt1170\x264_examples\sdcard_fatfs\cm7_itcm_org\iar\flexspi_nor_debug\obj\lookahead.o
#        C:\x64444\aia_mediaplay\SDK_1170_x264_encoder\boards\evkmimxrt1170\x264_examples\sdcard_fatfs\cm7_itcm_org\iar\flexspi_nor_debug\obj\macroblock.o
#        C:\x64444\aia_mediaplay\SDK_1170_x264_encoder\boards\evkmimxrt1170\x264_examples\sdcard_fatfs\cm7_itcm_org\iar\flexspi_nor_debug\obj\macroblock_encoder.o
#        C:\x64444\aia_mediaplay\SDK_1170_x264_encoder\boards\evkmimxrt1170\x264_examples\sdcard_fatfs\cm7_itcm_org\iar\flexspi_nor_debug\obj\mc.o
#        C:\x64444\aia_mediaplay\SDK_1170_x264_encoder\boards\evkmimxrt1170\x264_examples\sdcard_fatfs\cm7_itcm_org\iar\flexspi_nor_debug\obj\me.o
#        C:\x64444\aia_mediaplay\SDK_1170_x264_encoder\boards\evkmimxrt1170\x264_examples\sdcard_fatfs\cm7_itcm_org\iar\flexspi_nor_debug\obj\mvpred.o
#        C:\x64444\aia_mediaplay\SDK_1170_x264_encoder\boards\evkmimxrt1170\x264_examples\sdcard_fatfs\cm7_itcm_org\iar\flexspi_nor_debug\obj\osdep.o
#        C:\x64444\aia_mediaplay\SDK_1170_x264_encoder\boards\evkmimxrt1170\x264_examples\sdcard_fatfs\cm7_itcm_org\iar\flexspi_nor_debug\obj\pin_mux.o
#        C:\x64444\aia_mediaplay\SDK_1170_x264_encoder\boards\evkmimxrt1170\x264_examples\sdcard_fatfs\cm7_itcm_org\iar\flexspi_nor_debug\obj\pixel.o
#        C:\x64444\aia_mediaplay\SDK_1170_x264_encoder\boards\evkmimxrt1170\x264_examples\sdcard_fatfs\cm7_itcm_org\iar\flexspi_nor_debug\obj\predict.o
#        C:\x64444\aia_mediaplay\SDK_1170_x264_encoder\boards\evkmimxrt1170\x264_examples\sdcard_fatfs\cm7_itcm_org\iar\flexspi_nor_debug\obj\quant.o
#        C:\x64444\aia_mediaplay\SDK_1170_x264_encoder\boards\evkmimxrt1170\x264_examples\sdcard_fatfs\cm7_itcm_org\iar\flexspi_nor_debug\obj\ratecontrol.o
#        C:\x64444\aia_mediaplay\SDK_1170_x264_encoder\boards\evkmimxrt1170\x264_examples\sdcard_fatfs\cm7_itcm_org\iar\flexspi_nor_debug\obj\raw.o
#        C:\x64444\aia_mediaplay\SDK_1170_x264_encoder\boards\evkmimxrt1170\x264_examples\sdcard_fatfs\cm7_itcm_org\iar\flexspi_nor_debug\obj\raw_input.o
#        C:\x64444\aia_mediaplay\SDK_1170_x264_encoder\boards\evkmimxrt1170\x264_examples\sdcard_fatfs\cm7_itcm_org\iar\flexspi_nor_debug\obj\rectangle.o
#        C:\x64444\aia_mediaplay\SDK_1170_x264_encoder\boards\evkmimxrt1170\x264_examples\sdcard_fatfs\cm7_itcm_org\iar\flexspi_nor_debug\obj\resize.o
#        C:\x64444\aia_mediaplay\SDK_1170_x264_encoder\boards\evkmimxrt1170\x264_examples\sdcard_fatfs\cm7_itcm_org\iar\flexspi_nor_debug\obj\sdcard_fatfs.o
#        C:\x64444\aia_mediaplay\SDK_1170_x264_encoder\boards\evkmimxrt1170\x264_examples\sdcard_fatfs\cm7_itcm_org\iar\flexspi_nor_debug\obj\sdmmc_config.o
#        C:\x64444\aia_mediaplay\SDK_1170_x264_encoder\boards\evkmimxrt1170\x264_examples\sdcard_fatfs\cm7_itcm_org\iar\flexspi_nor_debug\obj\select_every.o
#        C:\x64444\aia_mediaplay\SDK_1170_x264_encoder\boards\evkmimxrt1170\x264_examples\sdcard_fatfs\cm7_itcm_org\iar\flexspi_nor_debug\obj\set.o
#        C:\x64444\aia_mediaplay\SDK_1170_x264_encoder\boards\evkmimxrt1170\x264_examples\sdcard_fatfs\cm7_itcm_org\iar\flexspi_nor_debug\obj\set_encoder.o
#        C:\x64444\aia_mediaplay\SDK_1170_x264_encoder\boards\evkmimxrt1170\x264_examples\sdcard_fatfs\cm7_itcm_org\iar\flexspi_nor_debug\obj\slicetype.o
#        C:\x64444\aia_mediaplay\SDK_1170_x264_encoder\boards\evkmimxrt1170\x264_examples\sdcard_fatfs\cm7_itcm_org\iar\flexspi_nor_debug\obj\source.o
#        C:\x64444\aia_mediaplay\SDK_1170_x264_encoder\boards\evkmimxrt1170\x264_examples\sdcard_fatfs\cm7_itcm_org\iar\flexspi_nor_debug\obj\startup_MIMXRT1176_cm7.o
#        C:\x64444\aia_mediaplay\SDK_1170_x264_encoder\boards\evkmimxrt1170\x264_examples\sdcard_fatfs\cm7_itcm_org\iar\flexspi_nor_debug\obj\system_MIMXRT1176_cm7.o
#        C:\x64444\aia_mediaplay\SDK_1170_x264_encoder\boards\evkmimxrt1170\x264_examples\sdcard_fatfs\cm7_itcm_org\iar\flexspi_nor_debug\obj\threadpool.o
#        C:\x64444\aia_mediaplay\SDK_1170_x264_encoder\boards\evkmimxrt1170\x264_examples\sdcard_fatfs\cm7_itcm_org\iar\flexspi_nor_debug\obj\video.o
#        C:\x64444\aia_mediaplay\SDK_1170_x264_encoder\boards\evkmimxrt1170\x264_examples\sdcard_fatfs\cm7_itcm_org\iar\flexspi_nor_debug\obj\vlc.o
#        C:\x64444\aia_mediaplay\SDK_1170_x264_encoder\boards\evkmimxrt1170\x264_examples\sdcard_fatfs\cm7_itcm_org\iar\flexspi_nor_debug\obj\x264.o
#        --redirect _Printf=_PrintfSmallNoMb --redirect _Scanf=_ScanfSmallNoMb
#        --no_out_extension -o
#        C:\x64444\aia_mediaplay\SDK_1170_x264_encoder\boards\evkmimxrt1170\x264_examples\sdcard_fatfs\cm7_itcm_org\iar\flexspi_nor_debug\sdcard_fatfs_cm7.out
#        --map
#        C:\x64444\aia_mediaplay\SDK_1170_x264_encoder\boards\evkmimxrt1170\x264_examples\sdcard_fatfs\cm7_itcm_org\iar\flexspi_nor_debug\list\sdcard_fatfs_cm7.map
#        --config
#        C:\x64444\aia_mediaplay\SDK_1170_x264_encoder\boards\evkmimxrt1170\x264_examples\sdcard_fatfs\cm7_itcm_org\iar\MIMXRT1176xxxxx_cm7_flexspi_nor_sdram.icf
#        --semihosting --entry Reset_Handler --vfe --text_out locale)
#
###############################################################################

*******************************************************************************
*** RUNTIME MODEL ATTRIBUTES
***

CppFlavor       = *
__Heap_Handler  = DLMalloc
__SystemLibrary = DLib
__dlib_version  = 6


*******************************************************************************
*** HEAP SELECTION
***

The advanced heap was selected because the application calls memory
allocation functions outside of system library functions, and there
are calls to deallocation functions in the application.


*******************************************************************************
*** PLACEMENT SUMMARY
***

"A0":  place at address 0x3000'2000 { ro section .intvec };
"A1":  place at address 0x3000'0400 { section .boot_hdr.conf };
"A2":  place at address 0x3000'1000 { section .boot_hdr.ivt };
"A3":  place at address 0x3000'1020 { ro section .boot_hdr.boot_data };
"A4":  place at address 0x3000'1030 { ro section .boot_hdr.dcd_data };
"P1":  place in [from 0x3000'2000 to 0x3000'23ff] |
                [from 0x3000'2400 to 0x30ff'ffff] { ro };
define block RW { first rw, section m_usb_dma_init_data };
"P2":  place in [from 0x8000'0000 to 0x82fb'ffff] { block RW };
define block ZI
   with alignment = 32 { first zi, section m_usb_dma_noninit_data };
"P3":  place in [from 0x8000'0000 to 0x82fb'ffff] { block ZI };
define block HEAP with size = 16M, alignment = 8 { };
"P4":  place in [from 0x8000'0000 to 0x82fb'ffff] { last block HEAP };
define block CSTACK with size = 256K, alignment = 8 { };
"P5":  place in [from 0x82fc'0000 to 0x82ff'ffff] { block CSTACK };
define block NCACHE_VAR { section NonCacheable, section NonCacheable.init };
"P6":  place in [from 0x8300'0000 to 0x83ff'ffff] { block NCACHE_VAR };
"P7":  place in [from 0x0 to 0x6'ffff] {
          rw object dct.o, rw object deblock.o, rw object mc.o,
          rw object mvpred.o, rw object osdep.o, rw object pixel.o,
          rw object predict.o, rw object quant.o, rw object ratecontrol.o,
          rw object me.o, rw object bitstream.o,
          rw object macroblock_encoder.o, rw object frame.o,
          rw object cabac_encoder.o };
initialize by copy { rw, section .textrw };
initialize by copy {
   object dct.o, object deblock.o, object mc.o, object mvpred.o,
   object osdep.o, object pixel.o, object predict.o, object quant.o,
   object ratecontrol.o, object me.o, object bitstream.o,
   object macroblock_encoder.o, object frame.o, object cabac_encoder.o };
keep {
   section .boot_hdr.conf, section .boot_hdr.ivt, section .boot_hdr.boot_data,
   section .boot_hdr.dcd_data };

No sections matched the following patterns:

  section NonCacheable.init       in block NCACHE_VAR
  section m_usb_dma_init_data     in block RW
  section m_usb_dma_noninit_data  in block ZI


  Section              Kind         Address        Size  Object
  -------              ----         -------        ----  ------
"P7", part 1 of 2:                             0x2'096a
  P7 s0                                 0x0    0x2'096a  <Init block>
    Veneer             inited           0x0         0x8  - Linker created -
    Veneer             inited           0x8         0x8  - Linker created -
    Veneer             inited          0x10         0x8  - Linker created -
    Veneer             inited          0x18         0x8  - Linker created -
    Veneer             inited          0x20         0x8  - Linker created -
    Veneer             inited          0x28         0x8  - Linker created -
    Veneer             inited          0x30         0x8  - Linker created -
    Veneer             inited          0x38         0x8  - Linker created -
    Veneer             inited          0x40         0x8  - Linker created -
    Veneer             inited          0x48         0x8  - Linker created -
    Veneer             inited          0x50         0x8  - Linker created -
    Veneer             inited          0x58         0x8  - Linker created -
    Veneer             inited          0x60         0x8  - Linker created -
    Veneer             inited          0x68         0x8  - Linker created -
    Veneer             inited          0x70         0x8  - Linker created -
    Veneer             inited          0x78         0x8  - Linker created -
    Veneer             inited          0x80         0x8  - Linker created -
    Veneer             inited          0x88         0x8  - Linker created -
    Veneer             inited          0x90         0x8  - Linker created -
    Veneer             inited          0x98         0x8  - Linker created -
    Veneer             inited          0xa0         0x8  - Linker created -
    Veneer             inited          0xa8         0x8  - Linker created -
    Veneer             inited          0xb0         0x8  - Linker created -
    Veneer             inited          0xb8         0x8  - Linker created -
    Veneer             inited          0xc0         0x8  - Linker created -
    Veneer             inited          0xc8         0x8  - Linker created -
    Veneer             inited          0xd0         0x8  - Linker created -
    Veneer             inited          0xd8         0x8  - Linker created -
    Veneer             inited          0xe0         0x8  - Linker created -
    Veneer             inited          0xe8         0x8  - Linker created -
    Veneer             inited          0xf0         0x8  - Linker created -
    Veneer             inited          0xf8         0x8  - Linker created -
    Veneer             inited         0x100         0x8  - Linker created -
    Veneer             inited         0x108         0x8  - Linker created -
    Veneer             inited         0x110         0x8  - Linker created -
    Veneer             inited         0x118         0x8  - Linker created -
    Veneer             inited         0x120         0x8  - Linker created -
    Veneer             inited         0x128         0x8  - Linker created -
    Veneer             inited         0x130         0x8  - Linker created -
    Veneer             inited         0x138         0x8  - Linker created -
    Veneer             inited         0x140         0x8  - Linker created -
    Veneer             inited         0x148         0x8  - Linker created -
    Veneer             inited         0x150         0x8  - Linker created -
    Veneer             inited         0x158         0x8  - Linker created -
    Veneer             inited         0x160         0x8  - Linker created -
    Veneer             inited         0x168         0x8  - Linker created -
    Veneer             inited         0x170         0x8  - Linker created -
    Veneer             inited         0x178         0x8  - Linker created -
    Veneer             inited         0x180         0x8  - Linker created -
    Veneer             inited         0x188         0x8  - Linker created -
    Veneer             inited         0x190         0x8  - Linker created -
    Veneer             inited         0x198         0x8  - Linker created -
    .text              inited         0x1a0      0x592c  ratecontrol.o [1]
    Veneer             inited        0x5acc         0x8  - Linker created -
    .text              inited        0x5ad4      0x53b8  me.o [1]
    .text              inited        0xae8c      0x1048  mvpred.o [1]
    Veneer             inited        0xbed4         0x8  - Linker created -
    Veneer             inited        0xbedc         0x8  - Linker created -
    Veneer             inited        0xbee4         0x8  - Linker created -
    Veneer             inited        0xbeec         0x8  - Linker created -
    Veneer             inited        0xbef4         0x8  - Linker created -
    Veneer             inited        0xbefc         0x8  - Linker created -
    Veneer             inited        0xbf04         0x8  - Linker created -
    .text              inited        0xbf0c      0x38e4  macroblock_encoder.o [1]
    .text              inited        0xf7f0      0x33c0  pixel.o [1]
    .text              inited      0x1'2bb0      0x23cc  predict.o [1]
    Veneer             inited      0x1'4f7c         0x8  - Linker created -
    Veneer             inited      0x1'4f84         0x8  - Linker created -
    Veneer             inited      0x1'4f8c         0x8  - Linker created -
    Veneer             inited      0x1'4f94         0x8  - Linker created -
    Veneer             inited      0x1'4f9c         0x8  - Linker created -
    Veneer             inited      0x1'4fa4         0x8  - Linker created -
    .text              inited      0x1'4fac      0x22e0  cabac_encoder.o [1]
    .text              inited      0x1'728c      0x21a4  deblock.o [1]
    .text              inited      0x1'9430      0x1dcc  dct.o [1]
    Veneer             inited      0x1'b1fc         0x8  - Linker created -
    Veneer             inited      0x1'b204         0x8  - Linker created -
    .text              inited      0x1'b20c      0x1d48  mc.o [1]
    Veneer             inited      0x1'cf54         0x8  - Linker created -
    .text              inited      0x1'cf5c      0x1b70  frame.o [1]
    .text              inited      0x1'eacc       0xe9c  quant.o [1]
    .rodata            inited      0x1'f968       0x210  deblock.o [1]
    .rodata            inited      0x1'fb78       0x138  me.o [1]
    .rodata            inited      0x1'fcb0       0x128  cabac_encoder.o [1]
    .rodata            inited      0x1'fdd8       0x100  dct.o [1]
    .rodata            inited      0x1'fed8       0x100  dct.o [1]
    .text              inited      0x1'ffd8        0xf8  bitstream.o [1]
    .rodata            inited      0x2'00d0        0xec  ratecontrol.o [1]
    .rodata            inited      0x2'01bc        0xbc  ratecontrol.o [1]
    .rodata            inited      0x2'0278        0xb8  frame.o [1]
    .rodata            inited      0x2'0330        0xac  ratecontrol.o [1]
    .rodata            inited      0x2'03dc        0xa4  ratecontrol.o [1]
    .rodata            inited      0x2'0480        0x90  mc.o [1]
    .rodata            inited      0x2'0510        0x80  mvpred.o [1]
    .rodata            inited      0x2'0590        0x7c  frame.o [1]
    .rodata            inited      0x2'060c        0x5c  ratecontrol.o [1]
    .rodata            inited      0x2'0668        0x58  ratecontrol.o [1]
    .rodata            inited      0x2'06c0        0x40  dct.o [1]
    .rodata            inited      0x2'0700        0x40  dct.o [1]
    .rodata            inited      0x2'0740        0x40  quant.o [1]
    .rodata            inited      0x2'0780        0x3c  cabac_encoder.o [1]
    .rodata            inited      0x2'07bc        0x38  frame.o [1]
    .rodata            inited      0x2'07f4        0x38  me.o [1]
    .rodata            inited      0x2'082c        0x34  macroblock_encoder.o [1]
    .rodata            inited      0x2'0860        0x34  mvpred.o [1]
    .rodata            inited      0x2'0894        0x30  me.o [1]
    .rodata            inited      0x2'08c4        0x28  ratecontrol.o [1]
    .rodata            inited      0x2'08ec        0x20  macroblock_encoder.o [1]
    .data              inited      0x2'090c        0x18  mc.o [1]
    .data              inited      0x2'0924        0x10  cabac_encoder.o [1]
    .data              inited      0x2'0934        0x10  macroblock_encoder.o [1]
    .data              inited      0x2'0944        0x10  ratecontrol.o [1]
    .data              inited      0x2'0954        0x10  ratecontrol.o [1]
    .rodata            inited      0x2'0964         0x4  ratecontrol.o [1]
    .text              inited      0x2'0968         0x2  osdep.o [1]
                                 - 0x2'096a    0x2'096a

"P7", part 2 of 2:                                 0x84
  .bss                 zero        0x2'096c        0x80  me.o [1]
  .bss                 zero        0x2'09ec         0x4  me.o [1]
                                 - 0x2'09f0        0x84

"A1":                                             0x200
  .boot_hdr.conf       const    0x3000'0400       0x200  evkmimxrt1170_flexspi_nor_config.o [1]
                              - 0x3000'0600       0x200

"A2":                                              0x20
  .boot_hdr.ivt        const    0x3000'1000        0x20  fsl_flexspi_nor_boot.o [1]
                              - 0x3000'1020        0x20

"A3":                                              0x10
  .boot_hdr.boot_data  const    0x3000'1020        0x10  fsl_flexspi_nor_boot.o [1]
                              - 0x3000'1030        0x10

"A4":                                             0x508
  .boot_hdr.dcd_data   const    0x3000'1030       0x508  dcd.o [1]
                              - 0x3000'1538       0x508

"A0":                                             0x400
  .intvec              ro code  0x3000'2000       0x400  startup_MIMXRT1176_cm7.o [1]
                              - 0x3000'2400       0x400

"P1":                                          0x7'c473
  Veneer               ro code  0x3000'2400         0x8  - Linker created -
  Veneer               ro code  0x3000'2408         0x8  - Linker created -
  Veneer               ro code  0x3000'2410         0x8  - Linker created -
  Veneer               ro code  0x3000'2418         0x8  - Linker created -
  Veneer               ro code  0x3000'2420         0x8  - Linker created -
  Veneer               ro code  0x3000'2428         0x8  - Linker created -
  Veneer               ro code  0x3000'2430         0x8  - Linker created -
  Veneer               ro code  0x3000'2438         0x8  - Linker created -
  Veneer               ro code  0x3000'2440         0x8  - Linker created -
  Veneer               ro code  0x3000'2448         0x8  - Linker created -
  Veneer               ro code  0x3000'2450         0x8  - Linker created -
  Veneer               ro code  0x3000'2458         0x8  - Linker created -
  Veneer               ro code  0x3000'2460         0x8  - Linker created -
  Veneer               ro code  0x3000'2468         0x8  - Linker created -
  Veneer               ro code  0x3000'2470         0x8  - Linker created -
  Veneer               ro code  0x3000'2478         0x8  - Linker created -
  Veneer               ro code  0x3000'2480         0x8  - Linker created -
  Veneer               ro code  0x3000'2488         0x8  - Linker created -
  Veneer               ro code  0x3000'2490         0x8  - Linker created -
  Veneer               ro code  0x3000'2498         0x8  - Linker created -
  Veneer               ro code  0x3000'24a0         0x8  - Linker created -
  Veneer               ro code  0x3000'24a8         0x8  - Linker created -
  Veneer               ro code  0x3000'24b0         0x8  - Linker created -
  .text                ro code  0x3000'24b8    0x1'b280  analyse.o [1]
  .text                ro code  0x3001'd738        0x18  fsl_assert.o [1]
  .text                ro code  0x3001'd750        0xa6  ABImemcpy.o [4]
  .text                ro code  0x3001'd7f6        0x3a  zero_init3.o [4]
  .text                ro code  0x3001'd830         0x6  ABImemclr.o [4]
  .text                ro code  0x3001'd836        0x1e  xsscin.o [2]
  .text                ro code  0x3001'd854      0x3768  common.o [1]
  .text                ro code  0x3002'0fbc        0x24  S32ToFlt.o [3]
  .text                ro code  0x3002'0fe0        0xd8  FltMul.o [3]
  .text                ro code  0x3002'10b8        0xe2  FltAdd.o [3]
  .text                ro code  0x3002'119a        0x1a  xsnprout.o [2]
  .text                ro code  0x3002'11b4        0x2a  FltToS32.o [3]
  .text                ro code  0x3002'11de         0xa  xsprout.o [2]
  .text                ro code  0x3002'11e8       0x200  logx32.o [3]
  .text                ro code  0x3002'13e8        0xfc  FltDiv.o [3]
  .text                ro code  0x3002'14e4         0x6  ABImemclr4.o [4]
  .text                ro code  0x3002'14ea         0x2  startup_MIMXRT1176_cm7.o [1]
  Veneer               ro code  0x3002'14ec         0x8  - Linker created -
  .text                ro code  0x3002'14f4      0x41b0  macroblock.o [1]
  .text                ro code  0x3002'56a4       0x274  I64DivMod.o [4]
  .text                ro code  0x3002'5918       0x158  fsl_debug_console.o [1]
  .text                ro code  0x3002'5a70        0x66  ABImemset.o [4]
  .text                ro code  0x3002'5ad6         0x8  cpu.o [1]
  .text                ro code  0x3002'5ade         0x2  startup_MIMXRT1176_cm7.o [1]
  .text                ro code  0x3002'5ae0        0x3a  ABImemset48.o [4]
  .text                ro code  0x3002'5b1a        0x94  iar_Stolx.o [2]
  .text                ro code  0x3002'5bae        0x54  strcasecmp.o [2]
  .text                ro code  0x3002'5c02         0x2  startup_MIMXRT1176_cm7.o [1]
  .text                ro code  0x3002'5c04        0x36  strlen.o [4]
  .text                ro code  0x3002'5c3a         0x2  startup_MIMXRT1176_cm7.o [1]
  .text                ro code  0x3002'5c3c        0x8c  strcpy_fast.o [4]
  .text                ro code  0x3002'5cc8        0x4c  strtok.o [2]
  .text                ro code  0x3002'5d14        0x44  strncasecmp.o [2]
  .text                ro code  0x3002'5d58         0x4  heaptramp0.o [2]
  .text                ro code  0x3002'5d5c        0x60  strchr_fast.o [4]
  .text                ro code  0x3002'5dbc        0x28  sscanf.o [2]
  .text                ro code  0x3002'5de4        0x18  strdup.o [2]
  .text                ro code  0x3002'5dfc        0x28  strncmp.o [2]
  .text                ro code  0x3002'5e24        0xb0  strcmp_fast.o [4]
  .text                ro code  0x3002'5ed4        0x39  strtok_r.o [2]
  .text                ro code  0x3002'5f0e         0x2  startup_MIMXRT1176_cm7.o [1]
  .text                ro code  0x3002'5f10       0x40e  strto64.o [3]
  .text                ro code  0x3002'631e         0x2  startup_MIMXRT1176_cm7.o [1]
  .text                ro code  0x3002'6320        0x2e  DblCmpLe.o [3]
  .text                ro code  0x3002'634e         0x2  startup_MIMXRT1176_cm7.o [1]
  .text                ro code  0x3002'6350       0x1a2  DblMul.o [3]
  .text                ro code  0x3002'64f2         0x2  startup_MIMXRT1176_cm7.o [1]
  .text                ro code  0x3002'64f4       0x17a  DblAdd.o [3]
  .text                ro code  0x3002'666e         0x2  startup_MIMXRT1176_cm7.o [1]
  .text                ro code  0x3002'6670        0x3a  DblToS32.o [3]
  .rodata              const    0x3002'66aa         0x1  common.o [1]
  .rodata              const    0x3002'66ab         0x1  cpu.o [1]
  .text                ro code  0x3002'66ac        0x2e  DblCmpGe.o [3]
  .text                ro code  0x3002'66da        0x2c  strstr.o [2]
  .text                ro code  0x3002'6708        0x68  DblToFlt.o [3]
  .text                ro code  0x3002'6770      0x14dc  dlmalloc.o [2]
  .text                ro code  0x3002'7c4c        0x40  sprintf.o [2]
  .text                ro code  0x3002'7c8c        0x48  FltToDbl.o [3]
  .text                ro code  0x3002'7cd4        0x80  FltSub.o [3]
  .text                ro code  0x3002'7d54        0x40  frexpf.o [3]
  .text                ro code  0x3002'7d94        0x24  errno.o [2]
  .text                ro code  0x3002'7db8        0x8a  ldexpf.o [3]
  .text                ro code  0x3002'7e44         0x2  I64DivZer.o [4]
  .text                ro code  0x3002'7e46        0xd2  fsl_component_serial_manager.o [1]
  .text                ro code  0x3002'7f18       0x244  fsl_str.o [1]
  .text                ro code  0x3002'815c       0x14a  iar_Stoulx.o [2]
  .text                ro code  0x3002'82a6         0xc  tolower.o [2]
  .text                ro code  0x3002'82b2        0x22  strspn.o [2]
  .text                ro code  0x3002'82d4        0x22  strcspn.o [2]
  .text                ro code  0x3002'82f8       0x684  xscanfsmall_nomb.o [2]
  .text                ro code  0x3002'897c        0x70  frexp.o [3]
  .text                ro code  0x3002'89ec       0x13a  ldexp.o [3]
  .text                ro code  0x3002'8b28       0x246  DblDiv.o [3]
  .text                ro code  0x3002'8d6e       0x120  iar_Stopfx.o [2]
  .text                ro code  0x3002'8e90       0x1a8  iar_Stoflt.o [2]
  .text                ro code  0x3002'9038        0x22  S32ToDbl.o [3]
  .text                ro code  0x3002'905c       0x20c  iar_Stoxflt.o [2]
  .text                ro code  0x3002'9268        0xe2  DblSub.o [3]
  .text                ro code  0x3002'934a         0x6  abort.o [2]
  .text                ro code  0x3002'9350        0x2c  xgetmemchunk.o [2]
  .text                ro code  0x3002'937c       0x501  xprintfsmall_nomb.o [2]
  .text                ro code  0x3002'987e         0x4  tp_nothreads.o [2]
  .text                ro code  0x3002'9882        0x28  fsl_component_serial_port_uart.o [1]
  .text                ro code  0x3002'98ac        0x58  memchr.o [4]
  .text                ro code  0x3002'9904        0x40  xfail_s.o [2]
  .text                ro code  0x3002'9944        0x14  exit.o [5]
  .text                ro code  0x3002'9958       0x130  fsl_adapter_lpuart.o [1]
  .text                ro code  0x3002'9a88        0x7c  iarttio.o [5]
  .text                ro code  0x3002'9b04       0x484  fsl_lpuart.o [1]
  .text                ro code  0x3002'9f88        0x3c  XShttio.o [2]
  Veneer               ro code  0x3002'9fc4         0x8  - Linker created -
  Veneer               ro code  0x3002'9fcc         0x8  - Linker created -
  Veneer               ro code  0x3002'9fd4         0x8  - Linker created -
  Veneer               ro code  0x3002'9fdc         0x8  - Linker created -
  Veneer               ro code  0x3002'9fe4         0x8  - Linker created -
  Veneer               ro code  0x3002'9fec         0x8  - Linker created -
  Veneer               ro code  0x3002'9ff4         0x8  - Linker created -
  Veneer               ro code  0x3002'9ffc         0x8  - Linker created -
  Veneer               ro code  0x3002'a004         0x8  - Linker created -
  Veneer               ro code  0x3002'a00c         0x8  - Linker created -
  Veneer               ro code  0x3002'a014         0x8  - Linker created -
  Veneer               ro code  0x3002'a01c         0x8  - Linker created -
  Veneer               ro code  0x3002'a024         0x8  - Linker created -
  Veneer               ro code  0x3002'a02c         0x8  - Linker created -
  Veneer               ro code  0x3002'a034         0x8  - Linker created -
  Veneer               ro code  0x3002'a03c         0x8  - Linker created -
  Veneer               ro code  0x3002'a044         0x8  - Linker created -
  Veneer               ro code  0x3002'a04c         0x8  - Linker created -
  Veneer               ro code  0x3002'a054         0x8  - Linker created -
  Veneer               ro code  0x3002'a05c         0x8  - Linker created -
  Veneer               ro code  0x3002'a064         0x8  - Linker created -
  Veneer               ro code  0x3002'a06c         0x8  - Linker created -
  Veneer               ro code  0x3002'a074         0x8  - Linker created -
  Veneer               ro code  0x3002'a07c         0x8  - Linker created -
  Veneer               ro code  0x3002'a084         0x8  - Linker created -
  Veneer               ro code  0x3002'a08c         0x8  - Linker created -
  Veneer               ro code  0x3002'a094         0x8  - Linker created -
  Veneer               ro code  0x3002'a09c         0x8  - Linker created -
  Veneer               ro code  0x3002'a0a4         0x8  - Linker created -
  Veneer               ro code  0x3002'a0ac         0x8  - Linker created -
  Veneer               ro code  0x3002'a0b4         0x8  - Linker created -
  Veneer               ro code  0x3002'a0bc         0x8  - Linker created -
  Veneer               ro code  0x3002'a0c4         0x8  - Linker created -
  Veneer               ro code  0x3002'a0cc         0x8  - Linker created -
  Veneer               ro code  0x3002'a0d4         0x8  - Linker created -
  Veneer               ro code  0x3002'a0dc         0x8  - Linker created -
  Veneer               ro code  0x3002'a0e4         0x8  - Linker created -
  Veneer               ro code  0x3002'a0ec         0x8  - Linker created -
  Veneer               ro code  0x3002'a0f4         0x8  - Linker created -
  Veneer               ro code  0x3002'a0fc         0x8  - Linker created -
  Veneer               ro code  0x3002'a104         0x8  - Linker created -
  Veneer               ro code  0x3002'a10c         0x8  - Linker created -
  Veneer               ro code  0x3002'a114         0x8  - Linker created -
  Veneer               ro code  0x3002'a11c         0x8  - Linker created -
  Veneer               ro code  0x3002'a124         0x8  - Linker created -
  Veneer               ro code  0x3002'a12c         0x8  - Linker created -
  Veneer               ro code  0x3002'a134         0x8  - Linker created -
  Veneer               ro code  0x3002'a13c         0x8  - Linker created -
  Veneer               ro code  0x3002'a144         0x8  - Linker created -
  Veneer               ro code  0x3002'a14c         0x8  - Linker created -
  Veneer               ro code  0x3002'a154         0x8  - Linker created -
  Veneer               ro code  0x3002'a15c         0x8  - Linker created -
  Veneer               ro code  0x3002'a164         0x8  - Linker created -
  Veneer               ro code  0x3002'a16c         0x8  - Linker created -
  Veneer               ro code  0x3002'a174         0x8  - Linker created -
  Veneer               ro code  0x3002'a17c         0x8  - Linker created -
  Veneer               ro code  0x3002'a184         0x8  - Linker created -
  .text                ro code  0x3002'a18c      0xa0d4  encoder.o [1]
  .text                ro code  0x3003'4260        0x1c  FltCmpEq.o [3]
  .text                ro code  0x3003'427c        0x24  FltCmpGe.o [3]
  .text                ro code  0x3003'42a0        0x24  FltCmpLe.o [3]
  .text                ro code  0x3003'42c4        0x1c  U32ToFlt.o [3]
  .text                ro code  0x3003'42e0      0x2ea8  set_encoder.o [1]
  .text                ro code  0x3003'7188       0xe68  set.o [1]
  .text                ro code  0x3003'7ff0       0x364  cabac.o [1]
  .text                ro code  0x3003'8354       0x240  vlc.o [1]
  .text                ro code  0x3003'8594       0x754  pow64.o [3]
  Veneer               ro code  0x3003'8ce8         0x8  - Linker created -
  Veneer               ro code  0x3003'8cf0         0x8  - Linker created -
  Veneer               ro code  0x3003'8cf8         0x8  - Linker created -
  .text                ro code  0x3003'8d00       0x310  lookahead.o [1]
  .text                ro code  0x3003'9010        0x44  snprintf.o [2]
  .text                ro code  0x3003'9054      0x26ec  cavlc.o [1]
  .text                ro code  0x3003'b740        0x96  ABImemmove.o [4]
  .text                ro code  0x3003'b7d8        0x52  S64ToDbl.o [3]
  .text                ro code  0x3003'b82c       0x34c  logx64.o [3]
  .text                ro code  0x3003'bb78        0x20  DblCmpEq.o [3]
  .text                ro code  0x3003'bb98        0x68  memcmp.o [4]
  .text                ro code  0x3003'bc00        0x22  I64Shl.o [4]
  .text                ro code  0x3003'bc22        0x24  strpbrk.o [2]
  .text                ro code  0x3003'bc48       0x36c  iar_Exp64.o [3]
  Veneer               ro code  0x3003'bfb4         0x8  - Linker created -
  Veneer               ro code  0x3003'bfbc         0x8  - Linker created -
  .text                ro code  0x3003'bfc4      0x4f28  slicetype.o [1]
  .text                ro code  0x3004'0eec        0x48  U64ToFlt.o [3]
  .text                ro code  0x3004'0f34        0x74  sqrtf.o [3]
  .text                ro code  0x3004'0fa8        0x52  round.o [3]
  .text                ro code  0x3004'0ffc        0x1a  U32ToDbl.o [3]
  .rodata              const    0x3004'1018      0x7378  ffunicode.o [1]
  .rodata              const    0x3004'8390      0x7378  ffunicode.o [1]
  .text                ro code  0x3004'f708      0x20d8  fsl_sd.o [1]
  .text                ro code  0x3005'17e0       0x724  fsl_sdmmc_host.o [1]
  .text                ro code  0x3005'1f04       0x168  fsl_sdmmc_common.o [1]
  .text                ro code  0x3005'206c       0x14c  fsl_sdmmc_osa.o [1]
  .text                ro code  0x3005'21b8       0xebc  fsl_usdhc.o [1]
  .text                ro code  0x3005'3074        0xd8  fsl_os_abstraction_bm.o [1]
  .text                ro code  0x3005'314c        0x90  fsl_common.o [1]
  .text                ro code  0x3005'31dc        0x78  fsl_cache.o [1]
  .text                ro code  0x3005'3254      0x20bc  ff.o [1]
  .text                ro code  0x3005'5310        0x3c  diskio.o [1]
  .text                ro code  0x3005'534c       0x150  ffunicode.o [1]
  .text                ro code  0x3005'549c        0xcc  fsl_sd_disk.o [1]
  .rodata              const    0x3005'5568      0x2000  cabac.o [1]
  .rodata              const    0x3005'7568      0x14a0  slicetype.o [1]
  Veneer               ro code  0x3005'8a08         0x8  - Linker created -
  .text                ro code  0x3005'8a10       0xe4c  x264.o [1]
  .text                ro code  0x3005'985c       0x110  gpt.o [1]
  .text                ro code  0x3005'996c       0x190  video.o [1]
  .text                ro code  0x3005'9afc       0x1a8  fmod.o [3]
  .text                ro code  0x3005'9ca4        0x22  FltToU32.o [3]
  .text                ro code  0x3005'9cc8        0x5c  DblToS64.o [3]
  .text                ro code  0x3005'9d24       0x1bc  fsl_gpt.o [1]
  .text                ro code  0x3005'9ee0       0x880  fsl_clock.o [1]
  .text                ro code  0x3005'a760        0x54  fsl_anatop.o [1]
  .text                ro code  0x3005'a7b4       0x3d0  fsl_anatop_ai.o [1]
  .text                ro code  0x3005'ab84        0x28  DblToU32.o [3]
  .rodata              const    0x3005'abac       0xbe8  analyse.o [1]
  .rodata              const    0x3005'b794       0x904  common.o [1]
  .rodata              const    0x3005'c098       0x728  encoder.o [1]
  .text                ro code  0x3005'c7c0       0x728  depth.o [1]
  .text                ro code  0x3005'cee8       0x298  input.o [1]
  .text                ro code  0x3005'd180       0x2a4  filters.o [1]
  .text                ro code  0x3005'd424        0x3a  FltToU64.o [3]
  .rodata              const    0x3005'd460       0x5a8  encoder.o [1]
  .rodata              const    0x3005'da08       0x430  fsl_clock.o [1]
  .rodata              const    0x3005'de38       0x420  pow64.o [3]
  .text                ro code  0x3005'e258       0x408  board.o [1]
  .rodata              const    0x3005'e660       0x3f8  set_encoder.o [1]
  .text                ro code  0x3005'ea58       0x390  pow32.o [3]
  .text                ro code  0x3005'ede8       0x244  iar_Exp32.o [3]
  .rodata              const    0x3005'f02c        0x7c  fsl_sd.o [1]
  .rodata              const    0x3005'f0a8       0x368  analyse.o [1]
  .text                ro code  0x3005'f410       0x324  select_every.o [1]
  .text                ro code  0x3005'f734        0x28  printf.o [2]
  .rodata              const    0x3005'f75c       0x314  x264.o [1]
  .rodata              const    0x3005'fa70       0x300  input.o [1]
  .rodata              const    0x3005'fd70       0x300  vlc.o [1]
  .text                ro code  0x3006'0070       0x2dc  crop.o [1]
  .rodata              const    0x3006'034c       0x2d0  board.o [1]
  .rodata              const    0x3006'061c       0x2d0  clock_config.o [1]
  .rodata              const    0x3006'08ec       0x2d0  sdmmc_config.o [1]
  .rodata              const    0x3006'0bbc       0x2b0  ffunicode.o [1]
  .text                ro code  0x3006'0e6c       0x268  raw_input.o [1]
  .rodata              const    0x3006'10d4       0x264  cavlc.o [1]
  .rodata              const    0x3006'1338       0x240  set_encoder.o [1]
  .text                ro code  0x3006'1578       0x234  clock_config.o [1]
  .text                ro code  0x3006'17ac       0x22c  fsl_pmu.o [1]
  .text                ro code  0x3006'19d8       0x234  sdmmc_config.o [1]
  .text                ro code  0x3006'1c0c       0x188  fsl_gpio.o [1]
  .rodata              const    0x3006'1d94       0x230  fsl_usdhc.o [1]
  .rodata              const    0x3006'1fc4       0x200  analyse.o [1]
  .rodata              const    0x3006'21c4       0x200  cabac.o [1]
  .text                ro code  0x3006'23c4       0x1f0  lz77_init.o [4]
  .rodata              const    0x3006'25b4       0x1e0  vlc.o [1]
  .text                ro code  0x3006'2794       0x1d8  cache.o [1]
  .text                ro code  0x3006'296c       0x158  internal.o [1]
  .text                ro code  0x3006'2ac4       0x1ba  system_MIMXRT1176_cm7.o [1]
  .text                ro code  0x3006'2c80       0x196  fix_vfr_pts.o [1]
  .rodata              const    0x3006'2e18       0x158  encoder.o [1]
  .text                ro code  0x3006'2f70       0x14c  sdcard_fatfs.o [1]
  .text                ro code  0x3006'30bc        0x94  pin_mux.o [1]
  .rodata              const    0x3006'3150       0x148  slicetype.o [1]
  .rodata              const    0x3006'3298       0x11c  encoder.o [1]
  .rodata              const    0x3006'33b4       0x11c  fsl_lpuart.o [1]
  .rodata              const    0x3006'34d0       0x118  select_every.o [1]
  .text                ro code  0x3006'35e8       0x10c  raw.o [1]
  .rodata              const    0x3006'36f4       0x100  cabac.o [1]
  .rodata              const    0x3006'37f4       0x100  slicetype.o [1]
  .rodata              const    0x3006'38f4        0xfc  fsl_adapter_lpuart.o [1]
  .text                ro code  0x3006'39f0        0xf2  sqrt.o [3]
  .rodata              const    0x3006'3ae4        0xe4  fsl_gpt.o [1]
  .rodata              const    0x3006'3bc8        0xe0  vlc.o [1]
  .rodata              const    0x3006'3ca8        0xd4  common.o [1]
  .rodata              const    0x3006'3d7c        0xd0  fsl_gpio.o [1]
  .text                ro code  0x3006'3e4c        0xcc  source.o [1]
  .rodata              const    0x3006'3f18        0xc4  set.o [1]
  .rodata              const    0x3006'3fdc        0xb8  common.o [1]
  .rodata              const    0x3006'4094        0xb8  macroblock.o [1]
  .rodata              const    0x3006'414c        0xa4  filters.o [1]
  .rodata              const    0x3006'41f0        0x98  common.o [1]
  .rodata              const    0x3006'4288        0x84  analyse.o [1]
  .rodata              const    0x3006'430c        0x80  analyse.o [1]
  .rodata              const    0x3006'438c        0x80  fsl_sdmmc_common.o [1]
  .rodata              const    0x3006'440c        0x80  lookahead.o [1]
  .rodata              const    0x3006'448c        0x80  set.o [1]
  .rodata              const    0x3006'450c        0x80  slicetype.o [1]
  .rodata              const    0x3006'458c        0x7c  sdmmc_config.o [1]
  .rodata              const    0x3006'4608        0x78  encoder.o [1]
  .rodata              const    0x3006'4680        0x74  board.o [1]
  .rodata              const    0x3006'46f4        0x74  crop.o [1]
  .text                ro code  0x3006'4768        0x74  resize.o [1]
  .rodata              const    0x3006'47dc        0x70  set_encoder.o [1]
  .rodata              const    0x3006'484c        0x70  vlc.o [1]
  .text                ro code  0x3006'48bc        0x6c  startup_MIMXRT1176_cm7.o [1]
  .rodata              const    0x3006'4928        0x68  fsl_sdmmc_host.o [1]
  .rodata              const    0x3006'4990        0x68  sdcard_fatfs.o [1]
  .rodata              const    0x3006'49f8        0x68  x264.o [1]
  .rodata              const    0x3006'4a60        0x60  common.o [1]
  .rodata              const    0x3006'4ac0        0x5c  crop.o [1]
  .rodata              const    0x3006'4b1c        0x5c  fsl_anatop_ai.o [1]
  .rodata              const    0x3006'4b78        0x58  fsl_common.o [1]
  .rodata              const    0x3006'4bd0        0x58  fsl_os_abstraction_bm.o [1]
  .rodata              const    0x3006'4c28        0x58  fsl_sd.o [1]
  .rodata              const    0x3006'4c80        0x54  fsl_pmu.o [1]
  .rodata              const    0x3006'4cd4        0x54  fsl_sdmmc_osa.o [1]
  .rodata              const    0x3006'4d28        0x50  macroblock.o [1]
  .rodata              const    0x3006'4d78        0x50  slicetype.o [1]
  .rodata              const    0x3006'4dc8        0x50  iar_Stoulx.o [2]
  .rodata              const    0x3006'4e18        0x4c  depth.o [1]
  .rodata              const    0x3006'4e64        0x4c  raw_input.o [1]
  .rodata              const    0x3006'4eb0        0x48  strto64.o [3]
  .text                ro code  0x3006'4ef8        0x46  U64ToDbl.o [3]
  .rodata              const    0x3006'4f40        0x40  analyse.o [1]
  .rodata              const    0x3006'4f80        0x40  cabac.o [1]
  .rodata              const    0x3006'4fc0        0x40  cabac.o [1]
  .rodata              const    0x3006'5000        0x40  fsl_sdmmc_common.o [1]
  .rodata              const    0x3006'5040        0x38  gpt.o [1]
  .rodata              const    0x3006'5078        0x34  cavlc.o [1]
  .rodata              const    0x3006'50ac        0x34  macroblock.o [1]
  .rodata              const    0x3006'50e0        0x34  set_encoder.o [1]
  .rodata              const    0x3006'5114        0x2c  cache.o [1]
  .rodata              const    0x3006'5140        0x2c  fsl_assert.o [1]
  .rodata              const    0x3006'516c        0x28  raw.o [1]
  .rodata              const    0x3006'5194        0x28  set.o [1]
  .text                ro code  0x3006'51bc        0x28  exp64.o [3]
  .text                ro code  0x3006'51e4        0x28  data_init.o [4]
  .rodata              const    0x3006'520c        0x24  encoder.o [1]
  .rodata              const    0x3006'5230        0x24  resize.o [1]
  .rodata              const    0x3006'5254        0x24  set_encoder.o [1]
  .rodata              const    0x3006'5278        0x24  xscanfsmall_nomb.o [2]
  .text                ro code  0x3006'529c        0x22  iarwrite.o [5]
  .iar.init_table      const    0x3006'52c0        0x58  - Linker created -
  .text                ro code  0x3006'5318        0x20  putchar.o [2]
  .text                ro code  0x3006'5338        0x10  write.o [5]
  .text                ro code  0x3006'5348        0x1e  dwrite.o [5]
  .text                ro code  0x3006'5366        0x20  iarwstd.o [5]
  .text                ro code  0x3006'5388        0x1e  U64Shr.o [4]
  .text                ro code  0x3006'53a8        0x1e  cmain.o [4]
  .text                ro code  0x3006'53c6         0x4  low_level_init.o [2]
  .text                ro code  0x3006'53ca         0x4  exit.o [2]
  .text                ro code  0x3006'53d0         0xa  cexit.o [4]
  .rodata              const    0x3006'53dc        0x18  raw_input.o [1]
  .rodata              const    0x3006'53f4        0x18  vlc.o [1]
  .text                ro code  0x3006'540c        0x16  xprout.o [2]
  .rodata              const    0x3006'5424        0x14  raw.o [1]
  .rodata              const    0x3006'5438        0x10  common.o [1]
  .rodata              const    0x3006'5448        0x10  common.o [1]
  .rodata              const    0x3006'5458         0xc  common.o [1]
  .rodata              const    0x3006'5464         0xc  common.o [1]
  .rodata              const    0x3006'5470         0xc  common.o [1]
  .rodata              const    0x3006'547c         0xc  common.o [1]
  .rodata              const    0x3006'5488         0xc  common.o [1]
  .rodata              const    0x3006'5494         0xc  common.o [1]
  .rodata              const    0x3006'54a0         0xc  common.o [1]
  .rodata              const    0x3006'54ac         0xc  common.o [1]
  .rodata              const    0x3006'54b8         0xc  common.o [1]
  .rodata              const    0x3006'54c4         0xc  common.o [1]
  .rodata              const    0x3006'54d0         0xc  common.o [1]
  .rodata              const    0x3006'54dc         0xc  common.o [1]
  .rodata              const    0x3006'54e8         0xc  fix_vfr_pts.o [1]
  .rodata              const    0x3006'54f4         0xc  vlc.o [1]
  .text                ro code  0x3006'5500         0xc  memcpy.o [4]
  .text                ro code  0x3006'550c         0xc  cstartup_M.o [4]
  .rodata              const    0x3006'5518         0x8  common.o [1]
  .rodata              const    0x3006'5520         0x8  common.o [1]
  .rodata              const    0x3006'5528         0x8  common.o [1]
  .rodata              const    0x3006'5530         0x8  common.o [1]
  .rodata              const    0x3006'5538         0x8  common.o [1]
  .rodata              const    0x3006'5540         0x8  common.o [1]
  .rodata              const    0x3006'5548         0x8  common.o [1]
  .rodata              const    0x3006'5550         0x8  common.o [1]
  .rodata              const    0x3006'5558         0x8  common.o [1]
  .rodata              const    0x3006'5560         0x8  common.o [1]
  .rodata              const    0x3006'5568         0x8  common.o [1]
  .rodata              const    0x3006'5570         0x8  common.o [1]
  .rodata              const    0x3006'5578         0x8  common.o [1]
  .rodata              const    0x3006'5580         0x8  common.o [1]
  .rodata              const    0x3006'5588         0x8  common.o [1]
  .rodata              const    0x3006'5590         0x8  common.o [1]
  .rodata              const    0x3006'5598         0x8  common.o [1]
  .rodata              const    0x3006'55a0         0x8  common.o [1]
  .rodata              const    0x3006'55a8         0x8  common.o [1]
  .rodata              const    0x3006'55b0         0x8  common.o [1]
  .rodata              const    0x3006'55b8         0x8  cpu.o [1]
  .rodata              const    0x3006'55c0         0x8  crop.o [1]
  .rodata              const    0x3006'55c8         0x8  crop.o [1]
  .rodata              const    0x3006'55d0         0x8  crop.o [1]
  .rodata              const    0x3006'55d8         0x8  encoder.o [1]
  .rodata              const    0x3006'55e0         0x8  encoder.o [1]
  .rodata              const    0x3006'55e8         0x8  encoder.o [1]
  .rodata              const    0x3006'55f0         0x8  encoder.o [1]
  .rodata              const    0x3006'55f8         0x8  input.o [1]
  .rodata              const    0x3006'5600         0x8  input.o [1]
  .rodata              const    0x3006'5608         0x8  input.o [1]
  .rodata              const    0x3006'5610         0x8  input.o [1]
  .rodata              const    0x3006'5618         0x8  input.o [1]
  .rodata              const    0x3006'5620         0x8  input.o [1]
  .rodata              const    0x3006'5628         0x8  input.o [1]
  .rodata              const    0x3006'5630         0x8  input.o [1]
  .rodata              const    0x3006'5638         0x8  input.o [1]
  .rodata              const    0x3006'5640         0x8  input.o [1]
  .rodata              const    0x3006'5648         0x8  input.o [1]
  .rodata              const    0x3006'5650         0x8  input.o [1]
  .rodata              const    0x3006'5658         0x8  slicetype.o [1]
  .rodata              const    0x3006'5660         0x8  slicetype.o [1]
  .rodata              const    0x3006'5668         0x8  slicetype.o [1]
  .rodata              const    0x3006'5670         0x8  source.o [1]
  .text                ro code  0x3006'5678         0x8  startup_MIMXRT1176_cm7.o [1]
  .text                ro code  0x3006'5680         0x8  startup_MIMXRT1176_cm7.o [1]
  .text                ro code  0x3006'5688         0x8  startup_MIMXRT1176_cm7.o [1]
  .text                ro code  0x3006'5690         0x8  startup_MIMXRT1176_cm7.o [1]
  .text                ro code  0x3006'5698         0x8  startup_MIMXRT1176_cm7.o [1]
  .text                ro code  0x3006'56a0         0x8  startup_MIMXRT1176_cm7.o [1]
  .text                ro code  0x3006'56a8         0x8  startup_MIMXRT1176_cm7.o [1]
  .text                ro code  0x3006'56b0         0x8  startup_MIMXRT1176_cm7.o [1]
  .text                ro code  0x3006'56b8         0x8  startup_MIMXRT1176_cm7.o [1]
  .text                ro code  0x3006'56c0         0x8  startup_MIMXRT1176_cm7.o [1]
  .text                ro code  0x3006'56c8         0x8  startup_MIMXRT1176_cm7.o [1]
  .text                ro code  0x3006'56d0         0x8  startup_MIMXRT1176_cm7.o [1]
  .text                ro code  0x3006'56d8         0x8  startup_MIMXRT1176_cm7.o [1]
  .text                ro code  0x3006'56e0         0x8  startup_MIMXRT1176_cm7.o [1]
  .text                ro code  0x3006'56e8         0x8  startup_MIMXRT1176_cm7.o [1]
  .text                ro code  0x3006'56f0         0x8  startup_MIMXRT1176_cm7.o [1]
  .text                ro code  0x3006'56f8         0x8  startup_MIMXRT1176_cm7.o [1]
  .text                ro code  0x3006'5700         0x8  startup_MIMXRT1176_cm7.o [1]
  .text                ro code  0x3006'5708         0x8  startup_MIMXRT1176_cm7.o [1]
  .text                ro code  0x3006'5710         0x8  startup_MIMXRT1176_cm7.o [1]
  .text                ro code  0x3006'5718         0x8  startup_MIMXRT1176_cm7.o [1]
  .text                ro code  0x3006'5720         0x8  startup_MIMXRT1176_cm7.o [1]
  .text                ro code  0x3006'5728         0x8  startup_MIMXRT1176_cm7.o [1]
  .text                ro code  0x3006'5730         0x8  startup_MIMXRT1176_cm7.o [1]
  .text                ro code  0x3006'5738         0x8  startup_MIMXRT1176_cm7.o [1]
  .text                ro code  0x3006'5740         0x8  startup_MIMXRT1176_cm7.o [1]
  .text                ro code  0x3006'5748         0x8  startup_MIMXRT1176_cm7.o [1]
  .text                ro code  0x3006'5750         0x8  startup_MIMXRT1176_cm7.o [1]
  .text                ro code  0x3006'5758         0x8  startup_MIMXRT1176_cm7.o [1]
  .text                ro code  0x3006'5760         0x8  startup_MIMXRT1176_cm7.o [1]
  .text                ro code  0x3006'5768         0x8  startup_MIMXRT1176_cm7.o [1]
  .text                ro code  0x3006'5770         0x8  startup_MIMXRT1176_cm7.o [1]
  .text                ro code  0x3006'5778         0x8  startup_MIMXRT1176_cm7.o [1]
  .text                ro code  0x3006'5780         0x8  startup_MIMXRT1176_cm7.o [1]
  .text                ro code  0x3006'5788         0x8  startup_MIMXRT1176_cm7.o [1]
  .text                ro code  0x3006'5790         0x8  startup_MIMXRT1176_cm7.o [1]
  .text                ro code  0x3006'5798         0x8  startup_MIMXRT1176_cm7.o [1]
  .text                ro code  0x3006'57a0         0x8  startup_MIMXRT1176_cm7.o [1]
  .text                ro code  0x3006'57a8         0x8  startup_MIMXRT1176_cm7.o [1]
  .text                ro code  0x3006'57b0         0x8  startup_MIMXRT1176_cm7.o [1]
  .text                ro code  0x3006'57b8         0x8  startup_MIMXRT1176_cm7.o [1]
  .text                ro code  0x3006'57c0         0x8  startup_MIMXRT1176_cm7.o [1]
  .text                ro code  0x3006'57c8         0x8  startup_MIMXRT1176_cm7.o [1]
  .text                ro code  0x3006'57d0         0x8  startup_MIMXRT1176_cm7.o [1]
  .text                ro code  0x3006'57d8         0x8  startup_MIMXRT1176_cm7.o [1]
  .text                ro code  0x3006'57e0         0x8  startup_MIMXRT1176_cm7.o [1]
  .text                ro code  0x3006'57e8         0x8  startup_MIMXRT1176_cm7.o [1]
  .text                ro code  0x3006'57f0         0x8  startup_MIMXRT1176_cm7.o [1]
  .text                ro code  0x3006'57f8         0x8  startup_MIMXRT1176_cm7.o [1]
  .text                ro code  0x3006'5800         0x8  startup_MIMXRT1176_cm7.o [1]
  .text                ro code  0x3006'5808         0x8  startup_MIMXRT1176_cm7.o [1]
  .text                ro code  0x3006'5810         0x8  startup_MIMXRT1176_cm7.o [1]
  .text                ro code  0x3006'5818         0x8  startup_MIMXRT1176_cm7.o [1]
  .text                ro code  0x3006'5820         0x8  startup_MIMXRT1176_cm7.o [1]
  .text                ro code  0x3006'5828         0x8  startup_MIMXRT1176_cm7.o [1]
  .text                ro code  0x3006'5830         0x8  startup_MIMXRT1176_cm7.o [1]
  .text                ro code  0x3006'5838         0x8  startup_MIMXRT1176_cm7.o [1]
  .text                ro code  0x3006'5840         0x8  startup_MIMXRT1176_cm7.o [1]
  .text                ro code  0x3006'5848         0x8  startup_MIMXRT1176_cm7.o [1]
  .text                ro code  0x3006'5850         0x8  startup_MIMXRT1176_cm7.o [1]
  .text                ro code  0x3006'5858         0x8  startup_MIMXRT1176_cm7.o [1]
  .text                ro code  0x3006'5860         0x8  startup_MIMXRT1176_cm7.o [1]
  .text                ro code  0x3006'5868         0x8  startup_MIMXRT1176_cm7.o [1]
  .text                ro code  0x3006'5870         0x8  startup_MIMXRT1176_cm7.o [1]
  .text                ro code  0x3006'5878         0x8  startup_MIMXRT1176_cm7.o [1]
  .text                ro code  0x3006'5880         0x8  startup_MIMXRT1176_cm7.o [1]
  .text                ro code  0x3006'5888         0x8  startup_MIMXRT1176_cm7.o [1]
  .text                ro code  0x3006'5890         0x8  startup_MIMXRT1176_cm7.o [1]
  .text                ro code  0x3006'5898         0x8  startup_MIMXRT1176_cm7.o [1]
  .text                ro code  0x3006'58a0         0x8  startup_MIMXRT1176_cm7.o [1]
  .text                ro code  0x3006'58a8         0x8  startup_MIMXRT1176_cm7.o [1]
  .text                ro code  0x3006'58b0         0x8  startup_MIMXRT1176_cm7.o [1]
  .text                ro code  0x3006'58b8         0x8  startup_MIMXRT1176_cm7.o [1]
  .text                ro code  0x3006'58c0         0x8  startup_MIMXRT1176_cm7.o [1]
  .text                ro code  0x3006'58c8         0x8  startup_MIMXRT1176_cm7.o [1]
  .rodata              const    0x3006'58d0         0x4  common.o [1]
  .rodata              const    0x3006'58d4         0x4  common.o [1]
  .rodata              const    0x3006'58d8         0x4  common.o [1]
  .rodata              const    0x3006'58dc         0x4  common.o [1]
  .rodata              const    0x3006'58e0         0x4  common.o [1]
  .rodata              const    0x3006'58e4         0x4  common.o [1]
  .rodata              const    0x3006'58e8         0x4  common.o [1]
  .rodata              const    0x3006'58ec         0x4  common.o [1]
  .rodata              const    0x3006'58f0         0x4  common.o [1]
  .rodata              const    0x3006'58f4         0x4  common.o [1]
  .rodata              const    0x3006'58f8         0x4  common.o [1]
  .rodata              const    0x3006'58fc         0x4  common.o [1]
  .rodata              const    0x3006'5900         0x4  crop.o [1]
  .rodata              const    0x3006'5904         0x4  input.o [1]
  .rodata              const    0x3006'5908         0x4  input.o [1]
  .text                ro code  0x3006'590c         0x4  startup_MIMXRT1176_cm7.o [1]
  .rodata              const    0x3006'5910         0x0  zero_init3.o [4]
  .rodata              const    0x3006'5910         0x0  lz77_init.o [4]
  Initializer bytes    const    0x3006'5910       0xc3e  <for RW-1>
  Initializer bytes    const    0x3006'654e    0x1'8325  <for P7 s0>
                              - 0x3007'e873    0x7'c473

"P2-P3", part 1 of 2:                          0x4'18e8
  RW                            0x8000'0000    0x4'18e8  <Block>
    RW-1                        0x8000'0000    0x4'18e8  <Init block>
      .data            inited   0x8000'0000       0x930  analyse.o [1]
      .data            inited   0x8000'0930        0x10  cabac.o [1]
      .data            inited   0x8000'0940        0x1c  cache.o [1]
      .data            inited   0x8000'095c        0x10  cavlc.o [1]
      .data            inited   0x8000'096c        0x1c  crop.o [1]
      .data            inited   0x8000'0988        0x1c  depth.o [1]
      .data            inited   0x8000'09a4        0x10  encoder.o [1]
      .data            inited   0x8000'09b4        0x1c  fix_vfr_pts.o [1]
      .data            inited   0x8000'09d0        0x1c  resize.o [1]
      .data            inited   0x8000'09ec        0x98  sdmmc_config.o [1]
      .data            inited   0x8000'0a84        0x1c  select_every.o [1]
      .data            inited   0x8000'0aa0        0x10  slicetype.o [1]
      .data            inited   0x8000'0ab0        0x1c  source.o [1]
      .data            inited   0x8000'0acc         0x4  system_MIMXRT1176_cm7.o [1]
      .data            inited   0x8000'0ad0    0x4'0e10  vlc.o [1]
      .data            inited   0x8004'18e0         0x8  XShttio.o [2]
                              - 0x8004'18e8    0x4'18e8

"P2-P3", part 2 of 2:                          0x3'a2a0
  ZI                            0x8004'1900    0x3'a2a0  <Block>
    .bss               zero     0x8004'1900       0xf00  analyse.o [1]
    .bss               zero     0x8004'2800      0x47e4  analyse.o [1]
    .bss               zero     0x8004'6fe4       0x200  analyse.o [1]
    .bss               zero     0x8004'71e4    0x3'4000  cabac.o [1]
    .bss               zero     0x8007'b1e4       0x210  ff.o [1]
    .bss               zero     0x8007'b3f4         0x4  fsl_debug_console.o [1]
    .bss               zero     0x8007'b3f8        0x38  fsl_lpuart.o [1]
    .bss               zero     0x8007'b430       0x2b0  fsl_sd_disk.o [1]
    .bss               zero     0x8007'b6e0        0x10  fsl_usdhc.o [1]
    .bss               zero     0x8007'b6f0         0x8  gpt.o [1]
    .bss               zero     0x8007'b6f8         0x4  raw.o [1]
    .bss               zero     0x8007'b6fc         0x8  raw.o [1]
    .bss               zero     0x8007'b704         0x1  raw.o [1]
    .bss               zero     0x8007'b708         0x4  raw_input.o [1]
    .bss               zero     0x8007'b70c         0x1  raw_input.o [1]
    .bss               zero     0x8007'b710       0x238  sdcard_fatfs.o [1]
    .bss               zero     0x8007'b948         0x4  video.o [1]
    .bss               zero     0x8007'b94c        0x4c  x264.o [1]
    .bss               zero     0x8007'b998         0x4  x264.o [1]
    .bss               zero     0x8007'b99c         0x4  strtok.o [2]
    .bss               zero     0x8007'b9a0        0x18  dlmalloc.o [2]
    .bss               zero     0x8007'b9b8       0x1d8  dlmalloc.o [2]
    .bss               zero     0x8007'bb90         0x4  xgetmemchunk.o [2]
    .bss               zero     0x8007'bb94         0x4  xfail_s.o [2]
    .bss               zero     0x8007'bb98         0x1  XShttio.o [2]
    .tbss              zero     0x8007'bb9c         0x4  errno.o [2]
                              - 0x8007'bba0    0x3'a2a0

"P4":                                        0x100'0000
  HEAP                          0x8007'bba0  0x100'0000  <Block>
    HEAP               uninit   0x8007'bba0  0x100'0000  <Block tail>
                              - 0x8107'bba0  0x100'0000

"P5":                                          0x4'0000
  CSTACK                        0x82fc'0000    0x4'0000  <Block>
    CSTACK             uninit   0x82fc'0000    0x4'0000  <Block tail>
                              - 0x8300'0000    0x4'0000

"P6":                                             0x4f0
  NCACHE_VAR                    0x8300'0000       0x4f0  <Block>
    NonCacheable       zero     0x8300'0000        0x1c  fsl_debug_console.o [1]
    NonCacheable       zero     0x8300'001c         0x4  fsl_usdhc.o [1]
    NonCacheable       zero     0x8300'0020       0x228  raw.o [1]
    NonCacheable       zero     0x8300'0248       0x228  raw_input.o [1]
    NonCacheable       zero     0x8300'0470        0x80  sdmmc_config.o [1]
                              - 0x8300'04f0       0x4f0

Unused ranges:

         From           To        Size
         ----           --        ----
     0x2'096a     0x2'096b         0x2
     0x2'09f0     0x6'ffff    0x4'f610
  0x3007'e873  0x30ff'ffff   0xf8'178d
  0x8004'18e8  0x8004'18ff        0x18
  0x8107'bba0  0x82fb'ffff  0x1f4'4460
  0x8300'04f0  0x83ff'ffff   0xff'fb10


*******************************************************************************
*** INIT TABLE
***

          Address      Size
          -------      ----
Zero (__iar_zero_init3)
    3 destination ranges, total size 0x3'a814:
             0x2'096c      0x84
          0x8004'1900  0x3'a2a0
          0x8300'0000     0x4f0

Copy/lz77 (__iar_lz77_init3)
    1 source range, total size 0xc3e (1% of destination):
          0x3006'5910     0xc3e
    1 destination range, total size 0x4'18e8:
          0x8000'0000  0x4'18e8

Copy/lz77 (__iar_lz77_init3)
    1 source range, total size 0x1'8325 (74% of destination):
          0x3006'654e  0x1'8325
    1 destination range, total size 0x2'096a:
                  0x0  0x2'096a



*******************************************************************************
*** MODULE SUMMARY
***

    Module                              ro code  rw code  ro data     rw data
    ------                              -------  -------  -------     -------
command line/config:
    -------------------------------------------------------------------------
    Total:

C:\x64444\aia_mediaplay\SDK_1170_x264_encoder\boards\evkmimxrt1170\x264_examples\sdcard_fatfs\cm7_itcm_org\iar\flexspi_nor_debug\obj: [1]
    analyse.o                           111'232             4'783      25'108
    bitstream.o                                      248      185
    board.o                               1'032               836
    cabac.o                                 868             9'088     213'008
    cabac_encoder.o                                8'928    6'904         372
    cache.o                                 472                44          28
    cavlc.o                               9'964               665          16
    clock_config.o                          564               720
    common.o                             14'184             3'337
    cpu.o                                     8                 9
    crop.o                                  732               236          28
    dcd.o                                                   1'288
    dct.o                                          7'628    6'139         640
    deblock.o                                      8'612    6'786         528
    depth.o                               1'832                76          28
    diskio.o                                 60
    encoder.o                            41'172             4'096          16
    evkmimxrt1170_flexspi_nor_config.o                        512
    ff.o                                  8'380                           528
    ffunicode.o                             336            59'808
    filters.o                               676               164
    fix_vfr_pts.o                           406                13          28
    frame.o                                        7'024    5'486         364
    fsl_adapter_lpuart.o                    304               252
    fsl_anatop.o                             84
    fsl_anatop_ai.o                         976                92
    fsl_assert.o                             24                44
    fsl_cache.o                             120
    fsl_clock.o                           2'176             1'072
    fsl_common.o                            144                88
    fsl_component_serial_manager.o          210
    fsl_component_serial_port_uart.o         40
    fsl_debug_console.o                     344                            32
    fsl_flexspi_nor_boot.o                                     48
    fsl_gpio.o                              392               208
    fsl_gpt.o                               444               228
    fsl_lpuart.o                          1'156               284          56
    fsl_os_abstraction_bm.o                 216                88
    fsl_pmu.o                               556                84
    fsl_sd.o                              8'408               212
    fsl_sd_disk.o                           204                           688
    fsl_sdmmc_common.o                      360               192
    fsl_sdmmc_host.o                      1'828               104
    fsl_sdmmc_osa.o                         332                84
    fsl_str.o                               580
    fsl_usdhc.o                           3'772               560          20
    gpt.o                                   272                56           8
    input.o                                 664               872
    internal.o                              344
    lookahead.o                             784               128
    macroblock.o                         16'816               316
    macroblock_encoder.o                          14'564   10'889         100
    mc.o                                           7'496    5'691         168
    me.o                                          21'432   16'220         548
    mvpred.o                                       4'168    3'229         180
    osdep.o                                            2        2
    pin_mux.o                               148
    pixel.o                                       13'248    9'836
    predict.o                                      9'164    6'804
    quant.o                                        3'740    2'825          64
    ratecontrol.o                                 22'828   17'704       1'016
    raw.o                                   268                60         565
    raw_input.o                             616               100         557
    resize.o                                116                36          28
    sdcard_fatfs.o                          332               104         568
    sdmmc_config.o                          564               846         280
    select_every.o                          804               280          28
    set.o                                 3'688               364
    set_encoder.o                        11'944             1'792
    slicetype.o                          20'264             6'096          16
    source.o                                204                 9          28
    startup_MIMXRT1176_cm7.o              1'754
    system_MIMXRT1176_cm7.o                 442                             4
    video.o                                 400                             4
    vlc.o                                   576             4'721     265'744
    x264.o                                3'660               892          80
    -------------------------------------------------------------------------
    Total:                              279'248  129'082  204'687     511'474

dl7M_tln.a: [2]
    XShttio.o                                60                 1           9
    abort.o                                   6
    dlmalloc.o                            5'340                           496
    errno.o                                  36                             4
    exit.o                                    4
    heaptramp0.o                              4
    iar_Stoflt.o                            424
    iar_Stolx.o                             148
    iar_Stopfx.o                            288
    iar_Stoulx.o                            330                80
    iar_Stoxflt.o                           524
    low_level_init.o                          4
    printf.o                                 40
    putchar.o                                32
    snprintf.o                               68
    sprintf.o                                64
    sscanf.o                                 40
    strcasecmp.o                             84
    strcspn.o                                34
    strdup.o                                 24
    strncasecmp.o                            68
    strncmp.o                                40
    strpbrk.o                                36
    strspn.o                                 34
    strstr.o                                 44
    strtok.o                                 76                             4
    strtok_r.o                               57
    tolower.o                                12
    tp_nothreads.o                            4
    xfail_s.o                                64                             4
    xgetmemchunk.o                           44                             4
    xprintfsmall_nomb.o                   1'281
    xprout.o                                 22
    xscanfsmall_nomb.o                    1'668                36
    xsnprout.o                               26
    xsprout.o                                10
    xsscin.o                                 30
    -------------------------------------------------------------------------
    Total:                               11'070               117         521

m7M_tl.a: [3]
    DblAdd.o                                378
    DblCmpEq.o                               32
    DblCmpGe.o                               46
    DblCmpLe.o                               46
    DblDiv.o                                582
    DblMul.o                                418
    DblSub.o                                226
    DblToFlt.o                              104
    DblToS32.o                               58
    DblToS64.o                               92
    DblToU32.o                               40
    FltAdd.o                                226
    FltCmpEq.o                               28
    FltCmpGe.o                               36
    FltCmpLe.o                               36
    FltDiv.o                                252
    FltMul.o                                216
    FltSub.o                                128
    FltToDbl.o                               72
[...]
x264_pixel_sad_x3_4x8      0x1'1421      0x3a  Code  Lc  pixel.o [1]
x264_pixel_sad_x3_8x16     0x1'1289      0x3a  Code  Lc  pixel.o [1]
x264_pixel_sad_x3_8x4      0x1'1399      0x3a  Code  Lc  pixel.o [1]
x264_pixel_sad_x3_8x8      0x1'1311      0x3a  Code  Lc  pixel.o [1]
x264_pixel_sad_x4_16x16
                           0x1'11b3      0x4e  Code  Lc  pixel.o [1]
x264_pixel_sad_x4_16x8     0x1'123b      0x4e  Code  Lc  pixel.o [1]
x264_pixel_sad_x4_4x4      0x1'14e3      0x4e  Code  Lc  pixel.o [1]
x264_pixel_sad_x4_4x8      0x1'145b      0x4e  Code  Lc  pixel.o [1]
x264_pixel_sad_x4_8x16     0x1'12c3      0x4e  Code  Lc  pixel.o [1]
x264_pixel_sad_x4_8x4      0x1'13d3      0x4e  Code  Lc  pixel.o [1]
x264_pixel_sad_x4_8x8      0x1'134b      0x4e  Code  Lc  pixel.o [1]
x264_pixel_satd_16x16      0x1'0aaf      0xc8  Code  Lc  pixel.o [1]
x264_pixel_satd_16x8       0x1'0b77      0x52  Code  Lc  pixel.o [1]
x264_pixel_satd_4x16       0x1'0c45      0x54  Code  Lc  pixel.o [1]
x264_pixel_satd_4x4        0x1'08bd      0xe8  Code  Lc  pixel.o [1]
x264_pixel_satd_4x8        0x1'0c99      0x28  Code  Lc  pixel.o [1]
x264_pixel_satd_8x16       0x1'0bc9      0x54  Code  Lc  pixel.o [1]
x264_pixel_satd_8x4        0x1'09a5     0x10a  Code  Lc  pixel.o [1]
x264_pixel_satd_8x8        0x1'0c1d      0x28  Code  Lc  pixel.o [1]
x264_pixel_satd_x3_16x16
                           0x1'1531      0x3a  Code  Lc  pixel.o [1]
x264_pixel_satd_x3_16x8
                           0x1'15b9      0xf0  Code  Lc  pixel.o [1]
x264_pixel_satd_x3_4x4     0x1'1cd5      0x3a  Code  Lc  pixel.o [1]
x264_pixel_satd_x3_4x8     0x1'1bb9      0x78  Code  Lc  pixel.o [1]
x264_pixel_satd_x3_8x16
                           0x1'17e9      0xec  Code  Lc  pixel.o [1]
x264_pixel_satd_x3_8x4     0x1'1b31      0x3a  Code  Lc  pixel.o [1]
x264_pixel_satd_x3_8x8     0x1'1a15      0x78  Code  Lc  pixel.o [1]
x264_pixel_satd_x4_16x16
                           0x1'156b      0x4e  Code  Lc  pixel.o [1]
x264_pixel_satd_x4_16x8
                           0x1'16a9     0x140  Code  Lc  pixel.o [1]
x264_pixel_satd_x4_4x4     0x1'1d0f      0x4e  Code  Lc  pixel.o [1]
x264_pixel_satd_x4_4x8     0x1'1c31      0xa4  Code  Lc  pixel.o [1]
x264_pixel_satd_x4_8x16
                           0x1'18d5     0x140  Code  Lc  pixel.o [1]
x264_pixel_satd_x4_8x4     0x1'1b6b      0x4e  Code  Lc  pixel.o [1]
x264_pixel_satd_x4_8x8     0x1'1a8d      0xa4  Code  Lc  pixel.o [1]
x264_pixel_size         0x3005'f19c      0x18  Data  Lc  analyse.o [1]
x264_pixel_size              0xae08      0x18  Data  Lc  me.o [1]
x264_pixel_ssd_16x16         0xfd31      0x6a  Code  Lc  pixel.o [1]
x264_pixel_ssd_16x8          0xfd9d      0x6a  Code  Lc  pixel.o [1]
x264_pixel_ssd_4x16        0x1'0001      0x50  Code  Lc  pixel.o [1]
x264_pixel_ssd_4x4         0x1'00a1      0x50  Code  Lc  pixel.o [1]
x264_pixel_ssd_4x8         0x1'0051      0x50  Code  Lc  pixel.o [1]
x264_pixel_ssd_8x16          0xfe07      0xa8  Code  Lc  pixel.o [1]
x264_pixel_ssd_8x4           0xff57      0xa8  Code  Lc  pixel.o [1]
x264_pixel_ssd_8x8           0xfeaf      0xa8  Code  Lc  pixel.o [1]
x264_pixel_ssd_nv12        0x1'0541     0x138  Code  Gb  pixel.o [1]
x264_pixel_ssd_wxh         0x1'00f1     0x328  Code  Gb  pixel.o [1]
x264_pixel_ssim_wxh        0x1'243d     0x142  Code  Gb  pixel.o [1]
x264_pixel_var2_8x16       0x1'0775      0xa4  Code  Lc  pixel.o [1]
x264_pixel_var2_8x8        0x1'0819      0xa4  Code  Lc  pixel.o [1]
x264_pixel_var_16x16       0x1'0679      0x46  Code  Lc  pixel.o [1]
x264_pixel_var_8x16        0x1'06bf      0x5a  Code  Lc  pixel.o [1]
x264_pixel_var_8x8         0x1'0719      0x5a  Code  Lc  pixel.o [1]
x264_plane_copy_c          0x1'bdab      0x2c  Code  Gb  mc.o [1]
x264_plane_copy_deinterleave_c
                           0x1'bebd      0xa6  Code  Gb  mc.o [1]
x264_plane_copy_deinterleave_rgb_c
                           0x1'bf65      0xe6  Code  Lc  mc.o [1]
x264_plane_copy_deinterleave_v210_c
                           0x1'c04d      0x66  Code  Lc  mc.o [1]
x264_plane_copy_interleave_c
                           0x1'be15      0xa6  Code  Gb  mc.o [1]
x264_plane_copy_swap_c     0x1'bdd9      0x3a  Code  Gb  mc.o [1]
x264_pps_init           0x3003'53f5     0x19e  Code  Gb  set_encoder.o [1]
x264_pps_write          0x3003'55c9     0xf2a  Code  Gb  set_encoder.o [1]
x264_pred_i4x4_neighbors
                        0x3005'f1b4       0xc  Data  Lc  analyse.o [1]
x264_pred_i4x4_neighbors
                             0xe4b4       0xc  Data  Lc  macroblock_encoder.o [1]
x264_predict_16x16_dc_128_c
                           0x1'2cf5      0x34  Code  Lc  predict.o [1]
x264_predict_16x16_dc_c
                           0x1'2bb1      0x80  Code  Gb  predict.o [1]
x264_predict_16x16_dc_left_c
                           0x1'2c31      0x60  Code  Lc  predict.o [1]
x264_predict_16x16_dc_top_c
                           0x1'2c91      0x64  Code  Lc  predict.o [1]
x264_predict_16x16_h_c     0x1'2d29      0x62  Code  Gb  predict.o [1]
x264_predict_16x16_init
                           0x1'4def      0x22  Code  Gb  predict.o [1]
x264_predict_16x16_p_c     0x1'2dd1      0xe0  Code  Gb  predict.o [1]
x264_predict_16x16_v_c     0x1'2d8b      0x44  Code  Gb  predict.o [1]
x264_predict_4x4_dc_128_c
                           0x1'37ab       0xe  Code  Lc  predict.o [1]
x264_predict_4x4_dc_c      0x1'3813      0x42  Code  Gb  predict.o [1]
x264_predict_4x4_dc_left_c
                           0x1'37b9      0x2c  Code  Lc  predict.o [1]
x264_predict_4x4_dc_top_c
                           0x1'37e5      0x2e  Code  Lc  predict.o [1]
x264_predict_4x4_ddl_c     0x1'388b      0xb0  Code  Lc  predict.o [1]
x264_predict_4x4_ddr_c     0x1'393b      0xb6  Code  Lc  predict.o [1]
x264_predict_4x4_h_c       0x1'3855      0x28  Code  Gb  predict.o [1]
x264_predict_4x4_hd_c      0x1'3ac3      0xee  Code  Lc  predict.o [1]
x264_predict_4x4_hu_c      0x1'3c89      0x92  Code  Lc  predict.o [1]
x264_predict_4x4_init      0x1'4e8f      0x36  Code  Gb  predict.o [1]
x264_predict_4x4_v_c       0x1'387d       0xe  Code  Gb  predict.o [1]
x264_predict_4x4_vl_c      0x1'3bb1      0xd8  Code  Lc  predict.o [1]
x264_predict_4x4_vr_c      0x1'39f1      0xd2  Code  Lc  predict.o [1]
x264_predict_8x16c_dc_128_c
                           0x1'3323      0x24  Code  Lc  predict.o [1]
x264_predict_8x16c_dc_c
                           0x1'342f     0x1e6  Code  Gb  predict.o [1]
x264_predict_8x16c_dc_left_c
                           0x1'3349      0x44  Code  Lc  predict.o [1]
x264_predict_8x16c_dc_top_c
                           0x1'338d      0xa2  Code  Lc  predict.o [1]
x264_predict_8x16c_h_c     0x1'3615      0x4a  Code  Gb  predict.o [1]
x264_predict_8x16c_init
                           0x1'4e33      0x22  Code  Gb  predict.o [1]
x264_predict_8x16c_p_c     0x1'3689     0x122  Code  Gb  predict.o [1]
x264_predict_8x16c_v_c     0x1'365f      0x28  Code  Gb  predict.o [1]
x264_predict_8x8_dc_128_c
                           0x1'4023      0x34  Code  Lc  predict.o [1]
x264_predict_8x8_dc_c      0x1'4113      0x82  Code  Gb  predict.o [1]
x264_predict_8x8_dc_left_c
                           0x1'4057      0x5e  Code  Lc  predict.o [1]
x264_predict_8x8_dc_top_c
                           0x1'40b5      0x5e  Code  Lc  predict.o [1]
x264_predict_8x8_ddl_c     0x1'4235     0x1f8  Code  Lc  predict.o [1]
x264_predict_8x8_ddr_c     0x1'442d     0x206  Code  Lc  predict.o [1]
x264_predict_8x8_filter_c
                           0x1'3d1b     0x308  Code  Lc  predict.o [1]
x264_predict_8x8_h_c       0x1'4195      0x6a  Code  Gb  predict.o [1]
x264_predict_8x8_hd_c      0x1'488b     0x220  Code  Lc  predict.o [1]
x264_predict_8x8_hu_c      0x1'4cc7     0x128  Code  Lc  predict.o [1]
x264_predict_8x8_init      0x1'4e55      0x3a  Code  Gb  predict.o [1]
x264_predict_8x8_v_c       0x1'41ff      0x36  Code  Gb  predict.o [1]
x264_predict_8x8_vl_c      0x1'4aab     0x21c  Code  Lc  predict.o [1]
x264_predict_8x8_vr_c      0x1'4633     0x258  Code  Lc  predict.o [1]
x264_predict_8x8c_dc_128_c
                           0x1'2eb1      0x34  Code  Lc  predict.o [1]
x264_predict_8x8c_dc_c     0x1'3043     0x114  Code  Gb  predict.o [1]
x264_predict_8x8c_dc_left_c
                           0x1'2ee5      0xae  Code  Lc  predict.o [1]
x264_predict_8x8c_dc_top_c
                           0x1'2f93      0xb0  Code  Lc  predict.o [1]
x264_predict_8x8c_h_c      0x1'3157      0xba  Code  Gb  predict.o [1]
x264_predict_8x8c_init     0x1'4e11      0x22  Code  Gb  predict.o [1]
x264_predict_8x8c_p_c      0x1'3249      0xda  Code  Gb  predict.o [1]
x264_predict_8x8c_v_c      0x1'3211      0x38  Code  Gb  predict.o [1]
x264_predict_lossless_16x16
                             0xcc1d      0xa6  Code  Gb  macroblock_encoder.o [1]
x264_predict_lossless_4x4
                             0xca4d      0xc6  Code  Gb  macroblock_encoder.o [1]
x264_predict_lossless_8x8
                             0xcb35      0xe6  Code  Gb  macroblock_encoder.o [1]
x264_predict_lossless_chroma
                             0xc95b      0xf2  Code  Gb  macroblock_encoder.o [1]
x264_prefetch_fenc      0x3002'27a7      0x4a  Code  Gb  macroblock.o [1]
x264_preset_names       0x3006'4a60      0x2c  Data  Lc  common.o [1]
x264_print_intra        0x3003'29d9      0x8c  Code  Lc  encoder.o [1]
x264_psy_trellis_init   0x3001'0e3b      0x50  Code  Lc  analyse.o [1]
x264_psy_trellis_init::zero
                        0x8004'6fe4     0x200  Data  Lc  analyse.o [1]
x264_quant_4x4_trellis  0x3000'f5b1      0xa2  Code  Gb  analyse.o [1]
x264_quant_4x4_trellis::ctx_ac
                        0x3005'f380      0x10  Data  Lc  analyse.o [1]
x264_quant_8x8_trellis  0x3000'f675    0x1254  Code  Gb  analyse.o [1]
x264_quant_chroma_dc_trellis
                        0x3000'f1c5     0x3ec  Code  Gb  analyse.o [1]
x264_quant_init            0x1'f845      0xa6  Code  Gb  quant.o [1]
x264_quant_luma_dc_trellis
                        0x3000'e5a1     0xc14  Code  Gb  analyse.o [1]
x264_ratecontrol_delete
                             0x1e75      0xba  Code  Gb  ratecontrol.o [1]
x264_ratecontrol_end         0x31d5     0x67e  Code  Gb  ratecontrol.o [1]
x264_ratecontrol_init_reconfigurable
                              0xd6f     0x4f0  Code  Gb  ratecontrol.o [1]
x264_ratecontrol_mb          0x2665     0x79a  Code  Gb  ratecontrol.o [1]
x264_ratecontrol_mb_qp       0x2e39      0x90  Code  Gb  ratecontrol.o [1]
x264_ratecontrol_new         0x129d     0x97e  Code  Gb  ratecontrol.o [1]
x264_ratecontrol_new::pred_coeff_table
                             0x1c44       0xc  Data  Lc  ratecontrol.o [1]
x264_ratecontrol_qp          0x2e05      0x34  Code  Gb  ratecontrol.o [1]
x264_ratecontrol_set_weights
                             0x3129      0xaa  Code  Gb  ratecontrol.o [1]
x264_ratecontrol_slice_type
                             0x2ef1     0x1fc  Code  Gb  ratecontrol.o [1]
x264_ratecontrol_start       0x1f65     0x570  Code  Gb  ratecontrol.o [1]
x264_ratecontrol_summary
                             0x1d17      0xe6  Code  Gb  ratecontrol.o [1]
x264_ratecontrol_zone_init
                             0x1f2f      0x34  Code  Gb  ratecontrol.o [1]
x264_rc_analyse_slice   0x3004'0c45     0x270  Code  Gb  slicetype.o [1]
x264_rd_cost_chroma     0x3000'b279     0xfb8  Code  Lc  analyse.o [1]
x264_rd_cost_mb         0x3000'70a1    0x152a  Code  Lc  analyse.o [1]
x264_rd_cost_part       0x3000'8601    0x2c40  Code  Gb  analyse.o [1]
x264_rdo_init           0x3000'c24d     0x112  Code  Gb  analyse.o [1]
x264_reduce_fraction    0x3002'083b      0x68  Code  Gb  common.o [1]
x264_reduce_fraction64  0x3002'08a3      0xa8  Code  Gb  common.o [1]
x264_reference_build_list_optimal
                              0xc95      0xda  Code  Gb  ratecontrol.o [1]
x264_reference_check_reorder
                        0x3002'cedd      0xbe  Code  Lc  encoder.o [1]
x264_reference_hierarchy_reset
                        0x3002'd2b3      0xe0  Code  Lc  encoder.o [1]
x264_register_vid_filters
                        0x3005'996d     0x100  Code  Gb  video.o [1]
x264_run_before         0x8000'0ae0  0x4'0000  Data  Gb  vlc.o [1]
x264_scan8              0x3005'ae3c      0x34  Data  Lc  analyse.o [1]
x264_scan8                 0x1'fcb0      0x34  Data  Lc  cabac_encoder.o [1]
x264_scan8              0x3006'10d4      0x34  Data  Lc  cavlc.o [1]
x264_scan8              0x3005'd5ac      0x34  Data  Lc  encoder.o [1]
x264_scan8              0x3006'50ac      0x34  Data  Lc  macroblock.o [1]
x264_scan8                 0x2'082c      0x34  Data  Lc  macroblock_encoder.o [1]
x264_scan8                 0x1'fbfc      0x34  Data  Lc  me.o [1]
x264_scan8                 0x2'0860      0x34  Data  Lc  mvpred.o [1]
x264_sei_avcintra_umid_write
                        0x3003'6e41      0x9e  Code  Gb  set_encoder.o [1]
x264_sei_avcintra_vanc_write
                        0x3003'6ee1      0x60  Code  Gb  set_encoder.o [1]
x264_sei_buffering_period_write
                        0x3003'66a5      0xb4  Code  Gb  set_encoder.o [1]
x264_sei_dec_ref_pic_marking_write
                        0x3003'6ce9     0x158  Code  Gb  set_encoder.o [1]
x264_sei_frame_packing_write
                        0x3003'687d     0x3ba  Code  Gb  set_encoder.o [1]
x264_sei_pic_timing_write
                        0x3003'6759     0x124  Code  Gb  set_encoder.o [1]
x264_sei_recovery_point_write
                        0x3003'6539      0xf8  Code  Gb  set_encoder.o [1]
x264_sei_version_write  0x3003'6631      0x74  Code  Gb  set_encoder.o [1]
x264_sei_version_write::uuid
                        0x3003'7178      0x10  Data  Lc  set_encoder.o [1]
x264_sei_write          0x3003'44fd     0x1a2  Code  Gb  set_encoder.o [1]
x264_significant_coeff_flag_offset
                        0x3005'b1e0      0x40  Data  Gb  analyse.o [1]
x264_significant_coeff_flag_offset_8x8
                        0x3005'b120      0x80  Data  Gb  analyse.o [1]
x264_size2pixel         0x3002'1bd4      0x1c  Data  Lc  macroblock.o [1]
x264_slice_header_init  0x3002'a335     0x1cc  Code  Lc  encoder.o [1]
x264_slicetype_analyse  0x3003'f975     0xbfc  Code  Gb  slicetype.o [1]
x264_slicetype_decide   0x3004'0595     0x6ae  Code  Gb  slicetype.o [1]
x264_slicetype_frame_cost
                        0x3003'd1a1     0xf5e  Code  Lc  slicetype.o [1]
x264_slicetype_frame_cost_recalculate
                        0x3003'e101     0x110  Code  Lc  slicetype.o [1]
x264_slicetype_path_cost
                        0x3003'f2f9     0x128  Code  Lc  slicetype.o [1]
x264_slurp_file         0x3002'094b       0x4  Code  Gb  common.o [1]
x264_split_options      0x3005'd181     0x1d6  Code  Gb  filters.o [1]
x264_sps_init           0x3003'469f     0x3ee  Code  Gb  set_encoder.o [1]
x264_sps_init_reconfigurable
                        0x3003'4a91      0x76  Code  Gb  set_encoder.o [1]
x264_sps_write          0x3003'4b07     0x8ee  Code  Gb  set_encoder.o [1]
x264_sps_write{4}{5}{6}{7}::sar
                        0x3006'50e0      0x34  Data  Lc  set_encoder.o [1]
x264_sync_frame_list_delete
                           0x1'ea83       0x4  Code  Gb  frame.o [1]
x264_sync_frame_list_init
                           0x1'ea53      0x30  Code  Gb  frame.o [1]
x264_sync_frame_list_push
                           0x1'ea87      0x14  Code  Gb  frame.o [1]
x264_thread_sync_ratecontrol
                             0x5901     0x1cc  Code  Gb  ratecontrol.o [1]
x264_threadpool_wait_all
                        0x3002'a309      0x2c  Code  Lc  encoder.o [1]
x264_threads_distribute_ratecontrol
                             0x5491     0x2ca  Code  Gb  ratecontrol.o [1]
x264_threads_merge_ratecontrol
                             0x575d     0x15c  Code  Gb  ratecontrol.o [1]
x264_threads_normalize_predictors
                             0x5365     0x12a  Code  Lc  ratecontrol.o [1]
x264_threadslice_cond_broadcast
                           0x1'de39       0x6  Code  Gb  frame.o [1]
x264_threadslice_cond_wait
                           0x1'de3f       0xa  Code  Gb  frame.o [1]
x264_total_zeros        0x3006'25b4     0x1e0  Data  Gb  vlc.o [1]
x264_total_zeros_2x2_dc
                        0x3006'53f4      0x18  Data  Gb  vlc.o [1]
x264_total_zeros_2x4_dc
                        0x3006'484c      0x70  Data  Gb  vlc.o [1]
x264_transfer_names     0x3006'4014      0x4c  Data  Lc  common.o [1]
x264_transform_allowed  0x3005'f244      0x14  Data  Lc  analyse.o [1]
x264_transform_allowed     0x1'725c      0x14  Data  Lc  cabac_encoder.o [1]
x264_transform_allowed  0x3003'b710      0x14  Data  Lc  cavlc.o [1]
x264_trellis_lambda2_tab
                        0x3005'abac     0x290  Data  Lc  analyse.o [1]
x264_ue_size_tab        0x3005'afa0     0x100  Data  Lc  analyse.o [1]
x264_ue_size_tab        0x3006'1178     0x100  Data  Lc  cavlc.o [1]
x264_ue_size_tab        0x3005'd4ac     0x100  Data  Lc  encoder.o [1]
x264_ue_size_tab        0x3006'1338     0x100  Data  Lc  set_encoder.o [1]
x264_ue_size_tab        0x3006'37f4     0x100  Data  Lc  slicetype.o [1]
x264_validate_levels    0x3003'6f41     0x1e6  Code  Gb  set_encoder.o [1]
x264_validate_parameters
                        0x3002'a501    0x14d8  Code  Lc  encoder.o [1]
x264_validate_parameters{82}{83}{84}{85}::lookahead_thread_div
                        0x3005'c098      0x28  Data  Lc  encoder.o [1]
x264_vbv_frame_cost     0x3003'f21d      0x58  Code  Lc  slicetype.o [1]
x264_vidformat_names    0x3005'c060      0x1c  Data  Lc  common.o [1]
x264_weight_cache          0x1'b735       0xa  Code  Lc  mc.o [1]
x264_weight_cost_chroma
                        0x3003'c239     0x19e  Code  Lc  slicetype.o [1]
x264_weight_cost_chroma444
                        0x3003'c3d9     0x184  Code  Lc  slicetype.o [1]
x264_weight_cost_luma   0x3003'c079     0x1be  Code  Lc  slicetype.o [1]
x264_weight_none           0x2'0480      0x90  Data  Gb  mc.o [1]
x264_weight_scale_plane
                           0x1'e987      0xa0  Code  Gb  frame.o [1]
x264_weights_analyse    0x3003'c571     0xbf8  Code  Gb  slicetype.o [1]
x264_weights_analyse{14}{15}{16}::weight_check_distance
                        0x3003'd188      0x18  Data  Lc  slicetype.o [1]
x264_zigzag_init           0x1'b19b      0x34  Code  Gb  dct.o [1]
x264_zigzag_scan2x2     0x3005'f374       0x4  Data  Lc  analyse.o [1]
x264_zigzag_scan2x4     0x3005'f378       0x8  Data  Lc  analyse.o [1]
x264_zigzag_scan4       0x3005'f1c0      0x20  Data  Lc  analyse.o [1]
x264_zigzag_scan4       0x3003'64f8      0x20  Data  Lc  set_encoder.o [1]
x264_zigzag_scan8       0x3005'b0a0      0x80  Data  Lc  analyse.o [1]
x264_zigzag_scan8       0x3006'1438      0x80  Data  Lc  set_encoder.o [1]
zigzag_interleave_8x8_cavlc
                           0x1'b141      0x5a  Code  Lc  dct.o [1]
zigzag_scan_2x4_dc           0xbf0d      0x26  Code  Lc  macroblock_encoder.o [1]
zigzag_scan_4x4_field      0x1'a5b7      0x1e  Code  Lc  dct.o [1]
zigzag_scan_4x4_frame      0x1'a571      0x46  Code  Lc  dct.o [1]
zigzag_scan_8x8_field      0x1'a3eb     0x186  Code  Lc  dct.o [1]
zigzag_scan_8x8_frame      0x1'a265     0x186  Code  Lc  dct.o [1]
zigzag_sub_4x4_field       0x1'a6b9      0xe4  Code  Lc  dct.o [1]
zigzag_sub_4x4_frame       0x1'a5d5      0xe4  Code  Lc  dct.o [1]
zigzag_sub_4x4ac_field     0x1'a883      0xe6  Code  Lc  dct.o [1]
zigzag_sub_4x4ac_frame     0x1'a79d      0xe6  Code  Lc  dct.o [1]
zigzag_sub_8x8_field       0x1'ad55     0x3ec  Code  Lc  dct.o [1]
zigzag_sub_8x8_frame       0x1'a969     0x3ec  Code  Lc  dct.o [1]


[1] = C:\x64444\aia_mediaplay\SDK_1170_x264_encoder\boards\evkmimxrt1170\x264_examples\sdcard_fatfs\cm7_itcm_org\iar\flexspi_nor_debug\obj
[2] = dl7M_tln.a
[3] = m7M_tl.a
[4] = rt7M_tl.a
[5] = shb_l.a

     305'470 bytes of readonly  code memory
     129'634 bytes of readwrite code memory
     206'445 bytes of readonly  data memory
  17'551'364 bytes of readwrite data memory

Errors: none
Warnings: none
