###############################################################################
#
# IAR ELF Linker V8.50.6.265/W32 for ARM                  27/Nov/2020  09:57:03
# Copyright 2007-2020 IAR Systems AB.
#
#    Output file  =
#        C:\Users\nxf44444\Downloads\SDK_1170\boards\evkmimxrt1170\sdmmc_examples\sdcard_fatfs\cm7\iar\debug\sdcard_fatfs_cm7.out
#    Map file     =
#        C:\Users\nxf44444\Downloads\SDK_1170\boards\evkmimxrt1170\sdmmc_examples\sdcard_fatfs\cm7\iar\debug\list\sdcard_fatfs_cm7.map
#    Command line =
#        -f C:\Users\nxf44444\AppData\Local\Temp\2\EW9BEC.tmp
#        (C:\Users\nxf44444\Downloads\SDK_1170\boards\evkmimxrt1170\sdmmc_examples\sdcard_fatfs\cm7\iar\debug\obj\analyse.o
#        C:\Users\nxf44444\Downloads\SDK_1170\boards\evkmimxrt1170\sdmmc_examples\sdcard_fatfs\cm7\iar\debug\obj\bitstream.o
#        C:\Users\nxf44444\Downloads\SDK_1170\boards\evkmimxrt1170\sdmmc_examples\sdcard_fatfs\cm7\iar\debug\obj\board.o
#        C:\Users\nxf44444\Downloads\SDK_1170\boards\evkmimxrt1170\sdmmc_examples\sdcard_fatfs\cm7\iar\debug\obj\cabac.o
#        C:\Users\nxf44444\Downloads\SDK_1170\boards\evkmimxrt1170\sdmmc_examples\sdcard_fatfs\cm7\iar\debug\obj\cabac_encoder.o
#        C:\Users\nxf44444\Downloads\SDK_1170\boards\evkmimxrt1170\sdmmc_examples\sdcard_fatfs\cm7\iar\debug\obj\cache.o
#        C:\Users\nxf44444\Downloads\SDK_1170\boards\evkmimxrt1170\sdmmc_examples\sdcard_fatfs\cm7\iar\debug\obj\cavlc.o
#        C:\Users\nxf44444\Downloads\SDK_1170\boards\evkmimxrt1170\sdmmc_examples\sdcard_fatfs\cm7\iar\debug\obj\clock_config.o
#        C:\Users\nxf44444\Downloads\SDK_1170\boards\evkmimxrt1170\sdmmc_examples\sdcard_fatfs\cm7\iar\debug\obj\common.o
#        C:\Users\nxf44444\Downloads\SDK_1170\boards\evkmimxrt1170\sdmmc_examples\sdcard_fatfs\cm7\iar\debug\obj\cpu.o
#        C:\Users\nxf44444\Downloads\SDK_1170\boards\evkmimxrt1170\sdmmc_examples\sdcard_fatfs\cm7\iar\debug\obj\crop.o
#        C:\Users\nxf44444\Downloads\SDK_1170\boards\evkmimxrt1170\sdmmc_examples\sdcard_fatfs\cm7\iar\debug\obj\dcd.o
#        C:\Users\nxf44444\Downloads\SDK_1170\boards\evkmimxrt1170\sdmmc_examples\sdcard_fatfs\cm7\iar\debug\obj\dct.o
#        C:\Users\nxf44444\Downloads\SDK_1170\boards\evkmimxrt1170\sdmmc_examples\sdcard_fatfs\cm7\iar\debug\obj\deblock.o
#        C:\Users\nxf44444\Downloads\SDK_1170\boards\evkmimxrt1170\sdmmc_examples\sdcard_fatfs\cm7\iar\debug\obj\depth.o
#        C:\Users\nxf44444\Downloads\SDK_1170\boards\evkmimxrt1170\sdmmc_examples\sdcard_fatfs\cm7\iar\debug\obj\diskio.o
#        C:\Users\nxf44444\Downloads\SDK_1170\boards\evkmimxrt1170\sdmmc_examples\sdcard_fatfs\cm7\iar\debug\obj\encoder.o
#        C:\Users\nxf44444\Downloads\SDK_1170\boards\evkmimxrt1170\sdmmc_examples\sdcard_fatfs\cm7\iar\debug\obj\evkmimxrt1170_flexspi_nor_config.o
#        C:\Users\nxf44444\Downloads\SDK_1170\boards\evkmimxrt1170\sdmmc_examples\sdcard_fatfs\cm7\iar\debug\obj\ff.o
#        C:\Users\nxf44444\Downloads\SDK_1170\boards\evkmimxrt1170\sdmmc_examples\sdcard_fatfs\cm7\iar\debug\obj\ffsystem.o
#        C:\Users\nxf44444\Downloads\SDK_1170\boards\evkmimxrt1170\sdmmc_examples\sdcard_fatfs\cm7\iar\debug\obj\ffunicode.o
#        C:\Users\nxf44444\Downloads\SDK_1170\boards\evkmimxrt1170\sdmmc_examples\sdcard_fatfs\cm7\iar\debug\obj\filters.o
#        C:\Users\nxf44444\Downloads\SDK_1170\boards\evkmimxrt1170\sdmmc_examples\sdcard_fatfs\cm7\iar\debug\obj\fix_vfr_pts.o
#        C:\Users\nxf44444\Downloads\SDK_1170\boards\evkmimxrt1170\sdmmc_examples\sdcard_fatfs\cm7\iar\debug\obj\frame.o
#        C:\Users\nxf44444\Downloads\SDK_1170\boards\evkmimxrt1170\sdmmc_examples\sdcard_fatfs\cm7\iar\debug\obj\fsl_adapter_lpuart.o
#        C:\Users\nxf44444\Downloads\SDK_1170\boards\evkmimxrt1170\sdmmc_examples\sdcard_fatfs\cm7\iar\debug\obj\fsl_anatop.o
#        C:\Users\nxf44444\Downloads\SDK_1170\boards\evkmimxrt1170\sdmmc_examples\sdcard_fatfs\cm7\iar\debug\obj\fsl_anatop_ai.o
#        C:\Users\nxf44444\Downloads\SDK_1170\boards\evkmimxrt1170\sdmmc_examples\sdcard_fatfs\cm7\iar\debug\obj\fsl_assert.o
#        C:\Users\nxf44444\Downloads\SDK_1170\boards\evkmimxrt1170\sdmmc_examples\sdcard_fatfs\cm7\iar\debug\obj\fsl_cache.o
#        C:\Users\nxf44444\Downloads\SDK_1170\boards\evkmimxrt1170\sdmmc_examples\sdcard_fatfs\cm7\iar\debug\obj\fsl_clock.o
#        C:\Users\nxf44444\Downloads\SDK_1170\boards\evkmimxrt1170\sdmmc_examples\sdcard_fatfs\cm7\iar\debug\obj\fsl_common.o
#        C:\Users\nxf44444\Downloads\SDK_1170\boards\evkmimxrt1170\sdmmc_examples\sdcard_fatfs\cm7\iar\debug\obj\fsl_component_generic_list.o
#        C:\Users\nxf44444\Downloads\SDK_1170\boards\evkmimxrt1170\sdmmc_examples\sdcard_fatfs\cm7\iar\debug\obj\fsl_component_serial_manager.o
#        C:\Users\nxf44444\Downloads\SDK_1170\boards\evkmimxrt1170\sdmmc_examples\sdcard_fatfs\cm7\iar\debug\obj\fsl_component_serial_port_uart.o
#        C:\Users\nxf44444\Downloads\SDK_1170\boards\evkmimxrt1170\sdmmc_examples\sdcard_fatfs\cm7\iar\debug\obj\fsl_dcdc.o
#        C:\Users\nxf44444\Downloads\SDK_1170\boards\evkmimxrt1170\sdmmc_examples\sdcard_fatfs\cm7\iar\debug\obj\fsl_debug_console.o
#        C:\Users\nxf44444\Downloads\SDK_1170\boards\evkmimxrt1170\sdmmc_examples\sdcard_fatfs\cm7\iar\debug\obj\fsl_flexspi_nor_boot.o
#        C:\Users\nxf44444\Downloads\SDK_1170\boards\evkmimxrt1170\sdmmc_examples\sdcard_fatfs\cm7\iar\debug\obj\fsl_gpio.o
#        C:\Users\nxf44444\Downloads\SDK_1170\boards\evkmimxrt1170\sdmmc_examples\sdcard_fatfs\cm7\iar\debug\obj\fsl_lpuart.o
#        C:\Users\nxf44444\Downloads\SDK_1170\boards\evkmimxrt1170\sdmmc_examples\sdcard_fatfs\cm7\iar\debug\obj\fsl_os_abstraction_bm.o
#        C:\Users\nxf44444\Downloads\SDK_1170\boards\evkmimxrt1170\sdmmc_examples\sdcard_fatfs\cm7\iar\debug\obj\fsl_pmu.o
#        C:\Users\nxf44444\Downloads\SDK_1170\boards\evkmimxrt1170\sdmmc_examples\sdcard_fatfs\cm7\iar\debug\obj\fsl_sd.o
#        C:\Users\nxf44444\Downloads\SDK_1170\boards\evkmimxrt1170\sdmmc_examples\sdcard_fatfs\cm7\iar\debug\obj\fsl_sd_disk.o
#        C:\Users\nxf44444\Downloads\SDK_1170\boards\evkmimxrt1170\sdmmc_examples\sdcard_fatfs\cm7\iar\debug\obj\fsl_sdmmc_common.o
#        C:\Users\nxf44444\Downloads\SDK_1170\boards\evkmimxrt1170\sdmmc_examples\sdcard_fatfs\cm7\iar\debug\obj\fsl_sdmmc_host.o
#        C:\Users\nxf44444\Downloads\SDK_1170\boards\evkmimxrt1170\sdmmc_examples\sdcard_fatfs\cm7\iar\debug\obj\fsl_sdmmc_osa.o
#        C:\Users\nxf44444\Downloads\SDK_1170\boards\evkmimxrt1170\sdmmc_examples\sdcard_fatfs\cm7\iar\debug\obj\fsl_str.o
#        C:\Users\nxf44444\Downloads\SDK_1170\boards\evkmimxrt1170\sdmmc_examples\sdcard_fatfs\cm7\iar\debug\obj\fsl_usdhc.o
#        C:\Users\nxf44444\Downloads\SDK_1170\boards\evkmimxrt1170\sdmmc_examples\sdcard_fatfs\cm7\iar\debug\obj\input.o
#        C:\Users\nxf44444\Downloads\SDK_1170\boards\evkmimxrt1170\sdmmc_examples\sdcard_fatfs\cm7\iar\debug\obj\internal.o
#        C:\Users\nxf44444\Downloads\SDK_1170\boards\evkmimxrt1170\sdmmc_examples\sdcard_fatfs\cm7\iar\debug\obj\lookahead.o
#        C:\Users\nxf44444\Downloads\SDK_1170\boards\evkmimxrt1170\sdmmc_examples\sdcard_fatfs\cm7\iar\debug\obj\macroblock.o
#        C:\Users\nxf44444\Downloads\SDK_1170\boards\evkmimxrt1170\sdmmc_examples\sdcard_fatfs\cm7\iar\debug\obj\macroblock_encoder.o
#        C:\Users\nxf44444\Downloads\SDK_1170\boards\evkmimxrt1170\sdmmc_examples\sdcard_fatfs\cm7\iar\debug\obj\mc.o
#        C:\Users\nxf44444\Downloads\SDK_1170\boards\evkmimxrt1170\sdmmc_examples\sdcard_fatfs\cm7\iar\debug\obj\me.o
#        C:\Users\nxf44444\Downloads\SDK_1170\boards\evkmimxrt1170\sdmmc_examples\sdcard_fatfs\cm7\iar\debug\obj\mvpred.o
#        C:\Users\nxf44444\Downloads\SDK_1170\boards\evkmimxrt1170\sdmmc_examples\sdcard_fatfs\cm7\iar\debug\obj\osdep.o
#        C:\Users\nxf44444\Downloads\SDK_1170\boards\evkmimxrt1170\sdmmc_examples\sdcard_fatfs\cm7\iar\debug\obj\pin_mux.o
#        C:\Users\nxf44444\Downloads\SDK_1170\boards\evkmimxrt1170\sdmmc_examples\sdcard_fatfs\cm7\iar\debug\obj\pixel.o
#        C:\Users\nxf44444\Downloads\SDK_1170\boards\evkmimxrt1170\sdmmc_examples\sdcard_fatfs\cm7\iar\debug\obj\predict.o
#        C:\Users\nxf44444\Downloads\SDK_1170\boards\evkmimxrt1170\sdmmc_examples\sdcard_fatfs\cm7\iar\debug\obj\quant.o
#        C:\Users\nxf44444\Downloads\SDK_1170\boards\evkmimxrt1170\sdmmc_examples\sdcard_fatfs\cm7\iar\debug\obj\ratecontrol.o
#        C:\Users\nxf44444\Downloads\SDK_1170\boards\evkmimxrt1170\sdmmc_examples\sdcard_fatfs\cm7\iar\debug\obj\raw.o
#        C:\Users\nxf44444\Downloads\SDK_1170\boards\evkmimxrt1170\sdmmc_examples\sdcard_fatfs\cm7\iar\debug\obj\raw_input.o
#        C:\Users\nxf44444\Downloads\SDK_1170\boards\evkmimxrt1170\sdmmc_examples\sdcard_fatfs\cm7\iar\debug\obj\rectangle.o
#        C:\Users\nxf44444\Downloads\SDK_1170\boards\evkmimxrt1170\sdmmc_examples\sdcard_fatfs\cm7\iar\debug\obj\resize.o
#        C:\Users\nxf44444\Downloads\SDK_1170\boards\evkmimxrt1170\sdmmc_examples\sdcard_fatfs\cm7\iar\debug\obj\sdcard_fatfs.o
#        C:\Users\nxf44444\Downloads\SDK_1170\boards\evkmimxrt1170\sdmmc_examples\sdcard_fatfs\cm7\iar\debug\obj\sdmmc_config.o
#        C:\Users\nxf44444\Downloads\SDK_1170\boards\evkmimxrt1170\sdmmc_examples\sdcard_fatfs\cm7\iar\debug\obj\select_every.o
#        C:\Users\nxf44444\Downloads\SDK_1170\boards\evkmimxrt1170\sdmmc_examples\sdcard_fatfs\cm7\iar\debug\obj\set.o
#        C:\Users\nxf44444\Downloads\SDK_1170\boards\evkmimxrt1170\sdmmc_examples\sdcard_fatfs\cm7\iar\debug\obj\set_encoder.o
#        C:\Users\nxf44444\Downloads\SDK_1170\boards\evkmimxrt1170\sdmmc_examples\sdcard_fatfs\cm7\iar\debug\obj\slicetype.o
#        C:\Users\nxf44444\Downloads\SDK_1170\boards\evkmimxrt1170\sdmmc_examples\sdcard_fatfs\cm7\iar\debug\obj\source.o
#        C:\Users\nxf44444\Downloads\SDK_1170\boards\evkmimxrt1170\sdmmc_examples\sdcard_fatfs\cm7\iar\debug\obj\startup_MIMXRT1176_cm7.o
#        C:\Users\nxf44444\Downloads\SDK_1170\boards\evkmimxrt1170\sdmmc_examples\sdcard_fatfs\cm7\iar\debug\obj\system_MIMXRT1176_cm7.o
#        C:\Users\nxf44444\Downloads\SDK_1170\boards\evkmimxrt1170\sdmmc_examples\sdcard_fatfs\cm7\iar\debug\obj\threadpool.o
#        C:\Users\nxf44444\Downloads\SDK_1170\boards\evkmimxrt1170\sdmmc_examples\sdcard_fatfs\cm7\iar\debug\obj\video.o
#        C:\Users\nxf44444\Downloads\SDK_1170\boards\evkmimxrt1170\sdmmc_examples\sdcard_fatfs\cm7\iar\debug\obj\vlc.o
#        C:\Users\nxf44444\Downloads\SDK_1170\boards\evkmimxrt1170\sdmmc_examples\sdcard_fatfs\cm7\iar\debug\obj\x264.o
#        --redirect _Printf=_PrintfSmallNoMb --redirect _Scanf=_ScanfSmallNoMb
#        --no_out_extension -o
#        C:\Users\nxf44444\Downloads\SDK_1170\boards\evkmimxrt1170\sdmmc_examples\sdcard_fatfs\cm7\iar\debug\sdcard_fatfs_cm7.out
#        --config_def __stack_size__=0x800 --map
#        C:\Users\nxf44444\Downloads\SDK_1170\boards\evkmimxrt1170\sdmmc_examples\sdcard_fatfs\cm7\iar\debug\list\sdcard_fatfs_cm7.map
#        --config
#        C:\Users\nxf44444\Downloads\SDK_1170\boards\evkmimxrt1170\sdmmc_examples\sdcard_fatfs\cm7\iar/MIMXRT1176xxxxx_cm7_ram.icf
#        --semihosting --entry Reset_Handler --vfe --text_out locale)
#
###############################################################################

*******************************************************************************
*** MESSAGES
***

Error[Lp011]: section placement failed
            unable to allocate space for sections/blocks with a total estimated
                      minimum size of 0x6'8324 bytes (max align 0x8) in
                      <[0x0-0x3ff], [0x400-0x3'ffff]> (total uncommitted space
                      0x3'fc00).
Error[Lp011]: section placement failed
            unable to allocate space for sections/blocks with a total estimated
                      minimum size of 0x7'c340 bytes (max align 0x8) in
                      <[0x2000'0000-0x2003'f7ff]> (total uncommitted space
                      0x3'f800).


*******************************************************************************
*** RUNTIME MODEL ATTRIBUTES
***

CppFlavor       = *
__Heap_Handler  = DLMalloc
__SystemLibrary = DLib
__dlib_version  = 6


*******************************************************************************
*** HEAP SELECTION
***

The advanced heap was selected because the application calls memory
allocation functions outside of system library functions, and there
are calls to deallocation functions in the application.


*******************************************************************************
*** PLACEMENT SUMMARY
***

"A0":  place at address 0x0 { ro section .intvec };
"P1":  place in [from 0x0 to 0x3ff] |
                [from 0x400 to 0x3'ffff] { ro };
define block RW { rw };
"P2":  place in [from 0x2000'0000 to 0x2003'f7ff] { block RW };
define block ZI { zi };
"P3":  place in [from 0x2000'0000 to 0x2003'f7ff] { block ZI };
define block NCACHE_VAR { section NonCacheable, section NonCacheable.init };
"P5":  place in [from 0x2000'0000 to 0x2003'f7ff] { block NCACHE_VAR };
define block HEAP with size = 1K, alignment = 8 { };
"P4":  place in [from 0x2000'0000 to 0x2003'f7ff] { last block HEAP };
define block CSTACK with size = 2K, alignment = 8 { };
"P6":  place in [from 0x2003'f800 to 0x2003'ffff] { block CSTACK };
initialize by copy { rw, section .textrw };

No sections matched the following patterns:

  section NonCacheable.init  in block NCACHE_VAR


  Section            Kind         Address      Size  Object
  -------            ----         -------      ----  ------
"A0":                                         0x400
  .intvec            ro code          0x0     0x400  startup_MIMXRT1176_cm7.o [1]
                                  - 0x400     0x400

"P6":                                         0x800
  CSTACK                      0x2003'f800     0x800  <Block>
    CSTACK           uninit   0x2003'f800     0x800  <Block tail>
                            - 0x2004'0000     0x800

"P1" (*** FAILED ***):                     0x6'8324
  .text              ro code               0x1'2b68  analyse.o [1]
  .text              ro code                   0x1c  fsl_assert.o [1]
  .text              ro code                 0x3904  macroblock_encoder.o [1]
  .text              ro code                 0x12a0  mvpred.o [1]
  .text              ro code                    0x8  abs.o [2]
  .text              ro code                 0x1fc4  deblock.o [1]
  .text              ro code                   0xa6  ABImemcpy.o [4]
  .text              ro code                   0x3a  zero_init3.o [4]
  .text              ro code                   0x66  ABImemset.o [4]
  .text              ro code                   0x2e  copy_init3.o [4]
  .text              ro code                 0x2f04  common.o [1]
  .text              ro code                   0xc0  logf.o [3]
  .text              ro code                 0x17fe  frame.o [1]
  .text              ro code                   0x1e  xsscin.o [2]
  .text              ro code                    0x6  ABImemclr4.o [4]
  .text              ro code                   0x1a  xsnprout.o [2]
  .text              ro code                 0x5cd4  me.o [1]
  .text              ro code                 0x4f68  macroblock.o [1]
  .text              ro code                  0x274  I64DivMod.o [4]
  .text              ro code                 0x50a4  ratecontrol.o [1]
  .text              ro code                  0x1c4  fsl_debug_console.o [1]
  .text              ro code                    0x8  cpu.o [1]
  .text              ro code                   0x94  iar_Stolx.o [2]
  .text              ro code                   0x54  strcasecmp.o [2]
  .text              ro code                   0x36  strlen.o [4]
  .text              ro code                    0xa  xsprout.o [2]
  .text              ro code                   0x18  strcpy.o [4]
  .text              ro code                   0x4c  strtok.o [2]
  .text              ro code                   0x44  strncasecmp.o [2]
  .text              ro code                   0x28  sscanf.o [2]
  .text              ro code                   0x16  strchr.o [4]
  .text              ro code                    0x2  startup_MIMXRT1176_cm7.o [1]
  .text              ro code                   0x12  strcmp.o [4]
  .text              ro code                    0x2  startup_MIMXRT1176_cm7.o [1]
  .text              ro code                  0x45e  strto64.o [3]
  .text              ro code                    0x2  startup_MIMXRT1176_cm7.o [1]
  .text              ro code                 0x14dc  dlmalloc.o [2]
  .text              ro code                   0x28  strncmp.o [2]
  .text              ro code                    0xa  isdigit.o [2]
  .text              ro code                    0x2  startup_MIMXRT1176_cm7.o [1]
  .text              ro code                   0x39  strtok_r.o [2]
  .rodata            const                      0x1  common.o [1]
  .text              ro code                    0x4  heaptramp0.o [2]
  .text              ro code                   0x2c  strstr.o [2]
  .text              ro code                    0x2  startup_MIMXRT1176_cm7.o [1]
  .text              ro code                   0x40  sprintf.o [2]
  .text              ro code                   0x24  errno.o [2]
  .text              ro code                   0x32  ABImemset48.o [4]
  .text              ro code                    0x2  startup_MIMXRT1176_cm7.o [1]
  .text              ro code                    0x2  I64DivZer.o [4]
  .text              ro code                    0x2  startup_MIMXRT1176_cm7.o [1]
  .text              ro code                  0x380  pow32.o [3]
  .text              ro code                  0x560  pow64.o [3]
  .text              ro code                   0x1e  sqrt.o [3]
  .text              ro code                    0x2  startup_MIMXRT1176_cm7.o [1]
  .text              ro code                   0x1e  U64Shr.o [4]
  .text              ro code                    0x2  startup_MIMXRT1176_cm7.o [1]
  .text              ro code                   0x5c  DblToS64.o [3]
  .text              ro code                   0x46  U64ToDbl.o [3]
  .rodata            const                      0x1  cpu.o [1]
  .text              ro code                   0xd8  log.o [3]
  .text              ro code                   0x22  strcspn.o [2]
  .text              ro code                 0x8b2c  encoder.o [1]
  .text              ro code                   0x52  S64ToDbl.o [3]
  .text              ro code                   0x58  exp.o [3]
  .text              ro code                 0x4a70  slicetype.o [1]
  .text              ro code                  0x15e  fsl_component_serial_manager.o [1]
  .text              ro code                  0x4c4  fsl_str.o [1]
  .text              ro code                  0x14a  iar_Stoulx.o [2]
  .text              ro code                    0xc  tolower.o [2]
  .text              ro code                   0x22  strspn.o [2]
  .text              ro code                  0x684  xscanfsmall_nomb.o [2]
  .text              ro code                   0x7c  frexp.o [3]
  .text              ro code                   0xf0  ldexp.o [3]
  .text              ro code                  0x120  iar_Stopfx.o [2]
  .text              ro code                  0x1a8  iar_Stoflt.o [2]
  .text              ro code                  0x20c  iar_Stoxflt.o [2]
  .text              ro code                    0x6  abort.o [2]
  .text              ro code                   0x2c  xgetmemchunk.o [2]
  .text              ro code                    0x6  ABImemclr.o [4]
  .text              ro code                  0x501  xprintfsmall_nomb.o [2]
  .text              ro code                    0x4  tp_nothreads.o [2]
  .text              ro code                   0x48  frexpf.o [3]
  .text              ro code                  0x23c  iar_Exp32.o [3]
  .text              ro code                  0x330  iar_Exp64.o [3]
  .text              ro code                   0xc8  log10.o [3]
  .text              ro code                 0x19fc  set_encoder.o [1]
  .text              ro code                  0xefc  set.o [1]
  .text              ro code                 0x21b0  predict.o [1]
  .text              ro code                 0x2720  pixel.o [1]
  .text              ro code                 0x2cb4  dct.o [1]
  .text              ro code                 0x1a74  mc.o [1]
  .text              ro code                  0xc84  quant.o [1]
  .text              ro code                  0x13c  bitstream.o [1]
  .text              ro code                  0x3c4  cabac.o [1]
  .text              ro code                  0x1f4  vlc.o [1]
  .text              ro code                  0x33a  lookahead.o [1]
  .text              ro code                   0x44  snprintf.o [2]
  .text              ro code                 0x220c  cabac_encoder.o [1]
  .text              ro code                 0x1388  cavlc.o [1]
  .text              ro code                   0x96  ABImemmove.o [4]
  .text              ro code                   0xe2  xexp.o [3]
  .text              ro code                   0x48  U64ToFlt.o [3]
  .text              ro code                   0x1e  sqrtf.o [3]
  .text              ro code                   0x62  round.o [3]
  .text              ro code                   0x48  fsl_component_serial_port_uart.o [1]
  .text              ro code                   0x58  memchr.o [4]
  .text              ro code                   0x40  xfail_s.o [2]
  .text              ro code                   0x14  exit.o [5]
  .text              ro code                   0xc4  ldexpf.o [3]
  .text              ro code                   0x68  memcmp.o [4]
  .text              ro code                   0x22  I64Shl.o [4]
  .text              ro code                   0x24  strpbrk.o [2]
  .text              ro code                  0x144  fsl_adapter_lpuart.o [1]
  .text              ro code                   0x7c  iarttio.o [5]
  .text              ro code                  0x4d4  fsl_lpuart.o [1]
  .text              ro code                   0x3c  XShttio.o [2]
  .text              ro code                 0x1bb8  fsl_sd.o [1]
  .text              ro code                 0x10dc  fsl_usdhc.o [1]
  .text              ro code                  0x174  fsl_sdmmc_common.o [1]
  .text              ro code                  0x8d0  fsl_sdmmc_host.o [1]
  .text              ro code                  0x13c  fsl_sdmmc_osa.o [1]
  .text              ro code                   0xc8  fsl_cache.o [1]
  .text              ro code                   0xf0  fsl_os_abstraction_bm.o [1]
  .text              ro code                   0x84  fsl_common.o [1]
  .text              ro code                 0x18d4  ff.o [1]
  .text              ro code                   0xae  diskio.o [1]
  .text              ro code                  0x144  fsl_sd_disk.o [1]
  .rodata            const                   0x1800  cabac.o [1]
  .text              ro code                 0x1234  x264.o [1]
  .text              ro code                   0xcc  video.o [1]
  .text              ro code                    0x2  osdep.o [1]
  .text              ro code                  0x1bc  fmod.o [3]
  .rodata            const                   0x10ac  slicetype.o [1]
  .text              ro code                  0x93c  fsl_clock.o [1]
  .text              ro code                   0x5c  fsl_anatop.o [1]
  .text              ro code                  0x466  fsl_anatop_ai.o [1]
  .text              ro code                  0x8b8  depth.o [1]
  .text              ro code                  0x264  input.o [1]
  .text              ro code                  0x2ac  filters.o [1]
  .text              ro code                   0x3a  FltToU64.o [3]
  .rodata            const                    0x800  cabac.o [1]
  .rodata            const                    0x420  pow64.o [3]
  .text              ro code                  0x398  board.o [1]
  .text              ro code                  0x380  sdmmc_config.o [1]
  .text              ro code                  0x1f6  fsl_gpio.o [1]
  .rodata            const                    0x300  input.o [1]
  .rodata            const                    0x300  vlc.o [1]
  .text              ro code                  0x2ee  crop.o [1]
  .text              ro code                   0x28  printf.o [2]
  .text              ro code                  0x2e8  select_every.o [1]
  .text              ro code                  0x2b8  clock_config.o [1]
  .text              ro code                  0x240  fsl_pmu.o [1]
  .rodata            const                    0x2a0  set_encoder.o [1]
  .rodata            const                    0x290  analyse.o [1]
  .text              ro code                  0x28c  raw_input.o [1]
  .rodata            const                    0x278  board.o [1]
  .rodata            const                    0x278  clock_config.o [1]
  .rodata            const                    0x278  fsl_clock.o [1]
  .rodata            const                    0x278  sdmmc_config.o [1]
  .text              ro code                  0x264  pin_mux.o [1]
  .text              ro code                  0x22c  cache.o [1]
  .text              ro code                  0x140  internal.o [1]
  .rodata            const                    0x200  analyse.o [1]
  .text              ro code                  0x1e8  fix_vfr_pts.o [1]
  .rodata            const                    0x1e0  vlc.o [1]
  .text              ro code                  0x1aa  system_MIMXRT1176_cm7.o [1]
  Initializer bytes  const                    0x190  <for RW-1> (used: 0x0)
  .rodata            const                    0x160  deblock.o [1]
  .rodata            const                    0x148  analyse.o [1]
  .text              ro code                  0x104  sdcard_fatfs.o [1]
  .rodata            const                    0x100  analyse.o [1]
  .rodata            const                    0x100  cabac.o [1]
  .rodata            const                    0x100  cabac.o [1]
  .rodata            const                    0x100  cabac.o [1]
  .rodata            const                    0x100  cavlc.o [1]
  .rodata            const                    0x100  dct.o [1]
  .rodata            const                    0x100  dct.o [1]
  .rodata            const                    0x100  encoder.o [1]
  .rodata            const                    0x100  set_encoder.o [1]
  .rodata            const                    0x100  slicetype.o [1]
  .rodata            const                     0xf0  select_every.o [1]
  .text              ro code                   0xe4  raw.o [1]
  .rodata            const                     0xe0  vlc.o [1]
  .rodata            const                     0xe0  x264.o [1]
  .text              ro code                   0xe0  source.o [1]
  .rodata            const                     0xc0  analyse.o [1]
  .rodata            const                     0xc0  cavlc.o [1]
  .text              ro code                   0xb4  resize.o [1]
  .rodata            const                     0x74  analyse.o [1]
  .rodata            const                     0xb0  log.o [3]
  .rodata            const                     0xa8  xexp.o [3]
  .rodata            const                     0xa4  analyse.o [1]
  .rodata            const                     0x98  sdmmc_config.o [1]
  .rodata            const                     0x90  mc.o [1]
  .rodata            const                     0x84  me.o [1]
  .rodata            const                     0x80  analyse.o [1]
  .rodata            const                     0x80  analyse.o [1]
  .rodata            const                     0x80  analyse.o [1]
  .rodata            const                     0x80  fsl_sdmmc_common.o [1]
  .rodata            const                     0x80  set_encoder.o [1]
  .rodata            const                     0x74  cabac_encoder.o [1]
  .rodata            const                     0x70  analyse.o [1]
  .rodata            const                     0x70  cabac_encoder.o [1]
  .rodata            const                     0x70  lookahead.o [1]
  .rodata            const                     0x70  macroblock.o [1]
  .rodata            const                     0x70  macroblock.o [1]
  .rodata            const                     0x70  me.o [1]
  .rodata            const                     0x70  mvpred.o [1]
  .rodata            const                     0x70  ratecontrol.o [1]
  .rodata            const                     0x70  set_encoder.o [1]
  .rodata            const                     0x70  slicetype.o [1]
  .rodata            const                     0x70  vlc.o [1]
  .rodata            const                     0x6c  analyse.o [1]
  .rodata            const                     0x6c  encoder.o [1]
  .rodata            const                     0x6c  encoder.o [1]
  .rodata            const                     0x6c  filters.o [1]
  .rodata            const                     0x6c  frame.o [1]
  .rodata            const                     0x6c  sdmmc_config.o [1]
  .rodata            const                     0x64  analyse.o [1]
  .rodata            const                     0x64  analyse.o [1]
  .rodata            const                     0x64  board.o [1]
  .rodata            const                     0x64  encoder.o [1]
  .rodata            const                     0x64  encoder.o [1]
  .rodata            const                     0x60  encoder.o [1]
  .rodata            const                     0x60  fsl_sdmmc_host.o [1]
  .rodata            const                     0x58  deblock.o [1]
  .rodata            const                     0x58  deblock.o [1]
  .rodata            const                     0x58  fsl_usdhc.o [1]
  .rodata            const                     0x54  encoder.o [1]
  .rodata            const                     0x50  frame.o [1]
  .rodata            const                     0x50  fsl_anatop_ai.o [1]
  .rodata            const                     0x50  fsl_common.o [1]
  .rodata            const                     0x50  fsl_lpuart.o [1]
  .rodata            const                     0x50  fsl_usdhc.o [1]
  .rodata            const                     0x50  macroblock.o [1]
  .rodata            const                     0x50  slicetype.o [1]
  .rodata            const                     0x50  iar_Stoulx.o [2]
  .rodata            const                     0x4c  analyse.o [1]
  .rodata            const                     0x4c  analyse.o [1]
  .rodata            const                     0x4c  analyse.o [1]
  .rodata            const                     0x4c  board.o [1]
  .rodata            const                     0x4c  cabac_encoder.o [1]
  .rodata            const                     0x4c  cavlc.o [1]
  .rodata            const                     0x4c  clock_config.o [1]
  .rodata            const                     0x4c  common.o [1]
  .rodata            const                     0x4c  encoder.o [1]
  .rodata            const                     0x4c  encoder.o [1]
  .rodata            const                     0x4c  fsl_adapter_lpuart.o [1]
  .rodata            const                     0x4c  fsl_adapter_lpuart.o [1]
  .rodata            const                     0x4c  fsl_clock.o [1]
  .rodata            const                     0x4c  fsl_clock.o [1]
  .rodata            const                     0x4c  fsl_gpio.o [1]
  .rodata            const                     0x4c  fsl_os_abstraction_bm.o [1]
  .rodata            const                     0x4c  fsl_pmu.o [1]
  .rodata            const                     0x4c  fsl_sdmmc_osa.o [1]
  .rodata            const                     0x4c  fsl_usdhc.o [1]
  .rodata            const                     0x4c  fsl_usdhc.o [1]
  .rodata            const                     0x4c  sdmmc_config.o [1]
  .rodata            const                     0x4c  slicetype.o [1]
  .rodata            const                     0x4c  slicetype.o [1]
  .rodata            const                     0x4c  x264.o [1]
  .rodata            const                     0x48  analyse.o [1]
  .rodata            const                     0x48  encoder.o [1]
  .rodata            const                     0x48  set.o [1]
  .rodata            const                     0x44  common.o [1]
  .rodata            const                     0x48  strto64.o [3]
  .rodata            const                     0x44  encoder.o [1]
  .rodata            const                     0x44  encoder.o [1]
  .rodata            const                     0x44  encoder.o [1]
  .rodata            const                     0x44  fsl_sd.o [1]
  .rodata            const                     0x44  ratecontrol.o [1]
  .rodata            const                     0x44  x264.o [1]
  .rodata            const                     0x44  logf.o [3]
  .rodata            const                     0x40  analyse.o [1]
  .rodata            const                     0x40  analyse.o [1]
  .rodata            const                     0x40  analyse.o [1]
  .rodata            const                     0x40  analyse.o [1]
  .rodata            const                     0x40  cabac.o [1]
  .rodata            const                     0x40  cabac.o [1]
  .rodata            const                     0x40  dct.o [1]
  .rodata            const                     0x40  dct.o [1]
  .rodata            const                     0x40  encoder.o [1]
  .rodata            const                     0x40  fsl_clock.o [1]
  .rodata            const                     0x40  fsl_gpio.o [1]
  .rodata            const                     0x40  fsl_lpuart.o [1]
  .rodata            const                     0x40  fsl_sdmmc_common.o [1]
  .rodata            const                     0x40  quant.o [1]
  .rodata            const                     0x40  sdcard_fatfs.o [1]
  .rodata            const                     0x40  set.o [1]
  .rodata            const                     0x40  set.o [1]
  .rodata            const                     0x40  set_encoder.o [1]
  .rodata            const                     0x40  set_encoder.o [1]
  .rodata            const                     0x40  set_encoder.o [1]
  .rodata            const                     0x40  set_encoder.o [1]
  .rodata            const                     0x40  slicetype.o [1]
  .rodata            const                     0x40  x264.o [1]
  .rodata            const                     0x3c  encoder.o [1]
  .rodata            const                     0x3c  encoder.o [1]
  .rodata            const                     0x3c  encoder.o [1]
  .rodata            const                     0x3c  encoder.o [1]
  .rodata            const                     0x3c  frame.o [1]
  .rodata            const                     0x3c  fsl_gpio.o [1]
  .rodata            const                     0x3c  fsl_usdhc.o [1]
  .rodata            const                     0x3c  ratecontrol.o [1]
  .rodata            const                     0x3c  ratecontrol.o [1]
  .rodata            const                     0x3c  slicetype.o [1]
  .rodata            const                     0x38  common.o [1]
  .rodata            const                     0x38  crop.o [1]
  .rodata            const                     0x38  encoder.o [1]
  .rodata            const                     0x38  encoder.o [1]
  .rodata            const                     0x38  frame.o [1]
  .rodata            const                     0x38  fsl_clock.o [1]
  .rodata            const                     0x38  macroblock.o [1]
  .rodata            const                     0x38  x264.o [1]
  .rodata            const                     0x34  analyse.o [1]
  .rodata            const                     0x34  cabac_encoder.o [1]
  .rodata            const                     0x34  cavlc.o [1]
  .rodata            const                     0x34  common.o [1]
  .rodata            const                     0x34  common.o [1]
  .rodata            const                     0x34  common.o [1]
  .rodata            const                     0x34  encoder.o [1]
  .rodata            const                     0x34  encoder.o [1]
  .rodata            const                     0x34  encoder.o [1]
  .rodata            const                     0x34  encoder.o [1]
  .rodata            const                     0x34  encoder.o [1]
  .rodata            const                     0x34  encoder.o [1]
  .rodata            const                     0x34  encoder.o [1]
  .rodata            const                     0x34  fsl_adapter_lpuart.o [1]
  .rodata            const                     0x34  fsl_clock.o [1]
  .rodata            const                     0x34  fsl_lpuart.o [1]
  .rodata            const                     0x34  macroblock.o [1]
  .rodata            const                     0x34  macroblock_encoder.o [1]
  .rodata            const                     0x34  me.o [1]
  .rodata            const                     0x34  mvpred.o [1]
  .rodata            const                     0x34  ratecontrol.o [1]
  .rodata            const                     0x34  ratecontrol.o [1]
  .rodata            const                     0x34  set.o [1]
  .rodata            const                     0x34  set_encoder.o [1]
  .rodata            const                     0x34  slicetype.o [1]
  .rodata            const                     0x30  common.o [1]
  .rodata            const                     0x30  encoder.o [1]
  .rodata            const                     0x30  encoder.o [1]
  .rodata            const                     0x30  encoder.o [1]
  .rodata            const                     0x30  encoder.o [1]
  .rodata            const                     0x30  encoder.o [1]
  .rodata            const                     0x30  encoder.o [1]
  .rodata            const                     0x30  encoder.o [1]
  .rodata            const                     0x30  encoder.o [1]
  .rodata            const                     0x30  encoder.o [1]
  .rodata            const                     0x30  encoder.o [1]
  .rodata            const                     0x30  fsl_clock.o [1]
  .rodata            const                     0x30  fsl_sd.o [1]
  .rodata            const                     0x30  me.o [1]
  .rodata            const                     0x30  ratecontrol.o [1]
  .rodata            const                     0x30  x264.o [1]
  .rodata            const                     0x2c  analyse.o [1]
  .rodata            const                     0x2c  cache.o [1]
  .rodata            const                     0x2c  common.o [1]
  .rodata            const                     0x2c  common.o [1]
  .rodata            const                     0x2c  crop.o [1]
  .rodata            const                     0x2c  encoder.o [1]
  .rodata            const                     0x2c  encoder.o [1]
  .rodata            const                     0x2c  encoder.o [1]
  .rodata            const                     0x2c  encoder.o [1]
  .rodata            const                     0x2c  encoder.o [1]
  .rodata            const                     0x2c  encoder.o [1]
  .rodata            const                     0x2c  encoder.o [1]
  .rodata            const                     0x2c  encoder.o [1]
  .rodata            const                     0x2c  encoder.o [1]
  .rodata            const                     0x2c  encoder.o [1]
  .rodata            const                     0x2c  encoder.o [1]
  .rodata            const                     0x2c  frame.o [1]
  .rodata            const                     0x2c  fsl_assert.o [1]
  .rodata            const                     0x2c  set_encoder.o [1]
  .rodata            const                     0x2c  set_encoder.o [1]
  .rodata            const                     0x2c  x264.o [1]
  .rodata            const                     0x2c  x264.o [1]
  .rodata            const                     0x28  analyse.o [1]
  .rodata            const                     0x28  analyse.o [1]
  .rodata            const                     0x28  common.o [1]
  .rodata            const                     0x28  common.o [1]
  .rodata            const                     0x28  depth.o [1]
  .rodata            const                     0x28  encoder.o [1]
  .rodata            const                     0x28  encoder.o [1]
  .rodata            const                     0x28  encoder.o [1]
  .rodata            const                     0x28  encoder.o [1]
  .rodata            const                     0x28  encoder.o [1]
  .rodata            const                     0x28  encoder.o [1]
  .rodata            const                     0x28  encoder.o [1]
  .rodata            const                     0x28  fsl_adapter_lpuart.o [1]
  .rodata            const                     0x28  fsl_lpuart.o [1]
  .rodata            const                     0x28  fsl_lpuart.o [1]
  .rodata            const                     0x28  fsl_usdhc.o [1]
  .rodata            const                     0x28  ratecontrol.o [1]
  .rodata            const                     0x28  ratecontrol.o [1]
  .rodata            const                     0x28  ratecontrol.o [1]
  .rodata            const                     0x28  ratecontrol.o [1]
  .rodata            const                     0x28  ratecontrol.o [1]
  .rodata            const                     0x28  raw.o [1]
  .rodata            const                     0x28  raw_input.o [1]
  .rodata            const                     0x28  sdcard_fatfs.o [1]
  .rodata            const                     0x28  select_every.o [1]
  .rodata            const                     0x28  set.o [1]
  .rodata            const                     0x28  set_encoder.o [1]
  .rodata            const                     0x28  set_encoder.o [1]
  .rodata            const                     0x28  set_encoder.o [1]
  .rodata            const                     0x28  x264.o [1]
  .rodata            const                     0x28  x264.o [1]
  .rodata            const                     0x28  x264.o [1]
  .rodata            const                     0x28  x264.o [1]
  .text              ro code                   0x28  startup_MIMXRT1176_cm7.o [1]
  .text              ro code                   0x28  data_init.o [4]
  .rodata            const                     0x24  analyse.o [1]
  .rodata            const                     0x24  analyse.o [1]
  .rodata            const                     0x24  cabac_encoder.o [1]
  .rodata            const                     0x24  cavlc.o [1]
  .rodata            const                     0x24  common.o [1]
  .rodata            const                     0x24  common.o [1]
  .rodata            const                     0x24  crop.o [1]
  .rodata            const                     0x24  crop.o [1]
  .rodata            const                     0x24  crop.o [1]
  .rodata            const                     0x24  depth.o [1]
  .rodata            const                     0x24  encoder.o [1]
  .rodata            const                     0x24  encoder.o [1]
  .rodata            const                     0x24  encoder.o [1]
  .rodata            const                     0x24  encoder.o [1]
  .rodata            const                     0x24  encoder.o [1]
  .rodata            const                     0x24  encoder.o [1]
  .rodata            const                     0x24  encoder.o [1]
  .rodata            const                     0x24  encoder.o [1]
  .rodata            const                     0x24  encoder.o [1]
  .rodata            const                     0x24  encoder.o [1]
  .rodata            const                     0x24  encoder.o [1]
  .rodata            const                     0x24  filters.o [1]
  .rodata            const                     0x24  ratecontrol.o [1]
  .rodata            const                     0x24  ratecontrol.o [1]
  .rodata            const                     0x24  ratecontrol.o [1]
  .rodata            const                     0x24  raw_input.o [1]
  .rodata            const                     0x24  resize.o [1]
  .rodata            const                     0x24  set.o [1]
  .rodata            const                     0x24  set.o [1]
  .rodata            const                     0x24  set_encoder.o [1]
  .rodata            const                     0x24  set_encoder.o [1]
  .rodata            const                     0x24  set_encoder.o [1]
  .rodata            const                     0x24  x264.o [1]
  .rodata            const                     0x24  x264.o [1]
  .rodata            const                     0x24  x264.o [1]
  .rodata            const                     0x24  xscanfsmall_nomb.o [2]
  .text              ro code                   0x22  fpinit_M.o [3]
  .text              ro code                   0x22  iarwrite.o [5]
  .iar.init_table    const                     0x2c  - Linker created -
  .rodata            const                     0x20  analyse.o [1]
  .rodata            const                     0x20  analyse.o [1]
  .rodata            const                     0x20  analyse.o [1]
  .rodata            const                     0x20  analyse.o [1]
  .rodata            const                     0x20  analyse.o [1]
  .rodata            const                     0x20  common.o [1]
  .rodata            const                     0x20  crop.o [1]
  .rodata            const                     0x20  encoder.o [1]
  .rodata            const                     0x20  encoder.o [1]
  .rodata            const                     0x20  encoder.o [1]
  .rodata            const                     0x20  encoder.o [1]
  .rodata            const                     0x20  encoder.o [1]
  .rodata            const                     0x20  encoder.o [1]
  .rodata            const                     0x20  encoder.o [1]
  .rodata            const                     0x20  frame.o [1]
  .rodata            const                     0x20  fsl_clock.o [1]
  .rodata            const                     0x20  fsl_usdhc.o [1]
  .rodata            const                     0x20  internal.o [1]
  .rodata            const                     0x20  lookahead.o [1]
  .rodata            const                     0x20  macroblock_encoder.o [1]
  .rodata            const                     0x20  me.o [1]
  .rodata            const                     0x20  me.o [1]
  .rodata            const                     0x20  ratecontrol.o [1]
  .rodata            const                     0x20  ratecontrol.o [1]
  .rodata            const                     0x20  ratecontrol.o [1]
  .rodata            const                     0x20  raw_input.o [1]
  .rodata            const                     0x20  raw_input.o [1]
  .rodata            const                     0x20  select_every.o [1]
  .rodata            const                     0x20  set.o [1]
  .rodata            const                     0x20  set_encoder.o [1]
  .rodata            const                     0x20  set_encoder.o [1]
  .rodata            const                     0x20  x264.o [1]
  .rodata            const                     0x20  x264.o [1]
  .rodata            const                     0x20  x264.o [1]
  .text              ro code                   0x20  putchar.o [2]
  .text              ro code                   0x10  write.o [5]
  .text              ro code                   0x1e  dwrite.o [5]
  .text              ro code                   0x20  iarwstd.o [5]
  .text              ro code                   0x1e  cmain.o [4]
  .text              ro code                    0x4  low_level_init.o [2]
  .text              ro code                    0x4  exit.o [2]
  .text              ro code                    0xa  cexit.o [4]
  .rodata            const                     0x1c  analyse.o [1]
  .rodata            const                     0x1c  analyse.o [1]
  .rodata            const                     0x1c  analyse.o [1]
  .rodata            const                     0x1c  analyse.o [1]
  .rodata            const                     0x1c  analyse.o [1]
  .rodata            const                     0x1c  board.o [1]
  .rodata            const                     0x1c  cabac_encoder.o [1]
  .rodata            const                     0x1c  cabac_encoder.o [1]
  .rodata            const                     0x1c  cavlc.o [1]
  .rodata            const                     0x1c  common.o [1]
  .rodata            const                     0x1c  common.o [1]
  .rodata            const                     0x1c  common.o [1]
  .rodata            const                     0x1c  common.o [1]
  .rodata            const                     0x1c  depth.o [1]
  .rodata            const                     0x1c  encoder.o [1]
  .rodata            const                     0x1c  encoder.o [1]
  .rodata            const                     0x1c  encoder.o [1]
  .rodata            const                     0x1c  encoder.o [1]
  .rodata            const                     0x1c  encoder.o [1]
  .rodata            const                     0x1c  encoder.o [1]
  .rodata            const                     0x1c  frame.o [1]
  .rodata            const                     0x1c  fsl_clock.o [1]
  .rodata            const                     0x1c  fsl_lpuart.o [1]
  .rodata            const                     0x1c  internal.o [1]
  .rodata            const                     0x1c  macroblock.o [1]
  .rodata            const                     0x1c  raw.o [1]
  .rodata            const                     0x1c  raw_input.o [1]
  .rodata            const                     0x1c  x264.o [1]
  .rodata            const                     0x1c  x264.o [1]
  .rodata            const                     0x1c  x264.o [1]
  .rodata            const                     0x1c  x264.o [1]
  .rodata            const                     0x18  analyse.o [1]
  .rodata            const                     0x18  analyse.o [1]
  .rodata            const                     0x18  board.o [1]
  .rodata            const                     0x18  common.o [1]
  .rodata            const                     0x18  common.o [1]
  .rodata            const                     0x18  common.o [1]
  .rodata            const                     0x18  common.o [1]
  .rodata            const                     0x18  common.o [1]
  .rodata            const                     0x18  common.o [1]
  .rodata            const                     0x18  common.o [1]
  .rodata            const                     0x18  common.o [1]
  .rodata            const                     0x18  encoder.o [1]
  .rodata            const                     0x18  encoder.o [1]
  .rodata            const                     0x18  encoder.o [1]
  .rodata            const                     0x18  encoder.o [1]
  .rodata            const                     0x18  encoder.o [1]
  .rodata            const                     0x18  encoder.o [1]
  .rodata            const                     0x18  filters.o [1]
  .rodata            const                     0x18  filters.o [1]
  .rodata            const                     0x18  fsl_common.o [1]
  .rodata            const                     0x18  fsl_sd.o [1]
  .rodata            const                     0x18  fsl_sd.o [1]
  .rodata            const                     0x18  fsl_usdhc.o [1]
  .rodata            const                     0x18  me.o [1]
  .rodata            const                     0x18  ratecontrol.o [1]
  .rodata            const                     0x18  ratecontrol.o [1]
  .rodata            const                     0x18  raw.o [1]
  .rodata            const                     0x18  raw_input.o [1]
  .rodata            const                     0x18  sdcard_fatfs.o [1]
  .rodata            const                     0x18  sdcard_fatfs.o [1]
  .rodata            const                     0x18  sdcard_fatfs.o [1]
  .rodata            const                     0x18  sdcard_fatfs.o [1]
  .rodata            const                     0x18  select_every.o [1]
  .rodata            const                     0x18  select_every.o [1]
  .rodata            const                     0x18  select_every.o [1]
  .rodata            const                     0x18  set.o [1]
  .rodata            const                     0x18  slicetype.o [1]
  .rodata            const                     0x18  slicetype.o [1]
  .rodata            const                     0x18  video.o [1]
  .rodata            const                     0x18  vlc.o [1]
  .rodata            const                     0x18  x264.o [1]
  .text              ro code                   0x16  xprout.o [2]
  .rodata            const                     0x14  analyse.o [1]
  .rodata            const                     0x14  analyse.o [1]
  .rodata            const                     0x14  analyse.o [1]
  .rodata            const                     0x14  analyse.o [1]
  .rodata            const                     0x14  analyse.o [1]
  .rodata            const                     0x14  analyse.o [1]
  .rodata            const                     0x14  cabac_encoder.o [1]
  .rodata            const                     0x14  cabac_encoder.o [1]
  .rodata            const                     0x14  cavlc.o [1]
  .rodata            const                     0x14  cavlc.o [1]
  .rodata            const                     0x14  clock_config.o [1]
  .rodata            const                     0x14  common.o [1]
  .rodata            const                     0x14  common.o [1]
  .rodata            const                     0x14  common.o [1]
  .rodata            const                     0x14  common.o [1]
  .rodata            const                     0x14  common.o [1]
  .rodata            const                     0x14  common.o [1]
  .rodata            const                     0x14  common.o [1]
  .rodata            const                     0x14  common.o [1]
  .rodata            const                     0x14  common.o [1]
  .rodata            const                     0x14  common.o [1]
  .rodata            const                     0x14  common.o [1]
  .rodata            const                     0x14  common.o [1]
  .rodata            const                     0x14  common.o [1]
  .rodata            const                     0x14  common.o [1]
  .rodata            const                     0x14  common.o [1]
  .rodata            const                     0x14  common.o [1]
  .rodata            const                     0x14  common.o [1]
  .rodata            const                     0x14  crop.o [1]
  .rodata            const                     0x14  crop.o [1]
  .rodata            const                     0x14  encoder.o [1]
  .rodata            const                     0x14  encoder.o [1]
  .rodata            const                     0x14  encoder.o [1]
  .rodata            const                     0x14  encoder.o [1]
  .rodata            const                     0x14  encoder.o [1]
  .rodata            const                     0x14  encoder.o [1]
  .rodata            const                     0x14  fsl_sd.o [1]
  .rodata            const                     0x14  fsl_sdmmc_osa.o [1]
  .rodata            const                     0x14  fsl_usdhc.o [1]
  .rodata            const                     0x14  fsl_usdhc.o [1]
  .rodata            const                     0x14  fsl_usdhc.o [1]
  .rodata            const                     0x14  fsl_usdhc.o [1]
  .rodata            const                     0x14  macroblock.o [1]
  .rodata            const                     0x14  macroblock_encoder.o [1]
  .rodata            const                     0x14  me.o [1]
  .rodata            const                     0x14  ratecontrol.o [1]
  .rodata            const                     0x14  raw.o [1]
  .rodata            const                     0x14  sdcard_fatfs.o [1]
  .rodata            const                     0x14  sdcard_fatfs.o [1]
  .rodata            const                     0x14  sdmmc_config.o [1]
  .rodata            const                     0x14  select_every.o [1]
  .rodata            const                     0x14  set.o [1]
  .rodata            const                     0x14  x264.o [1]
  .rodata            const                     0x10  analyse.o [1]
  .rodata            const                     0x10  analyse.o [1]
  .rodata            const                     0x10  analyse.o [1]
  .rodata            const                     0x10  analyse.o [1]
  .rodata            const                     0x10  analyse.o [1]
  .rodata            const                     0x10  analyse.o [1]
  .rodata            const                     0x10  analyse.o [1]
  .rodata            const                     0x10  analyse.o [1]
  .rodata            const                     0x10  analyse.o [1]
  .rodata            const                     0x10  analyse.o [1]
  .rodata            const                     0x10  analyse.o [1]
  .rodata            const                     0x10  analyse.o [1]
  .rodata            const                     0x10  analyse.o [1]
  .rodata            const                     0x10  analyse.o [1]
  .rodata            const                     0x10  analyse.o [1]
  .rodata            const                     0x10  cabac_encoder.o [1]
  .rodata            const                     0x10  cabac_encoder.o [1]
  .rodata            const                     0x10  cabac_encoder.o [1]
  .rodata            const                     0x10  cabac_encoder.o [1]
  .rodata            const                     0x10  cavlc.o [1]
  .rodata            const                     0x10  cavlc.o [1]
  .rodata            const                     0x10  cavlc.o [1]
  .rodata            const                     0x10  cavlc.o [1]
  .rodata            const                     0x10  common.o [1]
  .rodata            const                     0x10  common.o [1]
  .rodata            const                     0x10  common.o [1]
  .rodata            const                     0x10  common.o [1]
  .rodata            const                     0x10  common.o [1]
  .rodata            const                     0x10  common.o [1]
  .rodata            const                     0x10  common.o [1]
  .rodata            const                     0x10  common.o [1]
  .rodata            const                     0x10  common.o [1]
  .rodata            const                     0x10  common.o [1]
  .rodata            const                     0x10  common.o [1]
  .rodata            const                     0x10  common.o [1]
  .rodata            const                     0x10  common.o [1]
  .rodata            const                     0x10  common.o [1]
  .rodata            const                     0x10  common.o [1]
  .rodata            const                     0x10  common.o [1]
  .rodata            const                     0x10  common.o [1]
  .rodata            const                     0x10  common.o [1]
  .rodata            const                     0x10  common.o [1]
  .rodata            const                     0x10  common.o [1]
  .rodata            const                     0x10  common.o [1]
  .rodata            const                     0x10  common.o [1]
  .rodata            const                     0x10  common.o [1]
  .rodata            const                     0x10  common.o [1]
  .rodata            const                     0x10  common.o [1]
  .rodata            const                     0x10  common.o [1]
  .rodata            const                     0x10  common.o [1]
  .rodata            const                     0x10  common.o [1]
  .rodata            const                     0x10  common.o [1]
  .rodata            const                     0x10  common.o [1]
  .rodata            const                     0x10  common.o [1]
  .rodata            const                     0x10  common.o [1]
  .rodata            const                     0x10  common.o [1]
  .rodata            const                     0x10  common.o [1]
  .rodata            const                     0x10  common.o [1]
  .rodata            const                     0x10  common.o [1]
  .rodata            const                     0x10  common.o [1]
  .rodata            const                     0x10  common.o [1]
  .rodata            const                     0x10  common.o [1]
  .rodata            const                     0x10  common.o [1]
  .rodata            const                     0x10  common.o [1]
  .rodata            const                     0x10  common.o [1]
  .rodata            const                     0x10  common.o [1]
  .rodata            const                     0x10  crop.o [1]
  .rodata            const                     0x10  encoder.o [1]
  .rodata            const                     0x10  encoder.o [1]
  .rodata            const                     0x10  encoder.o [1]
  .rodata            const                     0x10  encoder.o [1]
  .rodata            const                     0x10  encoder.o [1]
  .rodata            const                     0x10  encoder.o [1]
  .rodata            const                     0x10  ff.o [1]
  .rodata            const                     0x10  filters.o [1]
  .rodata            const                     0x10  filters.o [1]
  .rodata            const                     0x10  fsl_common.o [1]
  .rodata            const                     0x10  fsl_debug_console.o [1]
  .rodata            const                     0x10  fsl_gpio.o [1]
  .rodata            const                     0x10  fsl_lpuart.o [1]
  .rodata            const                     0x10  fsl_os_abstraction_bm.o [1]
  .rodata            const                     0x10  fsl_sdmmc_host.o [1]
  .rodata            const                     0x10  fsl_usdhc.o [1]
  .rodata            const                     0x10  fsl_usdhc.o [1]
  .rodata            const                     0x10  fsl_usdhc.o [1]
  .rodata            const                     0x10  fsl_usdhc.o [1]
  .rodata            const                     0x10  fsl_usdhc.o [1]
  .rodata            const                     0x10  fsl_usdhc.o [1]
  .rodata            const                     0x10  fsl_usdhc.o [1]
  .rodata            const                     0x10  fsl_usdhc.o [1]
  .rodata            const                     0x10  fsl_usdhc.o [1]
  .rodata            const                     0x10  macroblock_encoder.o [1]
  .rodata            const                     0x10  macroblock_encoder.o [1]
  .rodata            const                     0x10  macroblock_encoder.o [1]
  .rodata            const                     0x10  macroblock_encoder.o [1]
  .rodata            const                     0x10  macroblock_encoder.o [1]
  .rodata            const                     0x10  mc.o [1]
  .rodata            const                     0x10  mc.o [1]
  .rodata            const                     0x10  me.o [1]
  .rodata            const                     0x10  me.o [1]
  .rodata            const                     0x10  me.o [1]
  .rodata            const                     0x10  me.o [1]
  .rodata            const                     0x10  quant.o [1]
  .rodata            const                     0x10  ratecontrol.o [1]
  .rodata            const                     0x10  ratecontrol.o [1]
  .rodata            const                     0x10  raw.o [1]
  .rodata            const                     0x10  raw.o [1]
  .rodata            const                     0x10  select_every.o [1]
  .rodata            const                     0x10  set.o [1]
  .rodata            const                     0x10  set.o [1]
  .rodata            const                     0x10  set.o [1]
  .rodata            const                     0x10  set.o [1]
  .rodata            const                     0x10  set.o [1]
  .rodata            const                     0x10  set.o [1]
  .rodata            const                     0x10  set.o [1]
  .rodata            const                     0x10  set.o [1]
  .rodata            const                     0x10  set.o [1]
  .rodata            const                     0x10  set.o [1]
  .rodata            const                     0x10  set.o [1]
  .rodata            const                     0x10  set.o [1]
  .rodata            const                     0x10  set_encoder.o [1]
  .rodata            const                     0x10  set_encoder.o [1]
  .rodata            const                     0x10  set_encoder.o [1]
  .rodata            const                     0x10  set_encoder.o [1]
  .rodata            const                     0x10  set_encoder.o [1]
  .rodata            const                     0x10  slicetype.o [1]
  .rodata            const                     0x10  x264.o [1]
  .rodata            const                     0x10  x264.o [1]
  .rodata            const                      0xc  analyse.o [1]
  .rodata            const                      0xc  analyse.o [1]
  .rodata            const                      0xc  analyse.o [1]
  .rodata            const                      0xc  analyse.o [1]
  .rodata            const                      0xc  common.o [1]
  .rodata            const                      0xc  common.o [1]
  .rodata            const                      0xc  common.o [1]
  .rodata            const                      0xc  common.o [1]
  .rodata            const                      0xc  common.o [1]
  .rodata            const                      0xc  common.o [1]
  .rodata            const                      0xc  common.o [1]
  .rodata            const                      0xc  common.o [1]
  .rodata            const                      0xc  common.o [1]
  .rodata            const                      0xc  common.o [1]
  .rodata            const                      0xc  common.o [1]
  .rodata            const                      0xc  common.o [1]
  .rodata            const                      0xc  common.o [1]
  .rodata            const                      0xc  common.o [1]
  .rodata            const                      0xc  common.o [1]
  .rodata            const                      0xc  common.o [1]
  .rodata            const                      0xc  common.o [1]
  .rodata            const                      0xc  common.o [1]
  .rodata            const                      0xc  common.o [1]
  .rodata            const                      0xc  common.o [1]
  .rodata            const                      0xc  common.o [1]
  .rodata            const                      0xc  common.o [1]
  .rodata            const                      0xc  common.o [1]
  .rodata            const                      0xc  common.o [1]
  .rodata            const                      0xc  common.o [1]
  .rodata            const                      0xc  common.o [1]
  .rodata            const                      0xc  common.o [1]
  .rodata            const                      0xc  common.o [1]
  .rodata            const                      0xc  common.o [1]
  .rodata            const                      0xc  common.o [1]
  .rodata            const                      0xc  common.o [1]
  .rodata            const                      0xc  common.o [1]
  .rodata            const                      0xc  common.o [1]
  .rodata            const                      0xc  common.o [1]
  .rodata            const                      0xc  common.o [1]
  .rodata            const                      0xc  common.o [1]
  .rodata            const                      0xc  common.o [1]
  .rodata            const                      0xc  common.o [1]
  .rodata            const                      0xc  common.o [1]
  .rodata            const                      0xc  common.o [1]
  .rodata            const                      0xc  common.o [1]
  .rodata            const                      0xc  common.o [1]
  .rodata            const                      0xc  common.o [1]
  .rodata            const                      0xc  common.o [1]
  .rodata            const                      0xc  common.o [1]
  .rodata            const                      0xc  common.o [1]
  .rodata            const                      0xc  common.o [1]
  .rodata            const                      0xc  common.o [1]
  .rodata            const                      0xc  common.o [1]
  .rodata            const                      0xc  common.o [1]
  .rodata            const                      0xc  common.o [1]
  .rodata            const                      0xc  common.o [1]
  .rodata            const                      0xc  common.o [1]
  .rodata            const                      0xc  common.o [1]
  .rodata            const                      0xc  common.o [1]
  .rodata            const                      0xc  common.o [1]
  .rodata            const                      0xc  common.o [1]
  .rodata            const                      0xc  common.o [1]
  .rodata            const                      0xc  common.o [1]
  .rodata            const                      0xc  common.o [1]
  .rodata            const                      0xc  common.o [1]
  .rodata            const                      0xc  common.o [1]
  .rodata            const                      0xc  common.o [1]
  .rodata            const                      0xc  common.o [1]
  .rodata            const                      0xc  common.o [1]
  .rodata            const                      0xc  common.o [1]
  .rodata            const                      0xc  common.o [1]
  .rodata            const                      0xc  common.o [1]
  .rodata            const                      0xc  common.o [1]
  .rodata            const                      0xc  common.o [1]
  .rodata            const                      0xc  common.o [1]
  .rodata            const                      0xc  common.o [1]
  .rodata            const                      0xc  common.o [1]
  .rodata            const                      0xc  common.o [1]
  .rodata            const                      0xc  common.o [1]
  .rodata            const                      0xc  common.o [1]
  .rodata            const                      0xc  common.o [1]
  .rodata            const                      0xc  depth.o [1]
  .rodata            const                      0xc  encoder.o [1]
  .rodata            const                      0xc  encoder.o [1]
  .rodata            const                      0xc  encoder.o [1]
  .rodata            const                      0xc  encoder.o [1]
  .rodata            const                      0xc  encoder.o [1]
  .rodata            const                      0xc  ff.o [1]
  .rodata            const                      0xc  ff.o [1]
  .rodata            const                      0xc  fix_vfr_pts.o [1]
  .rodata            const                      0xc  fsl_gpio.o [1]
  .rodata            const                      0xc  fsl_lpuart.o [1]
  .rodata            const                      0xc  fsl_lpuart.o [1]
  .rodata            const                      0xc  fsl_pmu.o [1]
  .rodata            const                      0xc  fsl_sd.o [1]
  .rodata            const                      0xc  fsl_sd.o [1]
  .rodata            const                      0xc  fsl_sdmmc_host.o [1]
  .rodata            const                      0xc  fsl_sdmmc_host.o [1]
  .rodata            const                      0xc  fsl_sdmmc_osa.o [1]
  .rodata            const                      0xc  fsl_usdhc.o [1]
  .rodata            const                      0xc  fsl_usdhc.o [1]
  .rodata            const                      0xc  fsl_usdhc.o [1]
  .rodata            const                      0xc  lookahead.o [1]
  .rodata            const                      0xc  macroblock_encoder.o [1]
  .rodata            const                      0xc  ratecontrol.o [1]
  .rodata            const                      0xc  ratecontrol.o [1]
  .rodata            const                      0xc  ratecontrol.o [1]
  .rodata            const                      0xc  raw.o [1]
  .rodata            const                      0xc  sdmmc_config.o [1]
  .rodata            const                      0xc  set.o [1]
  .rodata            const                      0xc  set_encoder.o [1]
  .rodata            const                      0xc  slicetype.o [1]
  .rodata            const                      0xc  slicetype.o [1]
  .rodata            const                      0xc  vlc.o [1]
  .rodata            const                      0xc  x264.o [1]
  .rodata            const                      0xc  x264.o [1]
  .rodata            const                      0xc  x264.o [1]
  .rodata            const                      0xc  x264.o [1]
  .text              ro code                    0xc  memcpy.o [4]
  .text              ro code                    0xc  cstartup_M.o [4]
  .rodata            const                      0x8  analyse.o [1]
  .rodata            const                      0x8  analyse.o [1]
  .rodata            const                      0x8  analyse.o [1]
  .rodata            const                      0x8  analyse.o [1]
  .rodata            const                      0x8  analyse.o [1]
  .rodata            const                      0x8  analyse.o [1]
  .rodata            const                      0x8  analyse.o [1]
  .rodata            const                      0x8  analyse.o [1]
  .rodata            const                      0x8  analyse.o [1]
  .rodata            const                      0x8  analyse.o [1]
  .rodata            const                      0x8  analyse.o [1]
  .rodata            const                      0x8  analyse.o [1]
  .rodata            const                      0x8  analyse.o [1]
  .rodata            const                      0x8  analyse.o [1]
  .rodata            const                      0x8  analyse.o [1]
  .rodata            const                      0x8  board.o [1]
  .rodata            const                      0x8  board.o [1]
  .rodata            const                      0x8  cabac_encoder.o [1]
  .rodata            const                      0x8  cabac_encoder.o [1]
  .rodata            const                      0x8  cabac_encoder.o [1]
  .rodata            const                      0x8  cabac_encoder.o [1]
  .rodata            const                      0x8  cabac_encoder.o [1]
  .rodata            const                      0x8  cabac_encoder.o [1]
  .rodata            const                      0x8  cabac_encoder.o [1]
  .rodata            const                      0x8  cache.o [1]
  .rodata            const                      0x8  cavlc.o [1]
  .rodata            const                      0x8  cavlc.o [1]
  .rodata            const                      0x8  cavlc.o [1]
  .rodata            const                      0x8  clock_config.o [1]
  .rodata            const                      0x8  clock_config.o [1]
  .rodata            const                      0x8  common.o [1]
  .rodata            const                      0x8  common.o [1]
  .rodata            const                      0x8  common.o [1]
  .rodata            const                      0x8  common.o [1]
  .rodata            const                      0x8  common.o [1]
  .rodata            const                      0x8  common.o [1]
  .rodata            const                      0x8  common.o [1]
  .rodata            const                      0x8  common.o [1]
  .rodata            const                      0x8  common.o [1]
  .rodata            const                      0x8  common.o [1]
  .rodata            const                      0x8  common.o [1]
  .rodata            const                      0x8  common.o [1]
  .rodata            const                      0x8  common.o [1]
  .rodata            const                      0x8  common.o [1]
  .rodata            const                      0x8  common.o [1]
  .rodata            const                      0x8  common.o [1]
  .rodata            const                      0x8  common.o [1]
  .rodata            const                      0x8  common.o [1]
  .rodata            const                      0x8  common.o [1]
  .rodata            const                      0x8  common.o [1]
  .rodata            const                      0x8  common.o [1]
  .rodata            const                      0x8  common.o [1]
  .rodata            const                      0x8  common.o [1]
  .rodata            const                      0x8  common.o [1]
  .rodata            const                      0x8  common.o [1]
  .rodata            const                      0x8  common.o [1]
  .rodata            const                      0x8  common.o [1]
  .rodata            const                      0x8  common.o [1]
  .rodata            const                      0x8  common.o [1]
  .rodata            const                      0x8  common.o [1]
  .rodata            const                      0x8  common.o [1]
  .rodata            const                      0x8  common.o [1]
  .rodata            const                      0x8  common.o [1]
  .rodata            const                      0x8  common.o [1]
  .rodata            const                      0x8  common.o [1]
  .rodata            const                      0x8  common.o [1]
  .rodata            const                      0x8  common.o [1]
  .rodata            const                      0x8  common.o [1]
  .rodata            const                      0x8  common.o [1]
  .rodata            const                      0x8  common.o [1]
  .rodata            const                      0x8  common.o [1]
  .rodata            const                      0x8  common.o [1]
  .rodata            const                      0x8  common.o [1]
  .rodata            const                      0x8  common.o [1]
  .rodata            const                      0x8  common.o [1]
  .rodata            const                      0x8  common.o [1]
  .rodata            const                      0x8  common.o [1]
  .rodata            const                      0x8  common.o [1]
  .rodata            const                      0x8  common.o [1]
  .rodata            const                      0x8  common.o [1]
  .rodata            const                      0x8  common.o [1]
  .rodata            const                      0x8  common.o [1]
  .rodata            const                      0x8  common.o [1]
  .rodata            const                      0x8  common.o [1]
  .rodata            const                      0x8  common.o [1]
  .rodata            const                      0x8  common.o [1]
  .rodata            const                      0x8  common.o [1]
  .rodata            const                      0x8  common.o [1]
  .rodata            const                      0x8  common.o [1]
  .rodata            const                      0x8  common.o [1]
  .rodata            const                      0x8  common.o [1]
  .rodata            const                      0x8  common.o [1]
  .rodata            const                      0x8  common.o [1]
  .rodata            const                      0x8  common.o [1]
  .rodata            const                      0x8  common.o [1]
  .rodata            const                      0x8  common.o [1]
  .rodata            const                      0x8  common.o [1]
  .rodata            const                      0x8  common.o [1]
  .rodata            const                      0x8  common.o [1]
  .rodata            const                      0x8  common.o [1]
  .rodata            const                      0x8  common.o [1]
  .rodata            const                      0x8  common.o [1]
  .rodata            const                      0x8  common.o [1]
  .rodata            const                      0x8  common.o [1]
  .rodata            const                      0x8  common.o [1]
  .rodata            const                      0x8  common.o [1]
  .rodata            const                      0x8  common.o [1]
  .rodata            const                      0x8  common.o [1]
  .rodata            const                      0x8  common.o [1]
[...]
x264_pixel_ssim_wxh        0x4'6b11      0xe6  Code  Gb  pixel.o [1]
x264_pixel_var2_8x16       0x4'5147      0x8e  Code  Lc  pixel.o [1]
x264_pixel_var2_8x8        0x4'51d5      0x8e  Code  Lc  pixel.o [1]
x264_pixel_var_16x16       0x4'508d      0x3e  Code  Lc  pixel.o [1]
x264_pixel_var_8x16        0x4'50cb      0x3e  Code  Lc  pixel.o [1]
x264_pixel_var_8x8         0x4'5109      0x3e  Code  Lc  pixel.o [1]
x264_plane_copy_c          0x4'a9fb      0x36  Code  Gb  mc.o [1]
x264_plane_copy_deinterleave_c
                           0x4'aab1      0x46  Code  Gb  mc.o [1]
x264_plane_copy_deinterleave_rgb_c
                           0x4'aaf7      0x68  Code  Lc  mc.o [1]
x264_plane_copy_deinterleave_v210_c
                           0x4'ab5f      0x8c  Code  Lc  mc.o [1]
x264_plane_copy_interleave_c
                           0x4'aa6b      0x46  Code  Gb  mc.o [1]
x264_plane_copy_swap_c     0x4'aa31      0x3a  Code  Gb  mc.o [1]
x264_pps_init              0x4'0dcd     0x1aa  Code  Gb  set_encoder.o [1]
x264_pps_write             0x4'0f77     0x154  Code  Gb  set_encoder.o [1]
x264_pred_i4x4_neighbors
                           0x6'7228       0xc  Data  Lc  analyse.o [1]
x264_pred_i4x4_neighbors
                           0x6'76f0       0xc  Data  Lc  macroblock_encoder.o [1]
x264_predict_16x16_dc_128_c
                           0x4'291d      0x1a  Code  Lc  predict.o [1]
x264_predict_16x16_dc_c
                           0x4'2863      0x46  Code  Gb  predict.o [1]
x264_predict_16x16_dc_left_c
                           0x4'28a9      0x3a  Code  Lc  predict.o [1]
x264_predict_16x16_dc_top_c
                           0x4'28e3      0x3a  Code  Lc  predict.o [1]
x264_predict_16x16_h_c     0x4'2937      0x20  Code  Gb  predict.o [1]
x264_predict_16x16_init
                           0x4'487b      0x1e  Code  Gb  predict.o [1]
x264_predict_16x16_p_c     0x4'2981      0xbe  Code  Gb  predict.o [1]
x264_predict_16x16_v_c     0x4'2957      0x2a  Code  Gb  predict.o [1]
x264_predict_4x4_dc_128_c
                           0x4'2f7d       0xe  Code  Lc  predict.o [1]
x264_predict_4x4_dc_c      0x4'2fe9      0x46  Code  Gb  predict.o [1]
x264_predict_4x4_dc_left_c
                           0x4'2f8b      0x2e  Code  Lc  predict.o [1]
x264_predict_4x4_dc_top_c
                           0x4'2fb9      0x30  Code  Lc  predict.o [1]
x264_predict_4x4_ddl_c     0x4'3063      0xdc  Code  Lc  predict.o [1]
x264_predict_4x4_ddr_c     0x4'313f      0xe2  Code  Lc  predict.o [1]
x264_predict_4x4_h_c       0x4'302f      0x26  Code  Gb  predict.o [1]
x264_predict_4x4_hd_c      0x4'3333     0x112  Code  Lc  predict.o [1]
x264_predict_4x4_hu_c      0x4'354d      0x8e  Code  Lc  predict.o [1]
x264_predict_4x4_init      0x4'490b      0x32  Code  Gb  predict.o [1]
x264_predict_4x4_v_c       0x4'3055       0xe  Code  Gb  predict.o [1]
x264_predict_4x4_vl_c      0x4'3445     0x108  Code  Lc  predict.o [1]
x264_predict_4x4_vr_c      0x4'3221     0x112  Code  Lc  predict.o [1]
x264_predict_8x16c_dc_128_c
                           0x4'2c93      0x16  Code  Lc  predict.o [1]
x264_predict_8x16c_dc_c
                           0x4'2d37     0x148  Code  Gb  predict.o [1]
x264_predict_8x16c_dc_left_c
                           0x4'2ca9      0x42  Code  Lc  predict.o [1]
x264_predict_8x16c_dc_top_c
                           0x4'2ceb      0x4c  Code  Lc  predict.o [1]
x264_predict_8x16c_h_c     0x4'2e7f      0x1c  Code  Gb  predict.o [1]
x264_predict_8x16c_init
                           0x4'48b7      0x1e  Code  Gb  predict.o [1]
x264_predict_8x16c_p_c     0x4'2eb5      0xc8  Code  Gb  predict.o [1]
x264_predict_8x16c_v_c     0x4'2e9b      0x1a  Code  Gb  predict.o [1]
x264_predict_8x8_dc_128_c
                           0x4'389b      0x16  Code  Lc  predict.o [1]
x264_predict_8x8_dc_c      0x4'3951      0xb0  Code  Gb  predict.o [1]
x264_predict_8x8_dc_left_c
                           0x4'38b1      0x50  Code  Lc  predict.o [1]
x264_predict_8x8_dc_top_c
                           0x4'3901      0x50  Code  Lc  predict.o [1]
x264_predict_8x8_ddl_c     0x4'3ac9     0x222  Code  Lc  predict.o [1]
x264_predict_8x8_ddr_c     0x4'3ceb     0x228  Code  Lc  predict.o [1]
x264_predict_8x8_filter_c
                           0x4'35db     0x2c0  Code  Lc  predict.o [1]
x264_predict_8x8_h_c       0x4'3a01      0xa0  Code  Gb  predict.o [1]
x264_predict_8x8_hd_c      0x4'41fb     0x246  Code  Lc  predict.o [1]
x264_predict_8x8_hu_c      0x4'46f1     0x18a  Code  Lc  predict.o [1]
x264_predict_8x8_init      0x4'48d5      0x36  Code  Gb  predict.o [1]
x264_predict_8x8_v_c       0x4'3aa1      0x28  Code  Gb  predict.o [1]
x264_predict_8x8_vl_c      0x4'4441     0x2b0  Code  Lc  predict.o [1]
x264_predict_8x8_vr_c      0x4'3f13     0x2e8  Code  Lc  predict.o [1]
x264_predict_8x8c_dc_128_c
                           0x4'2a3f      0x16  Code  Lc  predict.o [1]
x264_predict_8x8c_dc_c     0x4'2afd      0xa2  Code  Gb  predict.o [1]
x264_predict_8x8c_dc_left_c
                           0x4'2a55      0x5c  Code  Lc  predict.o [1]
x264_predict_8x8c_dc_top_c
                           0x4'2ab1      0x4c  Code  Lc  predict.o [1]
x264_predict_8x8c_h_c      0x4'2b9f      0x1c  Code  Gb  predict.o [1]
x264_predict_8x8c_init     0x4'4899      0x1e  Code  Gb  predict.o [1]
x264_predict_8x8c_p_c      0x4'2bd5      0xbe  Code  Gb  predict.o [1]
x264_predict_8x8c_v_c      0x4'2bbb      0x1a  Code  Gb  predict.o [1]
x264_predict_lossless_16x16
                           0x1'4455      0xb0  Code  Gb  macroblock_encoder.o [1]
x264_predict_lossless_4x4
                           0x1'42c9      0xba  Code  Gb  macroblock_encoder.o [1]
x264_predict_lossless_8x8
                           0x1'4399      0xbc  Code  Gb  macroblock_encoder.o [1]
x264_predict_lossless_chroma
                           0x1'4189     0x140  Code  Gb  macroblock_encoder.o [1]
x264_predictor_clip        0x1'e159      0x9c  Code  Lc  me.o [1]
x264_predictor_difference
                           0x1'e07b      0x50  Code  Lc  me.o [1]
x264_predictor_roundclip
                           0x1'e0d9      0x80  Code  Lc  me.o [1]
x264_prefetch_fenc         0x2'53eb      0x58  Code  Gb  macroblock.o [1]
x264_preset_names          0x6'4b84      0x2c  Data  Lc  common.o [1]
x264_print_intra           0x3'7c7d      0x8c  Code  Lc  encoder.o [1]
x264_psnr                  0x3'0ba1      0x44  Code  Lc  encoder.o [1]
x264_psy_trellis_init        0x87e5      0x54  Code  Lc  analyse.o [1]
x264_psy_trellis_init::zero
                             0x6004     0x200  Data  Lc  analyse.o [1]
x264_pthread_fetch_and_add
                           0x1'c82d      0x10  Code  Lc  frame.o [1]
x264_quant_4x4                0x543      0xe8  Code  Lc  analyse.o [1]
x264_quant_4x4             0x1'2b9f      0xe8  Code  Lc  macroblock_encoder.o [1]
x264_quant_4x4_trellis       0x78f7      0xf6  Code  Gb  analyse.o [1]
x264_quant_4x4_trellis::ctx_ac
                           0x6'6aec      0x10  Data  Lc  analyse.o [1]
x264_quant_8x8                0x62b      0xfc  Code  Lc  analyse.o [1]
x264_quant_8x8             0x1'2c87      0xfc  Code  Lc  macroblock_encoder.o [1]
x264_quant_8x8_trellis       0x79ed     0x142  Code  Gb  analyse.o [1]
x264_quant_chroma_dc_trellis
                             0x7803      0xf4  Code  Gb  analyse.o [1]
x264_quant_init            0x4'c3a3      0xb2  Code  Gb  quant.o [1]
x264_quant_luma_dc_trellis
                             0x7727      0xdc  Code  Gb  analyse.o [1]
x264_ratecontrol_delete
                           0x2'aa51      0xaa  Code  Gb  ratecontrol.o [1]
x264_ratecontrol_end       0x2'bcd5     0x41c  Code  Gb  ratecontrol.o [1]
x264_ratecontrol_init_reconfigurable
                           0x2'9a41     0x54c  Code  Gb  ratecontrol.o [1]
x264_ratecontrol_mb        0x2'b1ed     0x774  Code  Gb  ratecontrol.o [1]
x264_ratecontrol_mb_qp     0x2'b9a1      0xa4  Code  Gb  ratecontrol.o [1]
x264_ratecontrol_new       0x2'9fb5     0x62a  Code  Gb  ratecontrol.o [1]
x264_ratecontrol_new::pred_coeff_table
                           0x6'7714       0xc  Data  Lc  ratecontrol.o [1]
x264_ratecontrol_qp        0x2'b975      0x2c  Code  Gb  ratecontrol.o [1]
x264_ratecontrol_set_weights
                           0x2'bc31      0xa2  Code  Gb  ratecontrol.o [1]
x264_ratecontrol_slice_type
                           0x2'ba5d     0x1c6  Code  Gb  ratecontrol.o [1]
x264_ratecontrol_start     0x2'abe1     0x3ec  Code  Gb  ratecontrol.o [1]
x264_ratecontrol_summary
                           0x2'a989      0xc0  Code  Gb  ratecontrol.o [1]
x264_ratecontrol_zone_init
                           0x2'aba1      0x40  Code  Gb  ratecontrol.o [1]
x264_rc_analyse_slice      0x3'dc05     0x300  Code  Gb  slicetype.o [1]
x264_rd_cost_chroma          0x55b5      0xc6  Code  Lc  analyse.o [1]
x264_rd_cost_i4x4            0x5459     0x152  Code  Lc  analyse.o [1]
x264_rd_cost_i8x8            0x52ed     0x16c  Code  Lc  analyse.o [1]
x264_rd_cost_mb              0x4f57      0xe2  Code  Lc  analyse.o [1]
x264_rd_cost_part            0x5171     0x17c  Code  Gb  analyse.o [1]
x264_rd_cost_subpart         0x5039     0x12e  Code  Lc  analyse.o [1]
x264_rdo_init                0x567b      0xaa  Code  Gb  analyse.o [1]
x264_reduce_fraction       0x1'bf63      0x40  Code  Gb  common.o [1]
x264_reduce_fraction64     0x1'bfa3      0x80  Code  Gb  common.o [1]
x264_reference_build_list
                           0x3'467f     0x452  Code  Lc  encoder.o [1]
x264_reference_build_list_optimal
                           0x2'992d     0x112  Code  Gb  ratecontrol.o [1]
x264_reference_check_reorder
                           0x3'40df      0xee  Code  Lc  encoder.o [1]
x264_reference_distance
                           0x3'4625      0x5a  Code  Lc  encoder.o [1]
x264_reference_hierarchy_reset
                           0x3'4f91     0x11a  Code  Lc  encoder.o [1]
x264_reference_reset       0x3'4f59      0x38  Code  Lc  encoder.o [1]
x264_reference_update      0x3'4e8b      0xce  Code  Lc  encoder.o [1]
x264_refine_bidir          0x1'0291     0x196  Code  Lc  analyse.o [1]
x264_register_vid_filters
                           0x5'8fab      0x2e  Code  Gb  video.o [1]
x264_run_before            0x3'b680  0x4'0000  Data  Gb  vlc.o [1]
x264_scan8                 0x6'42ec      0x34  Data  Lc  analyse.o [1]
x264_scan8                 0x6'4320      0x34  Data  Lc  cabac_encoder.o [1]
x264_scan8                 0x6'4354      0x34  Data  Lc  cavlc.o [1]
x264_scan8                 0x6'455c      0x34  Data  Lc  encoder.o [1]
x264_scan8                 0x6'462c      0x34  Data  Lc  macroblock.o [1]
x264_scan8                 0x6'4660      0x34  Data  Lc  macroblock_encoder.o [1]
x264_scan8                 0x6'4694      0x34  Data  Lc  me.o [1]
x264_scan8                 0x6'46c8      0x34  Data  Lc  mvpred.o [1]
x264_sei_avcintra_umid_write
                           0x4'152d      0xd6  Code  Gb  set_encoder.o [1]
x264_sei_avcintra_vanc_write
                           0x4'1603      0x84  Code  Gb  set_encoder.o [1]
x264_sei_buffering_period_write
                           0x4'11c3      0x7a  Code  Gb  set_encoder.o [1]
x264_sei_dec_ref_pic_marking_write
                           0x4'146d      0xc0  Code  Gb  set_encoder.o [1]
x264_sei_frame_packing_write
                           0x4'1307     0x136  Code  Gb  set_encoder.o [1]
x264_sei_pic_timing_write
                           0x4'123d      0xca  Code  Gb  set_encoder.o [1]
x264_sei_recovery_point_write
                           0x4'10cb      0x66  Code  Gb  set_encoder.o [1]
x264_sei_version_write     0x4'1131      0x92  Code  Gb  set_encoder.o [1]
x264_sei_version_write::uuid
                           0x6'71dc      0x10  Data  Lc  set_encoder.o [1]
x264_sei_write             0x4'031f      0x8c  Code  Gb  set_encoder.o [1]
x264_set_aspect_ratio      0x3'2e39      0xaa  Code  Lc  encoder.o [1]
x264_significant_coeff_flag_offset
                           0x6'3954      0x40  Data  Gb  analyse.o [1]
x264_significant_coeff_flag_offset_8x8
                           0x6'1e58      0x80  Data  Gb  analyse.o [1]
x264_size2pixel            0x6'6144      0x1c  Data  Lc  macroblock.o [1]
x264_slice_header_init     0x3'0c6b     0x240  Code  Lc  encoder.o [1]
x264_slice_header_write
                           0x3'0eab     0x3a0  Code  Lc  encoder.o [1]
x264_slice_init            0x3'50ab     0x176  Code  Lc  encoder.o [1]
x264_slice_write           0x3'5397     0xa48  Code  Lc  encoder.o [1]
x264_slices_write          0x3'5eb7     0x118  Code  Lc  encoder.o [1]
x264_slicetype_analyse     0x3'cc79     0x85a  Code  Gb  slicetype.o [1]
x264_slicetype_decide      0x3'd4e5     0x720  Code  Gb  slicetype.o [1]
x264_slicetype_frame_cost
                           0x3'b3e1     0x546  Code  Lc  slicetype.o [1]
x264_slicetype_frame_cost_recalculate
                           0x3'b927     0x166  Code  Lc  slicetype.o [1]
x264_slicetype_mb_cost     0x3'a781     0xb6e  Code  Lc  slicetype.o [1]
x264_slicetype_path        0x3'c80d     0x19c  Code  Lc  slicetype.o [1]
x264_slicetype_path_cost
                           0x3'c6c7     0x146  Code  Lc  slicetype.o [1]
x264_slicetype_slice_cost
                           0x3'b2f5      0xec  Code  Lc  slicetype.o [1]
x264_slurp_file            0x1'c023       0x6  Code  Gb  common.o [1]
x264_split_options         0x5'bbe9     0x212  Code  Gb  filters.o [1]
x264_sps_init              0x4'03ad     0x5c4  Code  Gb  set_encoder.o [1]
x264_sps_init_reconfigurable
                           0x4'097d      0x7e  Code  Gb  set_encoder.o [1]
x264_sps_write             0x4'09fb     0x3c6  Code  Gb  set_encoder.o [1]
x264_sps_write{4}{5}{6}{7}::sar
                           0x6'4798      0x34  Data  Lc  set_encoder.o [1]
x264_ssim                  0x3'0be5      0x3c  Code  Lc  encoder.o [1]
x264_subpartition_size_cabac
                             0x47a9     0x18e  Code  Lc  analyse.o [1]
x264_subpartition_size_cavlc
                             0x1f1d     0x124  Code  Lc  analyse.o [1]
x264_sync_frame_list_delete
                           0x1'e009       0xc  Code  Gb  frame.o [1]
x264_sync_frame_list_init
                           0x1'dfc1      0x48  Code  Gb  frame.o [1]
x264_sync_frame_list_push
                           0x1'e015      0x16  Code  Gb  frame.o [1]
x264_thread_sync_context
                           0x3'5ddf      0xae  Code  Lc  encoder.o [1]
x264_thread_sync_ratecontrol
                           0x2'dd31     0x28c  Code  Gb  ratecontrol.o [1]
x264_thread_sync_stat      0x3'5e8d      0x2a  Code  Lc  encoder.o [1]
x264_threaded_slices_write
                           0x3'5fcf     0x1da  Code  Lc  encoder.o [1]
x264_threadpool_wait_all
                           0x3'0c39      0x30  Code  Lc  encoder.o [1]
x264_threads_distribute_ratecontrol
                           0x2'da29     0x1f6  Code  Gb  ratecontrol.o [1]
x264_threads_merge_ratecontrol
                           0x2'dc3d      0xf4  Code  Gb  ratecontrol.o [1]
x264_threads_normalize_predictors
                           0x2'd9b1      0x66  Code  Lc  ratecontrol.o [1]
x264_threadslice_cond_broadcast
                           0x1'dc75       0x6  Code  Gb  frame.o [1]
x264_threadslice_cond_wait
                           0x1'dc7b       0xa  Code  Gb  frame.o [1]
x264_total_zeros           0x6'004c     0x1e0  Data  Gb  vlc.o [1]
x264_total_zeros_2x2_dc
                           0x6'65b0      0x18  Data  Gb  vlc.o [1]
x264_total_zeros_2x4_dc
                           0x6'252c      0x70  Data  Gb  vlc.o [1]
x264_transfer_names        0x6'30c8      0x4c  Data  Lc  common.o [1]
x264_transform_allowed     0x6'660c      0x14  Data  Lc  analyse.o [1]
x264_transform_allowed     0x6'6684      0x14  Data  Lc  cabac_encoder.o [1]
x264_transform_allowed     0x6'6698      0x14  Data  Lc  cavlc.o [1]
x264_trellis_lambda2_tab
                           0x5'e798     0x290  Data  Lc  analyse.o [1]
x264_ue_size_tab           0x6'0914     0x100  Data  Lc  analyse.o [1]
x264_ue_size_tab           0x6'0d14     0x100  Data  Lc  cavlc.o [1]
x264_ue_size_tab           0x6'1014     0x100  Data  Lc  encoder.o [1]
x264_ue_size_tab           0x6'1114     0x100  Data  Lc  set_encoder.o [1]
x264_ue_size_tab           0x6'1214     0x100  Data  Lc  slicetype.o [1]
x264_validate_levels       0x4'168d     0x26a  Code  Gb  set_encoder.o [1]
x264_validate_parameters
                           0x3'1391    0x175e  Code  Lc  encoder.o [1]
x264_validate_parameters{82}{83}{84}{85}::lookahead_thread_div
                           0x6'5080      0x28  Data  Lc  encoder.o [1]
x264_vbv_frame_cost        0x3'c281      0x72  Code  Lc  slicetype.o [1]
x264_vbv_lookahead         0x3'c3a3     0x324  Code  Lc  slicetype.o [1]
x264_vidformat_names       0x6'5ff4      0x1c  Data  Lc  common.o [1]
x264_weight_cache          0x4'a399       0xa  Code  Lc  mc.o [1]
x264_weight_cost_chroma
                           0x3'9bf3     0x112  Code  Lc  slicetype.o [1]
x264_weight_cost_chroma444
                           0x3'9d05     0x110  Code  Lc  slicetype.o [1]
x264_weight_cost_init_chroma
                           0x3'9795     0x182  Code  Lc  slicetype.o [1]
x264_weight_cost_init_chroma444
                           0x3'9917     0x112  Code  Lc  slicetype.o [1]
x264_weight_cost_init_luma
                           0x3'96c9      0xc4  Code  Lc  slicetype.o [1]
x264_weight_cost_luma      0x3'9ac9     0x12a  Code  Lc  slicetype.o [1]
x264_weight_get_h264       0x3'9697      0x32  Code  Lc  slicetype.o [1]
x264_weight_none           0x6'1cc4      0x90  Data  Gb  mc.o [1]
x264_weight_scale_plane
                           0x1'df03      0x98  Code  Gb  frame.o [1]
x264_weight_slice_header_cost
                           0x3'9a29      0x84  Code  Lc  slicetype.o [1]
x264_weighted_pred_init
                           0x3'428f     0x36a  Code  Lc  encoder.o [1]
x264_weighted_reference_duplicate
                           0x3'41cd      0xc2  Code  Lc  encoder.o [1]
x264_weights_analyse       0x3'9e15     0x964  Code  Gb  slicetype.o [1]
x264_weights_analyse{14}{15}{16}::weight_check_distance
                           0x6'6580      0x18  Data  Lc  slicetype.o [1]
x264_zigzag_init           0x4'9d6b      0x32  Code  Gb  dct.o [1]
x264_zigzag_scan2x2        0x6'8298       0x4  Data  Lc  analyse.o [1]
x264_zigzag_scan2x4        0x6'7824       0x8  Data  Lc  analyse.o [1]
x264_zigzag_scan4          0x6'5a00      0x20  Data  Lc  analyse.o [1]
x264_zigzag_scan4          0x6'5d80      0x20  Data  Lc  set_encoder.o [1]
x264_zigzag_scan8          0x6'1dd8      0x80  Data  Lc  analyse.o [1]
x264_zigzag_scan8          0x6'1fd8      0x80  Data  Lc  set_encoder.o [1]
zigzag_interleave_8x8_cavlc
                           0x4'9d1d      0x4e  Code  Lc  dct.o [1]
zigzag_scan_2x2_dc         0x1'30df      0x12  Code  Lc  macroblock_encoder.o [1]
zigzag_scan_2x4_dc         0x1'30f1      0x22  Code  Lc  macroblock_encoder.o [1]
zigzag_scan_4x4_field      0x4'873b      0x42  Code  Lc  dct.o [1]
zigzag_scan_4x4_frame      0x4'86f9      0x42  Code  Lc  dct.o [1]
zigzag_scan_8x8_field      0x4'8577     0x182  Code  Lc  dct.o [1]
zigzag_scan_8x8_frame      0x4'83f5     0x182  Code  Lc  dct.o [1]
zigzag_sub_4x4_field       0x4'894f     0x1d2  Code  Lc  dct.o [1]
zigzag_sub_4x4_frame       0x4'877d     0x1d2  Code  Lc  dct.o [1]
zigzag_sub_4x4ac_field     0x4'8cf3     0x1d2  Code  Lc  dct.o [1]
zigzag_sub_4x4ac_frame     0x4'8b21     0x1d2  Code  Lc  dct.o [1]
zigzag_sub_8x8_field       0x4'95f1     0x72c  Code  Lc  dct.o [1]
zigzag_sub_8x8_frame       0x4'8ec5     0x72c  Code  Lc  dct.o [1]


[1] = C:\Users\nxf44444\Downloads\SDK_1170\boards\evkmimxrt1170\sdmmc_examples\sdcard_fatfs\cm7\iar\debug\obj
[2] = dl7M_tln.a
[3] = m7M_tlv.a
[4] = rt7M_tl.a
[5] = shb_l.a

  377'168 bytes of readonly  code memory
   50'644 bytes of readonly  data memory
  510'783 bytes of readwrite data memory

Errors: 2
Warnings: none
