###############################################################################
#
# IAR ELF Linker V8.50.6.265/W32 for ARM                  27/Nov/2020  15:10:30
# Copyright 2007-2020 IAR Systems AB.
#
#    Output file  =
#        C:\Users\nxf44444\Downloads\SDK_1170\boards\evkmimxrt1170\sdmmc_examples\sdcard_fatfs\cm7\iar\sdram_debug\sdcard_fatfs_cm7.out
#    Map file     =
#        C:\Users\nxf44444\Downloads\SDK_1170\boards\evkmimxrt1170\sdmmc_examples\sdcard_fatfs\cm7\iar\sdram_debug\list\sdcard_fatfs_cm7.map
#    Command line =
#        -f C:\Users\nxf44444\AppData\Local\Temp\2\EWA0FC.tmp
#        (C:\Users\nxf44444\Downloads\SDK_1170\boards\evkmimxrt1170\sdmmc_examples\sdcard_fatfs\cm7\iar\sdram_debug\obj\analyse.o
#        C:\Users\nxf44444\Downloads\SDK_1170\boards\evkmimxrt1170\sdmmc_examples\sdcard_fatfs\cm7\iar\sdram_debug\obj\bitstream.o
#        C:\Users\nxf44444\Downloads\SDK_1170\boards\evkmimxrt1170\sdmmc_examples\sdcard_fatfs\cm7\iar\sdram_debug\obj\board.o
#        C:\Users\nxf44444\Downloads\SDK_1170\boards\evkmimxrt1170\sdmmc_examples\sdcard_fatfs\cm7\iar\sdram_debug\obj\cabac.o
#        C:\Users\nxf44444\Downloads\SDK_1170\boards\evkmimxrt1170\sdmmc_examples\sdcard_fatfs\cm7\iar\sdram_debug\obj\cabac_encoder.o
#        C:\Users\nxf44444\Downloads\SDK_1170\boards\evkmimxrt1170\sdmmc_examples\sdcard_fatfs\cm7\iar\sdram_debug\obj\cache.o
#        C:\Users\nxf44444\Downloads\SDK_1170\boards\evkmimxrt1170\sdmmc_examples\sdcard_fatfs\cm7\iar\sdram_debug\obj\cavlc.o
#        C:\Users\nxf44444\Downloads\SDK_1170\boards\evkmimxrt1170\sdmmc_examples\sdcard_fatfs\cm7\iar\sdram_debug\obj\clock_config.o
#        C:\Users\nxf44444\Downloads\SDK_1170\boards\evkmimxrt1170\sdmmc_examples\sdcard_fatfs\cm7\iar\sdram_debug\obj\common.o
#        C:\Users\nxf44444\Downloads\SDK_1170\boards\evkmimxrt1170\sdmmc_examples\sdcard_fatfs\cm7\iar\sdram_debug\obj\cpu.o
#        C:\Users\nxf44444\Downloads\SDK_1170\boards\evkmimxrt1170\sdmmc_examples\sdcard_fatfs\cm7\iar\sdram_debug\obj\crop.o
#        C:\Users\nxf44444\Downloads\SDK_1170\boards\evkmimxrt1170\sdmmc_examples\sdcard_fatfs\cm7\iar\sdram_debug\obj\dcd.o
#        C:\Users\nxf44444\Downloads\SDK_1170\boards\evkmimxrt1170\sdmmc_examples\sdcard_fatfs\cm7\iar\sdram_debug\obj\dct.o
#        C:\Users\nxf44444\Downloads\SDK_1170\boards\evkmimxrt1170\sdmmc_examples\sdcard_fatfs\cm7\iar\sdram_debug\obj\deblock.o
#        C:\Users\nxf44444\Downloads\SDK_1170\boards\evkmimxrt1170\sdmmc_examples\sdcard_fatfs\cm7\iar\sdram_debug\obj\depth.o
#        C:\Users\nxf44444\Downloads\SDK_1170\boards\evkmimxrt1170\sdmmc_examples\sdcard_fatfs\cm7\iar\sdram_debug\obj\diskio.o
#        C:\Users\nxf44444\Downloads\SDK_1170\boards\evkmimxrt1170\sdmmc_examples\sdcard_fatfs\cm7\iar\sdram_debug\obj\encoder.o
#        C:\Users\nxf44444\Downloads\SDK_1170\boards\evkmimxrt1170\sdmmc_examples\sdcard_fatfs\cm7\iar\sdram_debug\obj\evkmimxrt1170_flexspi_nor_config.o
#        C:\Users\nxf44444\Downloads\SDK_1170\boards\evkmimxrt1170\sdmmc_examples\sdcard_fatfs\cm7\iar\sdram_debug\obj\ff.o
#        C:\Users\nxf44444\Downloads\SDK_1170\boards\evkmimxrt1170\sdmmc_examples\sdcard_fatfs\cm7\iar\sdram_debug\obj\ffsystem.o
#        C:\Users\nxf44444\Downloads\SDK_1170\boards\evkmimxrt1170\sdmmc_examples\sdcard_fatfs\cm7\iar\sdram_debug\obj\ffunicode.o
#        C:\Users\nxf44444\Downloads\SDK_1170\boards\evkmimxrt1170\sdmmc_examples\sdcard_fatfs\cm7\iar\sdram_debug\obj\filters.o
#        C:\Users\nxf44444\Downloads\SDK_1170\boards\evkmimxrt1170\sdmmc_examples\sdcard_fatfs\cm7\iar\sdram_debug\obj\fix_vfr_pts.o
#        C:\Users\nxf44444\Downloads\SDK_1170\boards\evkmimxrt1170\sdmmc_examples\sdcard_fatfs\cm7\iar\sdram_debug\obj\frame.o
#        C:\Users\nxf44444\Downloads\SDK_1170\boards\evkmimxrt1170\sdmmc_examples\sdcard_fatfs\cm7\iar\sdram_debug\obj\fsl_adapter_lpuart.o
#        C:\Users\nxf44444\Downloads\SDK_1170\boards\evkmimxrt1170\sdmmc_examples\sdcard_fatfs\cm7\iar\sdram_debug\obj\fsl_anatop.o
#        C:\Users\nxf44444\Downloads\SDK_1170\boards\evkmimxrt1170\sdmmc_examples\sdcard_fatfs\cm7\iar\sdram_debug\obj\fsl_anatop_ai.o
#        C:\Users\nxf44444\Downloads\SDK_1170\boards\evkmimxrt1170\sdmmc_examples\sdcard_fatfs\cm7\iar\sdram_debug\obj\fsl_assert.o
#        C:\Users\nxf44444\Downloads\SDK_1170\boards\evkmimxrt1170\sdmmc_examples\sdcard_fatfs\cm7\iar\sdram_debug\obj\fsl_cache.o
#        C:\Users\nxf44444\Downloads\SDK_1170\boards\evkmimxrt1170\sdmmc_examples\sdcard_fatfs\cm7\iar\sdram_debug\obj\fsl_clock.o
#        C:\Users\nxf44444\Downloads\SDK_1170\boards\evkmimxrt1170\sdmmc_examples\sdcard_fatfs\cm7\iar\sdram_debug\obj\fsl_common.o
#        C:\Users\nxf44444\Downloads\SDK_1170\boards\evkmimxrt1170\sdmmc_examples\sdcard_fatfs\cm7\iar\sdram_debug\obj\fsl_component_generic_list.o
#        C:\Users\nxf44444\Downloads\SDK_1170\boards\evkmimxrt1170\sdmmc_examples\sdcard_fatfs\cm7\iar\sdram_debug\obj\fsl_component_serial_manager.o
#        C:\Users\nxf44444\Downloads\SDK_1170\boards\evkmimxrt1170\sdmmc_examples\sdcard_fatfs\cm7\iar\sdram_debug\obj\fsl_component_serial_port_uart.o
#        C:\Users\nxf44444\Downloads\SDK_1170\boards\evkmimxrt1170\sdmmc_examples\sdcard_fatfs\cm7\iar\sdram_debug\obj\fsl_dcdc.o
#        C:\Users\nxf44444\Downloads\SDK_1170\boards\evkmimxrt1170\sdmmc_examples\sdcard_fatfs\cm7\iar\sdram_debug\obj\fsl_debug_console.o
#        C:\Users\nxf44444\Downloads\SDK_1170\boards\evkmimxrt1170\sdmmc_examples\sdcard_fatfs\cm7\iar\sdram_debug\obj\fsl_flexspi_nor_boot.o
#        C:\Users\nxf44444\Downloads\SDK_1170\boards\evkmimxrt1170\sdmmc_examples\sdcard_fatfs\cm7\iar\sdram_debug\obj\fsl_gpio.o
#        C:\Users\nxf44444\Downloads\SDK_1170\boards\evkmimxrt1170\sdmmc_examples\sdcard_fatfs\cm7\iar\sdram_debug\obj\fsl_gpt.o
#        C:\Users\nxf44444\Downloads\SDK_1170\boards\evkmimxrt1170\sdmmc_examples\sdcard_fatfs\cm7\iar\sdram_debug\obj\fsl_lpuart.o
#        C:\Users\nxf44444\Downloads\SDK_1170\boards\evkmimxrt1170\sdmmc_examples\sdcard_fatfs\cm7\iar\sdram_debug\obj\fsl_os_abstraction_bm.o
#        C:\Users\nxf44444\Downloads\SDK_1170\boards\evkmimxrt1170\sdmmc_examples\sdcard_fatfs\cm7\iar\sdram_debug\obj\fsl_pmu.o
#        C:\Users\nxf44444\Downloads\SDK_1170\boards\evkmimxrt1170\sdmmc_examples\sdcard_fatfs\cm7\iar\sdram_debug\obj\fsl_sd.o
#        C:\Users\nxf44444\Downloads\SDK_1170\boards\evkmimxrt1170\sdmmc_examples\sdcard_fatfs\cm7\iar\sdram_debug\obj\fsl_sd_disk.o
#        C:\Users\nxf44444\Downloads\SDK_1170\boards\evkmimxrt1170\sdmmc_examples\sdcard_fatfs\cm7\iar\sdram_debug\obj\fsl_sdmmc_common.o
#        C:\Users\nxf44444\Downloads\SDK_1170\boards\evkmimxrt1170\sdmmc_examples\sdcard_fatfs\cm7\iar\sdram_debug\obj\fsl_sdmmc_host.o
#        C:\Users\nxf44444\Downloads\SDK_1170\boards\evkmimxrt1170\sdmmc_examples\sdcard_fatfs\cm7\iar\sdram_debug\obj\fsl_sdmmc_osa.o
#        C:\Users\nxf44444\Downloads\SDK_1170\boards\evkmimxrt1170\sdmmc_examples\sdcard_fatfs\cm7\iar\sdram_debug\obj\fsl_str.o
#        C:\Users\nxf44444\Downloads\SDK_1170\boards\evkmimxrt1170\sdmmc_examples\sdcard_fatfs\cm7\iar\sdram_debug\obj\fsl_usdhc.o
#        C:\Users\nxf44444\Downloads\SDK_1170\boards\evkmimxrt1170\sdmmc_examples\sdcard_fatfs\cm7\iar\sdram_debug\obj\input.o
#        C:\Users\nxf44444\Downloads\SDK_1170\boards\evkmimxrt1170\sdmmc_examples\sdcard_fatfs\cm7\iar\sdram_debug\obj\internal.o
#        C:\Users\nxf44444\Downloads\SDK_1170\boards\evkmimxrt1170\sdmmc_examples\sdcard_fatfs\cm7\iar\sdram_debug\obj\lookahead.o
#        C:\Users\nxf44444\Downloads\SDK_1170\boards\evkmimxrt1170\sdmmc_examples\sdcard_fatfs\cm7\iar\sdram_debug\obj\macroblock.o
#        C:\Users\nxf44444\Downloads\SDK_1170\boards\evkmimxrt1170\sdmmc_examples\sdcard_fatfs\cm7\iar\sdram_debug\obj\macroblock_encoder.o
#        C:\Users\nxf44444\Downloads\SDK_1170\boards\evkmimxrt1170\sdmmc_examples\sdcard_fatfs\cm7\iar\sdram_debug\obj\mc.o
#        C:\Users\nxf44444\Downloads\SDK_1170\boards\evkmimxrt1170\sdmmc_examples\sdcard_fatfs\cm7\iar\sdram_debug\obj\me.o
#        C:\Users\nxf44444\Downloads\SDK_1170\boards\evkmimxrt1170\sdmmc_examples\sdcard_fatfs\cm7\iar\sdram_debug\obj\mp4_gpt_timer.o
#        C:\Users\nxf44444\Downloads\SDK_1170\boards\evkmimxrt1170\sdmmc_examples\sdcard_fatfs\cm7\iar\sdram_debug\obj\mvpred.o
#        C:\Users\nxf44444\Downloads\SDK_1170\boards\evkmimxrt1170\sdmmc_examples\sdcard_fatfs\cm7\iar\sdram_debug\obj\osdep.o
#        C:\Users\nxf44444\Downloads\SDK_1170\boards\evkmimxrt1170\sdmmc_examples\sdcard_fatfs\cm7\iar\sdram_debug\obj\pin_mux.o
#        C:\Users\nxf44444\Downloads\SDK_1170\boards\evkmimxrt1170\sdmmc_examples\sdcard_fatfs\cm7\iar\sdram_debug\obj\pixel.o
#        C:\Users\nxf44444\Downloads\SDK_1170\boards\evkmimxrt1170\sdmmc_examples\sdcard_fatfs\cm7\iar\sdram_debug\obj\predict.o
#        C:\Users\nxf44444\Downloads\SDK_1170\boards\evkmimxrt1170\sdmmc_examples\sdcard_fatfs\cm7\iar\sdram_debug\obj\quant.o
#        C:\Users\nxf44444\Downloads\SDK_1170\boards\evkmimxrt1170\sdmmc_examples\sdcard_fatfs\cm7\iar\sdram_debug\obj\ratecontrol.o
#        C:\Users\nxf44444\Downloads\SDK_1170\boards\evkmimxrt1170\sdmmc_examples\sdcard_fatfs\cm7\iar\sdram_debug\obj\raw.o
#        C:\Users\nxf44444\Downloads\SDK_1170\boards\evkmimxrt1170\sdmmc_examples\sdcard_fatfs\cm7\iar\sdram_debug\obj\raw_input.o
#        C:\Users\nxf44444\Downloads\SDK_1170\boards\evkmimxrt1170\sdmmc_examples\sdcard_fatfs\cm7\iar\sdram_debug\obj\rectangle.o
#        C:\Users\nxf44444\Downloads\SDK_1170\boards\evkmimxrt1170\sdmmc_examples\sdcard_fatfs\cm7\iar\sdram_debug\obj\resize.o
#        C:\Users\nxf44444\Downloads\SDK_1170\boards\evkmimxrt1170\sdmmc_examples\sdcard_fatfs\cm7\iar\sdram_debug\obj\sdcard_fatfs.o
#        C:\Users\nxf44444\Downloads\SDK_1170\boards\evkmimxrt1170\sdmmc_examples\sdcard_fatfs\cm7\iar\sdram_debug\obj\sdmmc_config.o
#        C:\Users\nxf44444\Downloads\SDK_1170\boards\evkmimxrt1170\sdmmc_examples\sdcard_fatfs\cm7\iar\sdram_debug\obj\select_every.o
#        C:\Users\nxf44444\Downloads\SDK_1170\boards\evkmimxrt1170\sdmmc_examples\sdcard_fatfs\cm7\iar\sdram_debug\obj\set.o
#        C:\Users\nxf44444\Downloads\SDK_1170\boards\evkmimxrt1170\sdmmc_examples\sdcard_fatfs\cm7\iar\sdram_debug\obj\set_encoder.o
#        C:\Users\nxf44444\Downloads\SDK_1170\boards\evkmimxrt1170\sdmmc_examples\sdcard_fatfs\cm7\iar\sdram_debug\obj\slicetype.o
#        C:\Users\nxf44444\Downloads\SDK_1170\boards\evkmimxrt1170\sdmmc_examples\sdcard_fatfs\cm7\iar\sdram_debug\obj\source.o
#        C:\Users\nxf44444\Downloads\SDK_1170\boards\evkmimxrt1170\sdmmc_examples\sdcard_fatfs\cm7\iar\sdram_debug\obj\startup_MIMXRT1176_cm7.o
#        C:\Users\nxf44444\Downloads\SDK_1170\boards\evkmimxrt1170\sdmmc_examples\sdcard_fatfs\cm7\iar\sdram_debug\obj\system_MIMXRT1176_cm7.o
#        C:\Users\nxf44444\Downloads\SDK_1170\boards\evkmimxrt1170\sdmmc_examples\sdcard_fatfs\cm7\iar\sdram_debug\obj\threadpool.o
#        C:\Users\nxf44444\Downloads\SDK_1170\boards\evkmimxrt1170\sdmmc_examples\sdcard_fatfs\cm7\iar\sdram_debug\obj\video.o
#        C:\Users\nxf44444\Downloads\SDK_1170\boards\evkmimxrt1170\sdmmc_examples\sdcard_fatfs\cm7\iar\sdram_debug\obj\vlc.o
#        C:\Users\nxf44444\Downloads\SDK_1170\boards\evkmimxrt1170\sdmmc_examples\sdcard_fatfs\cm7\iar\sdram_debug\obj\x264.o
#        --redirect _Printf=_PrintfSmallNoMb --redirect _Scanf=_ScanfSmallNoMb
#        --no_out_extension -o
#        C:\Users\nxf44444\Downloads\SDK_1170\boards\evkmimxrt1170\sdmmc_examples\sdcard_fatfs\cm7\iar\sdram_debug\sdcard_fatfs_cm7.out
#        --map
#        C:\Users\nxf44444\Downloads\SDK_1170\boards\evkmimxrt1170\sdmmc_examples\sdcard_fatfs\cm7\iar\sdram_debug\list\sdcard_fatfs_cm7.map
#        --config
#        C:\Users\nxf44444\Downloads\SDK_1170\boards\evkmimxrt1170\sdmmc_examples\sdcard_fatfs\cm7\iar/MIMXRT1176xxxxx_cm7_sdram.icf
#        --semihosting --entry Reset_Handler --vfe --text_out locale)
#
###############################################################################

*******************************************************************************
*** RUNTIME MODEL ATTRIBUTES
***

CppFlavor       = *
__Heap_Handler  = DLMalloc
__SystemLibrary = DLib
__dlib_version  = 6


*******************************************************************************
*** HEAP SELECTION
***

The advanced heap was selected because the application calls memory
allocation functions outside of system library functions, and there
are calls to deallocation functions in the application.


*******************************************************************************
*** PLACEMENT SUMMARY
***

"A0":  place at address 0x8000'2000 { ro section .intvec };
"P1":  place in [from 0x8000'2000 to 0x8000'23ff] |
                [from 0x8000'2400 to 0x801f'ffff] { ro };
define block RW { first rw, section m_usb_dma_init_data };
"P2":  place in [from 0x8020'0000 to 0x81ff'ffff] { block RW };
define block ZI
   with alignment = 32 { first zi, section m_usb_dma_noninit_data };
"P3":  place in [from 0x8020'0000 to 0x81ff'ffff] { block ZI };
define block CSTACK with size = 3M, alignment = 8 { };
"P4":  place in [from 0x8020'0000 to 0x81ff'ffff] { block CSTACK };
define block HEAP with size = 16M, alignment = 8 { };
"P5":  place in [from 0x8200'0000 to 0x82ff'ffff] { last block HEAP };
define block NCACHE_VAR
   with size = 16M, alignment = 1M {
      section NonCacheable, section NonCacheable.init };
"P6":  place in [from 0x8300'0000 to 0x83ff'ffff] { block NCACHE_VAR };
"P7":  place in [from 0x0 to 0x3'ffff] { rw section .critical_text };
"P8":  place in [from 0x0 to 0x3'ffff] {
          rw object frame.o, rw object bitstream.o,
          rw object macroblock_encoder.o, rw object dct.o, rw object deblock.o,
          rw object macroblock.o, rw object mc.o, rw object mvpred.o,
          rw object osdep.o, rw object pixel.o, rw object predict.o,
          rw object quant.o, rw object ratecontrol.o, rw object me.o,
          rw object cabac_encoder.o, rw object encoder.o };
initialize by copy { rw, section .textrw };
initialize by copy {
   object frame.o, object bitstream.o, object macroblock_encoder.o,
   object dct.o, object deblock.o, object macroblock.o, object mc.o,
   object mvpred.o, object osdep.o, object pixel.o, object predict.o,
   object quant.o, object ratecontrol.o, object me.o, object cabac_encoder.o,
   object encoder.o };

No sections matched the following patterns:

  rw section .critical_text       in "P7-P8"
  section NonCacheable.init       in block NCACHE_VAR
  section m_usb_dma_init_data     in block RW
  section m_usb_dma_noninit_data  in block ZI


  Section            Kind         Address        Size  Object
  -------            ----         -------        ----  ------
"P7-P8", part 1 of 2:                        0x2'9ea6
  P7-P8 s0                            0x0    0x2'9ea6  <Init block>
    Veneer           inited           0x0         0x8  - Linker created -
    Veneer           inited           0x8         0x8  - Linker created -
    Veneer           inited          0x10         0x8  - Linker created -
    Veneer           inited          0x18         0x8  - Linker created -
    Veneer           inited          0x20         0x8  - Linker created -
    Veneer           inited          0x28         0x8  - Linker created -
    Veneer           inited          0x30         0x8  - Linker created -
    Veneer           inited          0x38         0x8  - Linker created -
    Veneer           inited          0x40         0x8  - Linker created -
    Veneer           inited          0x48         0x8  - Linker created -
    Veneer           inited          0x50         0x8  - Linker created -
    Veneer           inited          0x58         0x8  - Linker created -
    Veneer           inited          0x60         0x8  - Linker created -
    Veneer           inited          0x68         0x8  - Linker created -
    Veneer           inited          0x70         0x8  - Linker created -
    Veneer           inited          0x78         0x8  - Linker created -
    Veneer           inited          0x80         0x8  - Linker created -
    Veneer           inited          0x88         0x8  - Linker created -
    Veneer           inited          0x90         0x8  - Linker created -
    Veneer           inited          0x98         0x8  - Linker created -
    Veneer           inited          0xa0         0x8  - Linker created -
    Veneer           inited          0xa8         0x8  - Linker created -
    Veneer           inited          0xb0         0x8  - Linker created -
    Veneer           inited          0xb8         0x8  - Linker created -
    Veneer           inited          0xc0         0x8  - Linker created -
    Veneer           inited          0xc8         0x8  - Linker created -
    Veneer           inited          0xd0         0x8  - Linker created -
    Veneer           inited          0xd8         0x8  - Linker created -
    Veneer           inited          0xe0         0x8  - Linker created -
    Veneer           inited          0xe8         0x8  - Linker created -
    Veneer           inited          0xf0         0x8  - Linker created -
    Veneer           inited          0xf8         0x8  - Linker created -
    Veneer           inited         0x100         0x8  - Linker created -
    Veneer           inited         0x108         0x8  - Linker created -
    Veneer           inited         0x110         0x8  - Linker created -
    Veneer           inited         0x118         0x8  - Linker created -
    Veneer           inited         0x120         0x8  - Linker created -
    Veneer           inited         0x128         0x8  - Linker created -
    Veneer           inited         0x130         0x8  - Linker created -
    Veneer           inited         0x138         0x8  - Linker created -
    Veneer           inited         0x140         0x8  - Linker created -
    Veneer           inited         0x148         0x8  - Linker created -
    Veneer           inited         0x150         0x8  - Linker created -
    Veneer           inited         0x158         0x8  - Linker created -
    Veneer           inited         0x160         0x8  - Linker created -
    Veneer           inited         0x168         0x8  - Linker created -
    Veneer           inited         0x170         0x8  - Linker created -
    Veneer           inited         0x178         0x8  - Linker created -
    Veneer           inited         0x180         0x8  - Linker created -
    Veneer           inited         0x188         0x8  - Linker created -
    Veneer           inited         0x190         0x8  - Linker created -
    Veneer           inited         0x198         0x8  - Linker created -
    Veneer           inited         0x1a0         0x8  - Linker created -
    Veneer           inited         0x1a8         0x8  - Linker created -
    Veneer           inited         0x1b0         0x8  - Linker created -
    Veneer           inited         0x1b8         0x8  - Linker created -
    Veneer           inited         0x1c0         0x8  - Linker created -
    Veneer           inited         0x1c8         0x8  - Linker created -
    Veneer           inited         0x1d0         0x8  - Linker created -
    Veneer           inited         0x1d8         0x8  - Linker created -
    .text            inited         0x1e0      0x8228  encoder.o [1]
    .text            inited        0x8408      0x1d1c  predict.o [1]
    .text            inited        0xa124      0x2448  pixel.o [1]
    .text            inited        0xc56c      0x21e8  dct.o [1]
    .text            inited        0xe754      0x14e8  mc.o [1]
    .text            inited        0xfc3c       0xaa8  quant.o [1]
    .text            inited      0x1'06e4      0x1868  deblock.o [1]
    .text            inited      0x1'1f4c       0x108  bitstream.o [1]
    .text            inited      0x1'2054      0x1598  frame.o [1]
    Veneer           inited      0x1'35ec         0x8  - Linker created -
    .text            inited      0x1'35f4      0x3ed8  macroblock.o [1]
    Veneer           inited      0x1'74cc         0x8  - Linker created -
    Veneer           inited      0x1'74d4         0x8  - Linker created -
    Veneer           inited      0x1'74dc         0x8  - Linker created -
    Veneer           inited      0x1'74e4         0x8  - Linker created -
    Veneer           inited      0x1'74ec         0x8  - Linker created -
    Veneer           inited      0x1'74f4         0x8  - Linker created -
    Veneer           inited      0x1'74fc         0x8  - Linker created -
    Veneer           inited      0x1'7504         0x8  - Linker created -
    Veneer           inited      0x1'750c         0x8  - Linker created -
    Veneer           inited      0x1'7514         0x8  - Linker created -
    Veneer           inited      0x1'751c         0x8  - Linker created -
    Veneer           inited      0x1'7524         0x8  - Linker created -
    Veneer           inited      0x1'752c         0x8  - Linker created -
    Veneer           inited      0x1'7534         0x8  - Linker created -
    Veneer           inited      0x1'753c         0x8  - Linker created -
    .text            inited      0x1'7544      0x4ab2  ratecontrol.o [1]
    Veneer           inited      0x1'bff8         0x8  - Linker created -
    Veneer           inited      0x1'c000         0x8  - Linker created -
    Veneer           inited      0x1'c008         0x8  - Linker created -
    Veneer           inited      0x1'c010         0x8  - Linker created -
    .text            inited      0x1'c018      0x34d2  macroblock_encoder.o [1]
    Veneer           inited      0x1'f4ec         0x8  - Linker created -
    Veneer           inited      0x1'f4f4         0x8  - Linker created -
    Veneer           inited      0x1'f4fc         0x8  - Linker created -
    Veneer           inited      0x1'f504         0x8  - Linker created -
    .text            inited      0x1'f50c      0x1dda  cabac_encoder.o [1]
    .text            inited      0x2'12e8       0xf4c  mvpred.o [1]
    Veneer           inited      0x2'2234         0x8  - Linker created -
    .text            inited      0x2'223c      0x56b4  me.o [1]
    .rodata          inited      0x2'78f0       0x160  deblock.o [1]
    .rodata          inited      0x2'7a50       0x100  dct.o [1]
    .rodata          inited      0x2'7b50       0x100  dct.o [1]
    .rodata          inited      0x2'7c50       0x100  encoder.o [1]
    .rodata          inited      0x2'7d50        0x90  mc.o [1]
    .rodata          inited      0x2'7de0        0x84  me.o [1]
    .rodata          inited      0x2'7e64        0x74  cabac_encoder.o [1]
    .rodata          inited      0x2'7ed8        0x70  cabac_encoder.o [1]
    .rodata          inited      0x2'7f48        0x70  macroblock.o [1]
    .rodata          inited      0x2'7fb8        0x70  macroblock.o [1]
    .rodata          inited      0x2'8028        0x70  me.o [1]
    .rodata          inited      0x2'8098        0x70  mvpred.o [1]
    .rodata          inited      0x2'8108        0x70  ratecontrol.o [1]
    .rodata          inited      0x2'8178        0x6c  encoder.o [1]
    .rodata          inited      0x2'81e4        0x6c  encoder.o [1]
    .rodata          inited      0x2'8250        0x6c  frame.o [1]
    .rodata          inited      0x2'82bc        0x64  encoder.o [1]
    .rodata          inited      0x2'8320        0x64  encoder.o [1]
    .rodata          inited      0x2'8384        0x60  encoder.o [1]
    .rodata          inited      0x2'83e4        0x58  deblock.o [1]
    .rodata          inited      0x2'843c        0x58  deblock.o [1]
    .rodata          inited      0x2'8494        0x54  encoder.o [1]
    .rodata          inited      0x2'84e8        0x50  frame.o [1]
    .rodata          inited      0x2'8538        0x50  macroblock.o [1]
    .rodata          inited      0x2'8588        0x4c  cabac_encoder.o [1]
    .rodata          inited      0x2'85d4        0x4c  encoder.o [1]
    .rodata          inited      0x2'8620        0x4c  encoder.o [1]
    .rodata          inited      0x2'866c        0x48  encoder.o [1]
    .rodata          inited      0x2'86b4        0x44  encoder.o [1]
    .rodata          inited      0x2'86f8        0x44  encoder.o [1]
    .rodata          inited      0x2'873c        0x44  encoder.o [1]
    .rodata          inited      0x2'8780        0x44  ratecontrol.o [1]
    .rodata          inited      0x2'87c4        0x40  dct.o [1]
    .rodata          inited      0x2'8804        0x40  dct.o [1]
    .rodata          inited      0x2'8844        0x40  encoder.o [1]
    .rodata          inited      0x2'8884        0x40  quant.o [1]
    .rodata          inited      0x2'88c4        0x3c  encoder.o [1]
    .rodata          inited      0x2'8900        0x3c  encoder.o [1]
    .rodata          inited      0x2'893c        0x3c  encoder.o [1]
    .rodata          inited      0x2'8978        0x3c  encoder.o [1]
    .rodata          inited      0x2'89b4        0x3c  frame.o [1]
    .rodata          inited      0x2'89f0        0x3c  ratecontrol.o [1]
    .rodata          inited      0x2'8a2c        0x3c  ratecontrol.o [1]
    .rodata          inited      0x2'8a68        0x38  encoder.o [1]
    .rodata          inited      0x2'8aa0        0x38  encoder.o [1]
    .rodata          inited      0x2'8ad8        0x38  frame.o [1]
    .rodata          inited      0x2'8b10        0x38  macroblock.o [1]
    .rodata          inited      0x2'8b48        0x34  cabac_encoder.o [1]
    .rodata          inited      0x2'8b7c        0x34  encoder.o [1]
    .rodata          inited      0x2'8bb0        0x34  encoder.o [1]
    .rodata          inited      0x2'8be4        0x34  encoder.o [1]
    .rodata          inited      0x2'8c18        0x34  encoder.o [1]
    .rodata          inited      0x2'8c4c        0x34  encoder.o [1]
    .rodata          inited      0x2'8c80        0x34  encoder.o [1]
    .rodata          inited      0x2'8cb4        0x34  encoder.o [1]
    .rodata          inited      0x2'8ce8        0x34  macroblock.o [1]
    .rodata          inited      0x2'8d1c        0x34  macroblock_encoder.o [1]
    .rodata          inited      0x2'8d50        0x34  me.o [1]
    .rodata          inited      0x2'8d84        0x34  mvpred.o [1]
    .rodata          inited      0x2'8db8        0x34  ratecontrol.o [1]
    .rodata          inited      0x2'8dec        0x34  ratecontrol.o [1]
    .rodata          inited      0x2'8e20        0x30  encoder.o [1]
    .rodata          inited      0x2'8e50        0x30  encoder.o [1]
    .rodata          inited      0x2'8e80        0x30  encoder.o [1]
    .rodata          inited      0x2'8eb0        0x30  encoder.o [1]
    .rodata          inited      0x2'8ee0        0x30  encoder.o [1]
    .rodata          inited      0x2'8f10        0x30  encoder.o [1]
    .rodata          inited      0x2'8f40        0x30  encoder.o [1]
    .rodata          inited      0x2'8f70        0x30  encoder.o [1]
    .rodata          inited      0x2'8fa0        0x30  encoder.o [1]
    .rodata          inited      0x2'8fd0        0x30  encoder.o [1]
    .rodata          inited      0x2'9000        0x30  me.o [1]
    .rodata          inited      0x2'9030        0x30  ratecontrol.o [1]
    .rodata          inited      0x2'9060        0x2c  encoder.o [1]
    .rodata          inited      0x2'908c        0x2c  encoder.o [1]
    .rodata          inited      0x2'90b8        0x2c  encoder.o [1]
    .rodata          inited      0x2'90e4        0x2c  encoder.o [1]
    .rodata          inited      0x2'9110        0x2c  encoder.o [1]
    .rodata          inited      0x2'913c        0x2c  encoder.o [1]
    .rodata          inited      0x2'9168        0x2c  encoder.o [1]
    .rodata          inited      0x2'9194        0x2c  encoder.o [1]
    .rodata          inited      0x2'91c0        0x2c  encoder.o [1]
    .rodata          inited      0x2'91ec        0x2c  encoder.o [1]
    .rodata          inited      0x2'9218        0x2c  encoder.o [1]
    .rodata          inited      0x2'9244        0x2c  frame.o [1]
    .rodata          inited      0x2'9270        0x28  encoder.o [1]
    .rodata          inited      0x2'9298        0x28  encoder.o [1]
    .rodata          inited      0x2'92c0        0x28  encoder.o [1]
    .rodata          inited      0x2'92e8        0x28  encoder.o [1]
    .rodata          inited      0x2'9310        0x28  encoder.o [1]
    .rodata          inited      0x2'9338        0x28  encoder.o [1]
    .rodata          inited      0x2'9360        0x28  encoder.o [1]
    .rodata          inited      0x2'9388        0x28  ratecontrol.o [1]
    .rodata          inited      0x2'93b0        0x28  ratecontrol.o [1]
    .rodata          inited      0x2'93d8        0x28  ratecontrol.o [1]
    .rodata          inited      0x2'9400        0x28  ratecontrol.o [1]
    .rodata          inited      0x2'9428        0x28  ratecontrol.o [1]
    .rodata          inited      0x2'9450        0x24  cabac_encoder.o [1]
    .rodata          inited      0x2'9474        0x24  encoder.o [1]
    .rodata          inited      0x2'9498        0x24  encoder.o [1]
    .rodata          inited      0x2'94bc        0x24  encoder.o [1]
    .rodata          inited      0x2'94e0        0x24  encoder.o [1]
    .rodata          inited      0x2'9504        0x24  encoder.o [1]
    .rodata          inited      0x2'9528        0x24  encoder.o [1]
    .rodata          inited      0x2'954c        0x24  encoder.o [1]
    .rodata          inited      0x2'9570        0x24  encoder.o [1]
    .rodata          inited      0x2'9594        0x24  encoder.o [1]
    .rodata          inited      0x2'95b8        0x24  encoder.o [1]
    .rodata          inited      0x2'95dc        0x24  encoder.o [1]
    .rodata          inited      0x2'9600        0x24  ratecontrol.o [1]
    .rodata          inited      0x2'9624        0x24  ratecontrol.o [1]
    .rodata          inited      0x2'9648        0x24  ratecontrol.o [1]
    .rodata          inited      0x2'966c        0x20  encoder.o [1]
    .rodata          inited      0x2'968c        0x20  encoder.o [1]
    .rodata          inited      0x2'96ac        0x20  encoder.o [1]
    .rodata          inited      0x2'96cc        0x20  encoder.o [1]
    .rodata          inited      0x2'96ec        0x20  encoder.o [1]
    .rodata          inited      0x2'970c        0x20  encoder.o [1]
    .rodata          inited      0x2'972c        0x20  encoder.o [1]
    .rodata          inited      0x2'974c        0x20  frame.o [1]
    .rodata          inited      0x2'976c        0x20  macroblock_encoder.o [1]
    .rodata          inited      0x2'978c        0x20  me.o [1]
    .rodata          inited      0x2'97ac        0x20  me.o [1]
    .rodata          inited      0x2'97cc        0x20  ratecontrol.o [1]
    .rodata          inited      0x2'97ec        0x20  ratecontrol.o [1]
    .rodata          inited      0x2'980c        0x20  ratecontrol.o [1]
    .rodata          inited      0x2'982c        0x1c  cabac_encoder.o [1]
    .rodata          inited      0x2'9848        0x1c  cabac_encoder.o [1]
    .rodata          inited      0x2'9864        0x1c  encoder.o [1]
    .rodata          inited      0x2'9880        0x1c  encoder.o [1]
    .rodata          inited      0x2'989c        0x1c  encoder.o [1]
    .rodata          inited      0x2'98b8        0x1c  encoder.o [1]
    .rodata          inited      0x2'98d4        0x1c  encoder.o [1]
    .rodata          inited      0x2'98f0        0x1c  encoder.o [1]
    .rodata          inited      0x2'990c        0x1c  frame.o [1]
    .rodata          inited      0x2'9928        0x1c  macroblock.o [1]
    .rodata          inited      0x2'9944        0x18  encoder.o [1]
    .rodata          inited      0x2'995c        0x18  encoder.o [1]
    .rodata          inited      0x2'9974        0x18  encoder.o [1]
    .rodata          inited      0x2'998c        0x18  encoder.o [1]
    .rodata          inited      0x2'99a4        0x18  encoder.o [1]
    .rodata          inited      0x2'99bc        0x18  encoder.o [1]
    .rodata          inited      0x2'99d4        0x18  me.o [1]
    .rodata          inited      0x2'99ec        0x18  ratecontrol.o [1]
    .rodata          inited      0x2'9a04        0x18  ratecontrol.o [1]
    .data            inited      0x2'9a1c        0x18  mc.o [1]
    .rodata          inited      0x2'9a34        0x14  cabac_encoder.o [1]
    .rodata          inited      0x2'9a48        0x14  cabac_encoder.o [1]
    .rodata          inited      0x2'9a5c        0x14  encoder.o [1]
    .rodata          inited      0x2'9a70        0x14  encoder.o [1]
    .rodata          inited      0x2'9a84        0x14  encoder.o [1]
    .rodata          inited      0x2'9a98        0x14  encoder.o [1]
    .rodata          inited      0x2'9aac        0x14  encoder.o [1]
    .rodata          inited      0x2'9ac0        0x14  encoder.o [1]
    .rodata          inited      0x2'9ad4        0x14  macroblock.o [1]
    .rodata          inited      0x2'9ae8        0x14  macroblock_encoder.o [1]
    .rodata          inited      0x2'9afc        0x14  me.o [1]
    .rodata          inited      0x2'9b10        0x14  ratecontrol.o [1]
    .rodata          inited      0x2'9b24        0x10  cabac_encoder.o [1]
    .rodata          inited      0x2'9b34        0x10  cabac_encoder.o [1]
    .rodata          inited      0x2'9b44        0x10  cabac_encoder.o [1]
    .rodata          inited      0x2'9b54        0x10  cabac_encoder.o [1]
    .rodata          inited      0x2'9b64        0x10  encoder.o [1]
    .rodata          inited      0x2'9b74        0x10  encoder.o [1]
    .rodata          inited      0x2'9b84        0x10  encoder.o [1]
    .rodata          inited      0x2'9b94        0x10  encoder.o [1]
    .rodata          inited      0x2'9ba4        0x10  encoder.o [1]
    .rodata          inited      0x2'9bb4        0x10  encoder.o [1]
    .rodata          inited      0x2'9bc4        0x10  macroblock_encoder.o [1]
    .rodata          inited      0x2'9bd4        0x10  macroblock_encoder.o [1]
    .rodata          inited      0x2'9be4        0x10  macroblock_encoder.o [1]
    .rodata          inited      0x2'9bf4        0x10  macroblock_encoder.o [1]
    .rodata          inited      0x2'9c04        0x10  macroblock_encoder.o [1]
    .rodata          inited      0x2'9c14        0x10  mc.o [1]
    .rodata          inited      0x2'9c24        0x10  mc.o [1]
    .rodata          inited      0x2'9c34        0x10  me.o [1]
    .rodata          inited      0x2'9c44        0x10  me.o [1]
    .rodata          inited      0x2'9c54        0x10  me.o [1]
    .rodata          inited      0x2'9c64        0x10  me.o [1]
    .rodata          inited      0x2'9c74        0x10  quant.o [1]
    .rodata          inited      0x2'9c84        0x10  ratecontrol.o [1]
    .rodata          inited      0x2'9c94        0x10  ratecontrol.o [1]
    .data            inited      0x2'9ca4        0x10  cabac_encoder.o [1]
    .data            inited      0x2'9cb4        0x10  encoder.o [1]
    .data            inited      0x2'9cc4        0x10  macroblock_encoder.o [1]
    .data            inited      0x2'9cd4        0x10  ratecontrol.o [1]
    .data            inited      0x2'9ce4        0x10  ratecontrol.o [1]
    .rodata          inited      0x2'9cf4         0xc  encoder.o [1]
    .rodata          inited      0x2'9d00         0xc  encoder.o [1]
    .rodata          inited      0x2'9d0c         0xc  encoder.o [1]
    .rodata          inited      0x2'9d18         0xc  encoder.o [1]
    .rodata          inited      0x2'9d24         0xc  encoder.o [1]
    .rodata          inited      0x2'9d30         0xc  macroblock_encoder.o [1]
    .rodata          inited      0x2'9d3c         0xc  ratecontrol.o [1]
    .rodata          inited      0x2'9d48         0xc  ratecontrol.o [1]
    .rodata          inited      0x2'9d54         0xc  ratecontrol.o [1]
    .rodata          inited      0x2'9d60         0x8  cabac_encoder.o [1]
    .rodata          inited      0x2'9d68         0x8  cabac_encoder.o [1]
    .rodata          inited      0x2'9d70         0x8  cabac_encoder.o [1]
    .rodata          inited      0x2'9d78         0x8  cabac_encoder.o [1]
    .rodata          inited      0x2'9d80         0x8  cabac_encoder.o [1]
    .rodata          inited      0x2'9d88         0x8  cabac_encoder.o [1]
    .rodata          inited      0x2'9d90         0x8  cabac_encoder.o [1]
    .rodata          inited      0x2'9d98         0x8  encoder.o [1]
    .rodata          inited      0x2'9da0         0x8  encoder.o [1]
    .rodata          inited      0x2'9da8         0x8  encoder.o [1]
    .rodata          inited      0x2'9db0         0x8  encoder.o [1]
    .rodata          inited      0x2'9db8         0x8  encoder.o [1]
    .rodata          inited      0x2'9dc0         0x8  encoder.o [1]
    .rodata          inited      0x2'9dc8         0x8  encoder.o [1]
    .rodata          inited      0x2'9dd0         0x8  encoder.o [1]
    .rodata          inited      0x2'9dd8         0x8  encoder.o [1]
    .rodata          inited      0x2'9de0         0x8  encoder.o [1]
    .rodata          inited      0x2'9de8         0x8  encoder.o [1]
    .rodata          inited      0x2'9df0         0x8  encoder.o [1]
    .rodata          inited      0x2'9df8         0x8  encoder.o [1]
    .rodata          inited      0x2'9e00         0x8  encoder.o [1]
    .rodata          inited      0x2'9e08         0x8  encoder.o [1]
    .rodata          inited      0x2'9e10         0x8  encoder.o [1]
    .rodata          inited      0x2'9e18         0x8  encoder.o [1]
    .rodata          inited      0x2'9e20         0x8  encoder.o [1]
    .rodata          inited      0x2'9e28         0x8  encoder.o [1]
    .rodata          inited      0x2'9e30         0x8  encoder.o [1]
    .rodata          inited      0x2'9e38         0x8  encoder.o [1]
    .rodata          inited      0x2'9e40         0x8  encoder.o [1]
    .rodata          inited      0x2'9e48         0x8  frame.o [1]
    .rodata          inited      0x2'9e50         0x8  frame.o [1]
    .rodata          inited      0x2'9e58         0x8  macroblock.o [1]
    .rodata          inited      0x2'9e60         0x8  macroblock.o [1]
    .rodata          inited      0x2'9e68         0x8  macroblock_encoder.o [1]
    .rodata          inited      0x2'9e70         0x8  me.o [1]
    .rodata          inited      0x2'9e78         0x8  me.o [1]
    .rodata          inited      0x2'9e80         0x8  me.o [1]
    .rodata          inited      0x2'9e88         0x8  mvpred.o [1]
    .rodata          inited      0x2'9e90         0x8  ratecontrol.o [1]
    .rodata          inited      0x2'9e98         0x4  encoder.o [1]
    .rodata          inited      0x2'9e9c         0x4  encoder.o [1]
    .rodata          inited      0x2'9ea0         0x4  ratecontrol.o [1]
    .text            inited      0x2'9ea4         0x2  osdep.o [1]
                               - 0x2'9ea6    0x2'9ea6

"P7-P8", part 2 of 2:                            0x84
  .bss               zero        0x2'9ea8        0x80  me.o [1]
  .bss               zero        0x2'9f28         0x4  me.o [1]
                               - 0x2'9f2c        0x84

"A0":                                           0x400
  .intvec            ro code  0x8000'2000       0x400  startup_MIMXRT1176_cm7.o [1]
                            - 0x8000'2400       0x400

"P1":                                        0x5'f6f2
  Veneer             ro code  0x8000'2400         0x8  - Linker created -
  Veneer             ro code  0x8000'2408         0x8  - Linker created -
  Veneer             ro code  0x8000'2410         0x8  - Linker created -
  Veneer             ro code  0x8000'2418         0x8  - Linker created -
  Veneer             ro code  0x8000'2420         0x8  - Linker created -
  Veneer             ro code  0x8000'2428         0x8  - Linker created -
  Veneer             ro code  0x8000'2430         0x8  - Linker created -
  Veneer             ro code  0x8000'2438         0x8  - Linker created -
  Veneer             ro code  0x8000'2440         0x8  - Linker created -
  Veneer             ro code  0x8000'2448         0x8  - Linker created -
  Veneer             ro code  0x8000'2450         0x8  - Linker created -
  Veneer             ro code  0x8000'2458         0x8  - Linker created -
  Veneer             ro code  0x8000'2460         0x8  - Linker created -
  Veneer             ro code  0x8000'2468         0x8  - Linker created -
  Veneer             ro code  0x8000'2470         0x8  - Linker created -
  Veneer             ro code  0x8000'2478         0x8  - Linker created -
  Veneer             ro code  0x8000'2480         0x8  - Linker created -
  Veneer             ro code  0x8000'2488         0x8  - Linker created -
  Veneer             ro code  0x8000'2490         0x8  - Linker created -
  Veneer             ro code  0x8000'2498         0x8  - Linker created -
  Veneer             ro code  0x8000'24a0         0x8  - Linker created -
  Veneer             ro code  0x8000'24a8         0x8  - Linker created -
  Veneer             ro code  0x8000'24b0         0x8  - Linker created -
  Veneer             ro code  0x8000'24b8         0x8  - Linker created -
  .text              ro code  0x8000'24c0    0x1'16a0  analyse.o [1]
  .text              ro code  0x8001'3b60        0x18  fsl_assert.o [1]
  .text              ro code  0x8001'3b78         0x8  abs.o [2]
  .text              ro code  0x8001'3b80        0xa6  ABImemcpy.o [4]
  .text              ro code  0x8001'3c26        0x3a  zero_init3.o [4]
  .text              ro code  0x8001'3c60        0x66  ABImemset.o [4]
  .text              ro code  0x8001'3cc6        0x1e  xsscin.o [2]
  .text              ro code  0x8001'3ce4        0x3a  ABImemset48.o [4]
  .text              ro code  0x8001'3d1e        0x1a  xsnprout.o [2]
  .text              ro code  0x8001'3d38      0x2c7c  common.o [1]
  .text              ro code  0x8001'69b4        0xc0  logf.o [3]
  .text              ro code  0x8001'6a74         0x6  ABImemclr4.o [4]
  .text              ro code  0x8001'6a7a         0xa  xsprout.o [2]
  .text              ro code  0x8001'6a84       0x274  I64DivMod.o [4]
  .text              ro code  0x8001'6cf8       0x150  fsl_debug_console.o [1]
  .text              ro code  0x8001'6e48         0x8  cpu.o [1]
  .text              ro code  0x8001'6e50        0x94  iar_Stolx.o [2]
  .text              ro code  0x8001'6ee4        0x54  strcasecmp.o [2]
  .text              ro code  0x8001'6f38        0x36  strlen.o [4]
  .text              ro code  0x8001'6f6e         0x2  startup_MIMXRT1176_cm7.o [1]
  .text              ro code  0x8001'6f70        0x18  strcpy.o [4]
  .text              ro code  0x8001'6f88        0x4c  strtok.o [2]
  .text              ro code  0x8001'6fd4        0x44  strncasecmp.o [2]
  .text              ro code  0x8001'7018        0x28  sscanf.o [2]
  .text              ro code  0x8001'7040        0x16  strchr.o [4]
  .text              ro code  0x8001'7056         0x2  startup_MIMXRT1176_cm7.o [1]
  .text              ro code  0x8001'7058        0x12  strcmp.o [4]
  .text              ro code  0x8001'706a         0x2  startup_MIMXRT1176_cm7.o [1]
  .text              ro code  0x8001'706c       0x45e  strto64.o [3]
  .text              ro code  0x8001'74ca         0x2  startup_MIMXRT1176_cm7.o [1]
  .text              ro code  0x8001'74cc      0x14dc  dlmalloc.o [2]
  .text              ro code  0x8001'89a8        0x28  strncmp.o [2]
  .text              ro code  0x8001'89d0         0xa  isdigit.o [2]
  .text              ro code  0x8001'89da         0x2  startup_MIMXRT1176_cm7.o [1]
  .text              ro code  0x8001'89dc        0x39  strtok_r.o [2]
  .rodata            const    0x8001'8a15         0x1  common.o [1]
  .text              ro code  0x8001'8a16         0x4  heaptramp0.o [2]
  .text              ro code  0x8001'8a1a        0x2c  strstr.o [2]
  .text              ro code  0x8001'8a46         0x2  startup_MIMXRT1176_cm7.o [1]
  .text              ro code  0x8001'8a48        0x40  sprintf.o [2]
  .text              ro code  0x8001'8a88        0x24  errno.o [2]
  .text              ro code  0x8001'8aac         0x2  I64DivZer.o [4]
  .text              ro code  0x8001'8aae        0xe6  fsl_component_serial_manager.o [1]
  .text              ro code  0x8001'8b94       0x386  fsl_str.o [1]
  .text              ro code  0x8001'8f1a         0x2  startup_MIMXRT1176_cm7.o [1]
  .text              ro code  0x8001'8f1c       0x14a  iar_Stoulx.o [2]
  .text              ro code  0x8001'9066         0xc  tolower.o [2]
  .text              ro code  0x8001'9072        0x22  strspn.o [2]
  .text              ro code  0x8001'9094        0x22  strcspn.o [2]
  .text              ro code  0x8001'90b6         0x2  startup_MIMXRT1176_cm7.o [1]
  .text              ro code  0x8001'90b8       0x684  xscanfsmall_nomb.o [2]
  .text              ro code  0x8001'973c        0x7c  frexp.o [3]
  .text              ro code  0x8001'97b8        0xf0  ldexp.o [3]
  .text              ro code  0x8001'98a8       0x120  iar_Stopfx.o [2]
  .text              ro code  0x8001'99c8       0x1a8  iar_Stoflt.o [2]
  .text              ro code  0x8001'9b70       0x20c  iar_Stoxflt.o [2]
  .text              ro code  0x8001'9d7c         0x6  abort.o [2]
  .text              ro code  0x8001'9d82         0x2  startup_MIMXRT1176_cm7.o [1]
  .text              ro code  0x8001'9d84        0x2c  xgetmemchunk.o [2]
  .text              ro code  0x8001'9db0         0x6  ABImemclr.o [4]
  .rodata            const    0x8001'9db6         0x1  cpu.o [1]
  .text              ro code  0x8001'9db8       0x501  xprintfsmall_nomb.o [2]
  .text              ro code  0x8001'a2ba         0x4  tp_nothreads.o [2]
  .text              ro code  0x8001'a2be        0x26  fsl_component_serial_port_uart.o [1]
  .text              ro code  0x8001'a2e4        0x58  memchr.o [4]
  .text              ro code  0x8001'a33c        0x40  xfail_s.o [2]
  .text              ro code  0x8001'a37c        0x14  exit.o [5]
  .text              ro code  0x8001'a390       0x12c  fsl_adapter_lpuart.o [1]
  .text              ro code  0x8001'a4bc        0x7c  iarttio.o [5]
  .text              ro code  0x8001'a538       0x470  fsl_lpuart.o [1]
  .text              ro code  0x8001'a9a8        0x3c  XShttio.o [2]
  .rodata            const    0x8001'a9e4      0x7378  ffunicode.o [1]
  .rodata            const    0x8002'1d5c      0x7378  ffunicode.o [1]
  Veneer             ro code  0x8002'90d4         0x8  - Linker created -
  Veneer             ro code  0x8002'90dc         0x8  - Linker created -
  .text              ro code  0x8002'90e4      0x453c  slicetype.o [1]
  .text              ro code  0x8002'd620        0x48  U64ToFlt.o [3]
  .text              ro code  0x8002'd668        0x1e  sqrtf.o [3]
  .text              ro code  0x8002'd688        0x62  round.o [3]
  .text              ro code  0x8002'd6ec        0x52  S64ToDbl.o [3]
  .text              ro code  0x8002'd740      0x1946  fsl_sd.o [1]
  .text              ro code  0x8002'f088       0xf20  fsl_usdhc.o [1]
  .text              ro code  0x8002'ffa8       0x164  fsl_sdmmc_common.o [1]
  .text              ro code  0x8003'010c       0x7dc  fsl_sdmmc_host.o [1]
  .text              ro code  0x8003'08e8       0x120  fsl_sdmmc_osa.o [1]
  .text              ro code  0x8003'0a08        0x7e  fsl_cache.o [1]
  .text              ro code  0x8003'0a88        0xd8  fsl_os_abstraction_bm.o [1]
  .text              ro code  0x8003'0b60        0x74  fsl_common.o [1]
  .text              ro code  0x8003'0bd4      0x18f8  ff.o [1]
  .text              ro code  0x8003'24cc       0x14c  ffunicode.o [1]
  .text              ro code  0x8003'2618        0x46  diskio.o [1]
  .text              ro code  0x8003'2660        0xe8  fsl_sd_disk.o [1]
  .rodata            const    0x8003'2748      0x1800  cabac.o [1]
  .text              ro code  0x8003'3f48      0x17e4  set_encoder.o [1]
  .text              ro code  0x8003'572c        0x68  memcmp.o [4]
  .text              ro code  0x8003'5794      0x11a0  cavlc.o [1]
  .rodata            const    0x8003'6934      0x10ac  slicetype.o [1]
  Veneer             ro code  0x8003'79e0         0x8  - Linker created -
  Veneer             ro code  0x8003'79e8         0x8  - Linker created -
  Veneer             ro code  0x8003'79f0         0x8  - Linker created -
  Veneer             ro code  0x8003'79f8         0x8  - Linker created -
  Veneer             ro code  0x8003'7a00         0x8  - Linker created -
  Veneer             ro code  0x8003'7a08         0x8  - Linker created -
  Veneer             ro code  0x8003'7a10         0x8  - Linker created -
  .text              ro code  0x8003'7a18       0xf04  x264.o [1]
  .text              ro code  0x8003'891c        0xc8  video.o [1]
  .text              ro code  0x8003'89e4       0x1bc  fmod.o [3]
  .text              ro code  0x8003'8ba0        0x58  mp4_gpt_timer.o [1]
  .text              ro code  0x8003'8bf8        0x5c  DblToS64.o [3]
  .text              ro code  0x8003'8c54       0xd48  set.o [1]
  .text              ro code  0x8003'999c        0x22  I64Shl.o [4]
  .text              ro code  0x8003'99c0       0x560  pow64.o [3]
  .text              ro code  0x8003'9f20        0x24  strpbrk.o [2]
  .text              ro code  0x8003'9f44       0x330  iar_Exp64.o [3]
  .rodata            const    0x8003'a274       0x800  cabac.o [1]
  .text              ro code  0x8003'aa74       0x7f4  fsl_clock.o [1]
  .text              ro code  0x8003'b268        0x5c  fsl_anatop.o [1]
  .text              ro code  0x8003'b2c4       0x324  fsl_anatop_ai.o [1]
  .text              ro code  0x8003'b5e8       0x72c  depth.o [1]
  .text              ro code  0x8003'bd14       0x220  input.o [1]
  .text              ro code  0x8003'bf34       0x242  filters.o [1]
  .text              ro code  0x8003'c178        0x3a  FltToU64.o [3]
  .rodata            const    0x8003'c1b4        0x74  analyse.o [1]
  .rodata            const    0x8003'c228       0x420  pow64.o [3]
  .text              ro code  0x8003'c648       0x380  pow32.o [3]
  .text              ro code  0x8003'c9c8        0x48  frexpf.o [3]
  .text              ro code  0x8003'ca10       0x23c  iar_Exp32.o [3]
  .text              ro code  0x8003'cc4c        0xc4  ldexpf.o [3]
  .text              ro code  0x8003'cd10       0x340  board.o [1]
  .text              ro code  0x8003'd050       0x328  cabac.o [1]
  .text              ro code  0x8003'd378       0x314  sdmmc_config.o [1]
  .text              ro code  0x8003'd68c       0x18c  fsl_gpio.o [1]
  .rodata            const    0x8003'd818       0x300  input.o [1]
  .rodata            const    0x8003'db18       0x300  vlc.o [1]
  Veneer             ro code  0x8003'de18         0x8  - Linker created -
  Veneer             ro code  0x8003'de20         0x8  - Linker created -
  Veneer             ro code  0x8003'de28         0x8  - Linker created -
  Veneer             ro code  0x8003'de30         0x8  - Linker created -
  Veneer             ro code  0x8003'de38         0x8  - Linker created -
  Veneer             ro code  0x8003'de40         0x8  - Linker created -
  Veneer             ro code  0x8003'de48         0x8  - Linker created -
  Veneer             ro code  0x8003'de50         0x8  - Linker created -
  Veneer             ro code  0x8003'de58         0x8  - Linker created -
  Veneer             ro code  0x8003'de60         0x8  - Linker created -
  .text              ro code  0x8003'de68       0x2fc  lookahead.o [1]
  .text              ro code  0x8003'e164       0x2b8  crop.o [1]
  .text              ro code  0x8003'e41c        0x28  printf.o [2]
  .rodata            const    0x8003'e444       0x2a0  set_encoder.o [1]
  .text              ro code  0x8003'e6e4       0x29e  select_every.o [1]
  .rodata            const    0x8003'e984       0x290  analyse.o [1]
  .rodata            const    0x8003'ec14       0x278  board.o [1]
  .rodata            const    0x8003'ee8c       0x278  clock_config.o [1]
  .rodata            const    0x8003'f104       0x278  fsl_clock.o [1]
  .rodata            const    0x8003'f37c       0x278  sdmmc_config.o [1]
  .text              ro code  0x8003'f5f4       0x24c  clock_config.o [1]
  .text              ro code  0x8003'f840       0x218  fsl_pmu.o [1]
  .text              ro code  0x8003'fa58       0x244  pin_mux.o [1]
  .text              ro code  0x8003'fc9c       0x228  raw_input.o [1]
  .rodata            const    0x8003'fec4       0x200  analyse.o [1]
  .rodata            const    0x8004'00c4       0x1f4  ffunicode.o [1]
  .text              ro code  0x8004'02b8       0x1f0  lz77_init.o [4]
  .text              ro code  0x8004'04a8       0x1e8  cache.o [1]
  .text              ro code  0x8004'0690       0x12c  internal.o [1]
  .rodata            const    0x8004'07bc       0x1e0  vlc.o [1]
  .text              ro code  0x8004'099c       0x1c8  vlc.o [1]
  .text              ro code  0x8004'0b64       0x1a6  system_MIMXRT1176_cm7.o [1]
  .text              ro code  0x8004'0d0c       0x1a0  fix_vfr_pts.o [1]
  .rodata            const    0x8004'0eac       0x148  analyse.o [1]
  .rodata            const    0x8004'0ff4       0x100  analyse.o [1]
  .rodata            const    0x8004'10f4       0x100  cabac.o [1]
  .rodata            const    0x8004'11f4       0x100  cabac.o [1]
  .rodata            const    0x8004'12f4       0x100  cabac.o [1]
  .rodata            const    0x8004'13f4       0x100  cavlc.o [1]
  .rodata            const    0x8004'14f4       0x100  set_encoder.o [1]
  .rodata            const    0x8004'15f4       0x100  slicetype.o [1]
  .text              ro code  0x8004'16f4        0xf8  sdcard_fatfs.o [1]
  .rodata            const    0x8004'17ec        0xf0  select_every.o [1]
  .text              ro code  0x8004'18dc        0xe2  xexp.o [3]
  .rodata            const    0x8004'19c0        0xe0  vlc.o [1]
  .rodata            const    0x8004'1aa0        0xe0  x264.o [1]
  .text              ro code  0x8004'1b80        0xd8  log.o [3]
  .text              ro code  0x8004'1c58        0xc8  log10.o [3]
  .rodata            const    0x8004'1d20        0xc0  analyse.o [1]
  .rodata            const    0x8004'1de0        0xc0  cavlc.o [1]
  .text              ro code  0x8004'1ea0        0xc0  source.o [1]
  .rodata            const    0x8004'1f60        0xbc  ffunicode.o [1]
  .text              ro code  0x8004'201c        0xb4  raw.o [1]
  .rodata            const    0x8004'20d0        0xb0  log.o [3]
  .rodata            const    0x8004'2180        0xa8  xexp.o [3]
  .rodata            const    0x8004'2228        0xa4  analyse.o [1]
  .rodata            const    0x8004'22cc        0x98  sdmmc_config.o [1]
  .text              ro code  0x8004'2364        0x96  ABImemmove.o [4]
  .text              ro code  0x8004'23fc        0x94  resize.o [1]
  .rodata            const    0x8004'2490        0x80  analyse.o [1]
  .rodata            const    0x8004'2510        0x80  analyse.o [1]
  .rodata            const    0x8004'2590        0x80  analyse.o [1]
  .rodata            const    0x8004'2610        0x80  fsl_sdmmc_common.o [1]
  .rodata            const    0x8004'2690        0x80  set_encoder.o [1]
  .rodata            const    0x8004'2710        0x70  analyse.o [1]
  .rodata            const    0x8004'2780        0x70  lookahead.o [1]
  .rodata            const    0x8004'27f0        0x70  set_encoder.o [1]
  .rodata            const    0x8004'2860        0x70  slicetype.o [1]
  .rodata            const    0x8004'28d0        0x70  vlc.o [1]
  .rodata            const    0x8004'2940        0x6c  analyse.o [1]
  .rodata            const    0x8004'29ac        0x6c  filters.o [1]
  .rodata            const    0x8004'2a18        0x6c  sdmmc_config.o [1]
  .rodata            const    0x8004'2a84        0x64  analyse.o [1]
  .rodata            const    0x8004'2ae8        0x64  analyse.o [1]
  .rodata            const    0x8004'2b4c        0x64  board.o [1]
  .rodata            const    0x8004'2bb0        0x60  fsl_sdmmc_host.o [1]
  .rodata            const    0x8004'2c10        0x58  fsl_usdhc.o [1]
  .text              ro code  0x8004'2c68        0x58  exp.o [3]
  .rodata            const    0x8004'2cc0        0x50  fsl_anatop_ai.o [1]
  .rodata            const    0x8004'2d10        0x50  fsl_common.o [1]
  .rodata            const    0x8004'2d60        0x50  fsl_lpuart.o [1]
  .rodata            const    0x8004'2db0        0x50  fsl_usdhc.o [1]
  .rodata            const    0x8004'2e00        0x50  slicetype.o [1]
  .rodata            const    0x8004'2e50        0x50  iar_Stoulx.o [2]
  .rodata            const    0x8004'2ea0        0x4c  analyse.o [1]
  .rodata            const    0x8004'2eec        0x4c  analyse.o [1]
  .rodata            const    0x8004'2f38        0x4c  analyse.o [1]
  .rodata            const    0x8004'2f84        0x4c  board.o [1]
  .rodata            const    0x8004'2fd0        0x4c  cavlc.o [1]
  .rodata            const    0x8004'301c        0x4c  clock_config.o [1]
  .rodata            const    0x8004'3068        0x4c  common.o [1]
  .rodata            const    0x8004'30b4        0x4c  fsl_adapter_lpuart.o [1]
  .rodata            const    0x8004'3100        0x4c  fsl_adapter_lpuart.o [1]
  .rodata            const    0x8004'314c        0x4c  fsl_clock.o [1]
  .rodata            const    0x8004'3198        0x4c  fsl_clock.o [1]
  .rodata            const    0x8004'31e4        0x4c  fsl_gpio.o [1]
  .rodata            const    0x8004'3230        0x4c  fsl_os_abstraction_bm.o [1]
  .rodata            const    0x8004'327c        0x4c  fsl_pmu.o [1]
  .rodata            const    0x8004'32c8        0x4c  fsl_sdmmc_osa.o [1]
  .rodata            const    0x8004'3314        0x4c  fsl_usdhc.o [1]
  .rodata            const    0x8004'3360        0x4c  fsl_usdhc.o [1]
  .rodata            const    0x8004'33ac        0x4c  sdmmc_config.o [1]
  .rodata            const    0x8004'33f8        0x4c  slicetype.o [1]
  .rodata            const    0x8004'3444        0x4c  slicetype.o [1]
  .rodata            const    0x8004'3490        0x4c  x264.o [1]
  .rodata            const    0x8004'34dc        0x48  analyse.o [1]
  .rodata            const    0x8004'3524        0x48  set.o [1]
  .rodata            const    0x8004'356c        0x44  common.o [1]
  .rodata            const    0x8004'35b0        0x48  strto64.o [3]
  .text              ro code  0x8004'35f8        0x46  U64ToDbl.o [3]
  .rodata            const    0x8004'3640        0x44  fsl_sd.o [1]
  .rodata            const    0x8004'3684        0x44  x264.o [1]
  .rodata            const    0x8004'36c8        0x44  logf.o [3]
  .text              ro code  0x8004'370c        0x44  snprintf.o [2]
  .rodata            const    0x8004'3750        0x40  analyse.o [1]
  .rodata            const    0x8004'3790        0x40  analyse.o [1]
  .rodata            const    0x8004'37d0        0x40  analyse.o [1]
  .rodata            const    0x8004'3810        0x40  analyse.o [1]
  .rodata            const    0x8004'3850        0x40  cabac.o [1]
  .rodata            const    0x8004'3890        0x40  cabac.o [1]
  .rodata            const    0x8004'38d0        0x40  fsl_clock.o [1]
  .rodata            const    0x8004'3910        0x40  fsl_gpio.o [1]
  .rodata            const    0x8004'3950        0x40  fsl_lpuart.o [1]
  .rodata            const    0x8004'3990        0x40  fsl_sdmmc_common.o [1]
  .rodata            const    0x8004'39d0        0x40  sdcard_fatfs.o [1]
  .rodata            const    0x8004'3a10        0x40  set.o [1]
  .rodata            const    0x8004'3a50        0x40  set.o [1]
  .rodata            const    0x8004'3a90        0x40  set_encoder.o [1]
  .rodata            const    0x8004'3ad0        0x40  set_encoder.o [1]
  .rodata            const    0x8004'3b10        0x40  set_encoder.o [1]
  .rodata            const    0x8004'3b50        0x40  set_encoder.o [1]
  .rodata            const    0x8004'3b90        0x40  slicetype.o [1]
  .rodata            const    0x8004'3bd0        0x40  x264.o [1]
  .rodata            const    0x8004'3c10        0x3c  fsl_gpio.o [1]
  .rodata            const    0x8004'3c4c        0x3c  fsl_usdhc.o [1]
  .rodata            const    0x8004'3c88        0x3c  slicetype.o [1]
  .rodata            const    0x8004'3cc4        0x38  common.o [1]
  .rodata            const    0x8004'3cfc        0x38  crop.o [1]
  .rodata            const    0x8004'3d34        0x38  fsl_clock.o [1]
  .rodata            const    0x8004'3d6c        0x38  x264.o [1]
  .rodata            const    0x8004'3da4        0x34  analyse.o [1]
  .rodata            const    0x8004'3dd8        0x34  cavlc.o [1]
  .rodata            const    0x8004'3e0c        0x34  common.o [1]
  .rodata            const    0x8004'3e40        0x34  common.o [1]
  .rodata            const    0x8004'3e74        0x34  common.o [1]
  .rodata            const    0x8004'3ea8        0x34  fsl_adapter_lpuart.o [1]
  .rodata            const    0x8004'3edc        0x34  fsl_clock.o [1]
  .rodata            const    0x8004'3f10        0x34  fsl_lpuart.o [1]
  .rodata            const    0x8004'3f44        0x34  set.o [1]
  .rodata            const    0x8004'3f78        0x34  set_encoder.o [1]
  .rodata            const    0x8004'3fac        0x34  slicetype.o [1]
  .rodata            const    0x8004'3fe0        0x30  common.o [1]
  .rodata            const    0x8004'4010        0x30  fsl_clock.o [1]
  .rodata            const    0x8004'4040        0x30  fsl_sd.o [1]
  .rodata            const    0x8004'4070        0x30  x264.o [1]
  .rodata            const    0x8004'40a0        0x2c  analyse.o [1]
  .rodata            const    0x8004'40cc        0x2c  cache.o [1]
  .rodata            const    0x8004'40f8        0x2c  common.o [1]
  .rodata            const    0x8004'4124        0x2c  common.o [1]
  .rodata            const    0x8004'4150        0x2c  crop.o [1]
  .rodata            const    0x8004'417c        0x2c  fsl_assert.o [1]
  .rodata            const    0x8004'41a8        0x2c  set_encoder.o [1]
  .rodata            const    0x8004'41d4        0x2c  set_encoder.o [1]
  .rodata            const    0x8004'4200        0x2c  x264.o [1]
  .rodata            const    0x8004'422c        0x2c  x264.o [1]
  .rodata            const    0x8004'4258        0x28  analyse.o [1]
  .rodata            const    0x8004'4280        0x28  analyse.o [1]
  .rodata            const    0x8004'42a8        0x28  common.o [1]
  .rodata            const    0x8004'42d0        0x28  common.o [1]
  .rodata            const    0x8004'42f8        0x28  depth.o [1]
  .rodata            const    0x8004'4320        0x28  fsl_adapter_lpuart.o [1]
  .rodata            const    0x8004'4348        0x28  fsl_lpuart.o [1]
  .rodata            const    0x8004'4370        0x28  fsl_lpuart.o [1]
  .rodata            const    0x8004'4398        0x28  fsl_usdhc.o [1]
  .rodata            const    0x8004'43c0        0x28  raw.o [1]
  .rodata            const    0x8004'43e8        0x28  raw_input.o [1]
  .rodata            const    0x8004'4410        0x28  sdcard_fatfs.o [1]
  .rodata            const    0x8004'4438        0x28  select_every.o [1]
  .rodata            const    0x8004'4460        0x28  set.o [1]
  .rodata            const    0x8004'4488        0x28  set_encoder.o [1]
  .rodata            const    0x8004'44b0        0x28  set_encoder.o [1]
  .rodata            const    0x8004'44d8        0x28  set_encoder.o [1]
  .rodata            const    0x8004'4500        0x28  x264.o [1]
  .rodata            const    0x8004'4528        0x28  x264.o [1]
  .rodata            const    0x8004'4550        0x28  x264.o [1]
  .rodata            const    0x8004'4578        0x28  x264.o [1]
  .text              ro code  0x8004'45a0        0x28  startup_MIMXRT1176_cm7.o [1]
  .text              ro code  0x8004'45c8        0x28  data_init.o [4]
  .rodata            const    0x8004'45f0        0x24  analyse.o [1]
  .rodata            const    0x8004'4614        0x24  analyse.o [1]
  .rodata            const    0x8004'4638        0x24  cavlc.o [1]
  .rodata            const    0x8004'465c        0x24  common.o [1]
  .rodata            const    0x8004'4680        0x24  common.o [1]
  .rodata            const    0x8004'46a4        0x24  crop.o [1]
  .rodata            const    0x8004'46c8        0x24  crop.o [1]
  .rodata            const    0x8004'46ec        0x24  crop.o [1]
  .rodata            const    0x8004'4710        0x24  depth.o [1]
  .rodata            const    0x8004'4734        0x24  filters.o [1]
  .rodata            const    0x8004'4758        0x24  raw_input.o [1]
  .rodata            const    0x8004'477c        0x24  resize.o [1]
  .rodata            const    0x8004'47a0        0x24  set.o [1]
  .rodata            const    0x8004'47c4        0x24  set.o [1]
  .rodata            const    0x8004'47e8        0x24  set_encoder.o [1]
  .rodata            const    0x8004'480c        0x24  set_encoder.o [1]
  .rodata            const    0x8004'4830        0x24  set_encoder.o [1]
  .rodata            const    0x8004'4854        0x24  x264.o [1]
  .rodata            const    0x8004'4878        0x24  x264.o [1]
  .rodata            const    0x8004'489c        0x24  x264.o [1]
  .rodata            const    0x8004'48c0        0x24  xscanfsmall_nomb.o [2]
  .text              ro code  0x8004'48e4        0x22  fpinit_M.o [3]
  .text              ro code  0x8004'4906        0x22  iarwrite.o [5]
  .iar.init_table    const    0x8004'4928        0x58  - Linker created -
  .rodata            const    0x8004'4980        0x20  analyse.o [1]
  .rodata            const    0x8004'49a0        0x20  analyse.o [1]
  .rodata            const    0x8004'49c0        0x20  analyse.o [1]
  .rodata            const    0x8004'49e0        0x20  analyse.o [1]
  .rodata            const    0x8004'4a00        0x20  analyse.o [1]
  .rodata            const    0x8004'4a20        0x20  common.o [1]
  .rodata            const    0x8004'4a40        0x20  crop.o [1]
  .rodata            const    0x8004'4a60        0x20  fsl_clock.o [1]
  .rodata            const    0x8004'4a80        0x20  fsl_usdhc.o [1]
  .rodata            const    0x8004'4aa0        0x20  internal.o [1]
  .rodata            const    0x8004'4ac0        0x20  lookahead.o [1]
  .rodata            const    0x8004'4ae0        0x20  raw_input.o [1]
  .rodata            const    0x8004'4b00        0x20  raw_input.o [1]
  .rodata            const    0x8004'4b20        0x20  select_every.o [1]
  .rodata            const    0x8004'4b40        0x20  set.o [1]
  .rodata            const    0x8004'4b60        0x20  set_encoder.o [1]
  .rodata            const    0x8004'4b80        0x20  set_encoder.o [1]
  .rodata            const    0x8004'4ba0        0x20  x264.o [1]
  .rodata            const    0x8004'4bc0        0x20  x264.o [1]
  .rodata            const    0x8004'4be0        0x20  x264.o [1]
  .text              ro code  0x8004'4c00        0x20  putchar.o [2]
  .text              ro code  0x8004'4c20        0x10  write.o [5]
  .text              ro code  0x8004'4c30        0x1e  dwrite.o [5]
  .text              ro code  0x8004'4c4e        0x20  iarwstd.o [5]
  .text              ro code  0x8004'4c70        0x1e  U64Shr.o [4]
  .text              ro code  0x8004'4c90        0x1e  sqrt.o [3]
  .text              ro code  0x8004'4cb0        0x1e  cmain.o [4]
  .text              ro code  0x8004'4cce         0x4  low_level_init.o [2]
  .text              ro code  0x8004'4cd2         0x4  exit.o [2]
  .text              ro code  0x8004'4cd8         0xa  cexit.o [4]
  .rodata            const    0x8004'4ce4        0x1c  analyse.o [1]
  .rodata            const    0x8004'4d00        0x1c  analyse.o [1]
  .rodata            const    0x8004'4d1c        0x1c  analyse.o [1]
  .rodata            const    0x8004'4d38        0x1c  analyse.o [1]
  .rodata            const    0x8004'4d54        0x1c  analyse.o [1]
  .rodata            const    0x8004'4d70        0x1c  board.o [1]
  .rodata            const    0x8004'4d8c        0x1c  cavlc.o [1]
  .rodata            const    0x8004'4da8        0x1c  common.o [1]
  .rodata            const    0x8004'4dc4        0x1c  common.o [1]
  .rodata            const    0x8004'4de0        0x1c  common.o [1]
  .rodata            const    0x8004'4dfc        0x1c  common.o [1]
  .rodata            const    0x8004'4e18        0x1c  depth.o [1]
  .rodata            const    0x8004'4e34        0x1c  fsl_clock.o [1]
  .rodata            const    0x8004'4e50        0x1c  fsl_lpuart.o [1]
  .rodata            const    0x8004'4e6c        0x1c  internal.o [1]
  .rodata            const    0x8004'4e88        0x1c  raw.o [1]
  .rodata            const    0x8004'4ea4        0x1c  raw_input.o [1]
  .rodata            const    0x8004'4ec0        0x1c  x264.o [1]
  .rodata            const    0x8004'4edc        0x1c  x264.o [1]
  .rodata            const    0x8004'4ef8        0x1c  x264.o [1]
  .rodata            const    0x8004'4f14        0x1c  x264.o [1]
  .rodata            const    0x8004'4f30        0x18  analyse.o [1]
  .rodata            const    0x8004'4f48        0x18  analyse.o [1]
  .rodata            const    0x8004'4f60        0x18  board.o [1]
  .rodata            const    0x8004'4f78        0x18  common.o [1]
  .rodata            const    0x8004'4f90        0x18  common.o [1]
  .rodata            const    0x8004'4fa8        0x18  common.o [1]
  .rodata            const    0x8004'4fc0        0x18  common.o [1]
  .rodata            const    0x8004'4fd8        0x18  common.o [1]
  .rodata            const    0x8004'4ff0        0x18  common.o [1]
  .rodata            const    0x8004'5008        0x18  common.o [1]
  .rodata            const    0x8004'5020        0x18  common.o [1]
  .rodata            const    0x8004'5038        0x18  filters.o [1]
  .rodata            const    0x8004'5050        0x18  filters.o [1]
  .rodata            const    0x8004'5068        0x18  fsl_common.o [1]
  .rodata            const    0x8004'5080        0x18  fsl_sd.o [1]
  .rodata            const    0x8004'5098        0x18  fsl_sd.o [1]
  .rodata            const    0x8004'50b0        0x18  fsl_usdhc.o [1]
  .rodata            const    0x8004'50c8        0x18  raw.o [1]
  .rodata            const    0x8004'50e0        0x18  raw_input.o [1]
  .rodata            const    0x8004'50f8        0x18  sdcard_fatfs.o [1]
  .rodata            const    0x8004'5110        0x18  sdcard_fatfs.o [1]
  .rodata            const    0x8004'5128        0x18  sdcard_fatfs.o [1]
  .rodata            const    0x8004'5140        0x18  sdcard_fatfs.o [1]
  .rodata            const    0x8004'5158        0x18  select_every.o [1]
  .rodata            const    0x8004'5170        0x18  select_every.o [1]
  .rodata            const    0x8004'5188        0x18  select_every.o [1]
  .rodata            const    0x8004'51a0        0x18  set.o [1]
  .rodata            const    0x8004'51b8        0x18  slicetype.o [1]
  .rodata            const    0x8004'51d0        0x18  slicetype.o [1]
  .rodata            const    0x8004'51e8        0x18  video.o [1]
  .rodata            const    0x8004'5200        0x18  vlc.o [1]
  .rodata            const    0x8004'5218        0x18  x264.o [1]
  .text              ro code  0x8004'5230        0x16  xprout.o [2]
  .rodata            const    0x8004'5248        0x14  analyse.o [1]
  .rodata            const    0x8004'525c        0x14  analyse.o [1]
  .rodata            const    0x8004'5270        0x14  analyse.o [1]
  .rodata            const    0x8004'5284        0x14  analyse.o [1]
  .rodata            const    0x8004'5298        0x14  analyse.o [1]
  .rodata            const    0x8004'52ac        0x14  cavlc.o [1]
  .rodata            const    0x8004'52c0        0x14  cavlc.o [1]
  .rodata            const    0x8004'52d4        0x14  clock_config.o [1]
  .rodata            const    0x8004'52e8        0x14  common.o [1]
  .rodata            const    0x8004'52fc        0x14  common.o [1]
  .rodata            const    0x8004'5310        0x14  common.o [1]
  .rodata            const    0x8004'5324        0x14  common.o [1]
  .rodata            const    0x8004'5338        0x14  common.o [1]
  .rodata            const    0x8004'534c        0x14  common.o [1]
  .rodata            const    0x8004'5360        0x14  common.o [1]
  .rodata            const    0x8004'5374        0x14  common.o [1]
  .rodata            const    0x8004'5388        0x14  common.o [1]
  .rodata            const    0x8004'539c        0x14  common.o [1]
  .rodata            const    0x8004'53b0        0x14  common.o [1]
  .rodata            const    0x8004'53c4        0x14  common.o [1]
  .rodata            const    0x8004'53d8        0x14  common.o [1]
  .rodata            const    0x8004'53ec        0x14  common.o [1]
  .rodata            const    0x8004'5400        0x14  common.o [1]
  .rodata            const    0x8004'5414        0x14  common.o [1]
  .rodata            const    0x8004'5428        0x14  common.o [1]
  .rodata            const    0x8004'543c        0x14  crop.o [1]
  .rodata            const    0x8004'5450        0x14  crop.o [1]
  .rodata            const    0x8004'5464        0x14  fsl_sd.o [1]
  .rodata            const    0x8004'5478        0x14  fsl_sdmmc_osa.o [1]
  .rodata            const    0x8004'548c        0x14  fsl_usdhc.o [1]
  .rodata            const    0x8004'54a0        0x14  fsl_usdhc.o [1]
  .rodata            const    0x8004'54b4        0x14  fsl_usdhc.o [1]
  .rodata            const    0x8004'54c8        0x14  fsl_usdhc.o [1]
  .rodata            const    0x8004'54dc        0x14  raw.o [1]
  .rodata            const    0x8004'54f0        0x14  sdcard_fatfs.o [1]
  .rodata            const    0x8004'5504        0x14  sdcard_fatfs.o [1]
  .rodata            const    0x8004'5518        0x14  sdmmc_config.o [1]
  .rodata            const    0x8004'552c        0x14  select_every.o [1]
  .rodata            const    0x8004'5540        0x14  set.o [1]
  .rodata            const    0x8004'5554        0x10  analyse.o [1]
  .rodata            const    0x8004'5564        0x10  analyse.o [1]
  .rodata            const    0x8004'5574        0x10  analyse.o [1]
  .rodata            const    0x8004'5584        0x10  analyse.o [1]
  .rodata            const    0x8004'5594        0x10  analyse.o [1]
  .rodata            const    0x8004'55a4        0x10  analyse.o [1]
  .rodata            const    0x8004'55b4        0x10  analyse.o [1]
  .rodata            const    0x8004'55c4        0x10  analyse.o [1]
  .rodata            const    0x8004'55d4        0x10  analyse.o [1]
  .rodata            const    0x8004'55e4        0x10  analyse.o [1]
  .rodata            const    0x8004'55f4        0x10  analyse.o [1]
  .rodata            const    0x8004'5604        0x10  analyse.o [1]
  .rodata            const    0x8004'5614        0x10  analyse.o [1]
  .rodata            const    0x8004'5624        0x10  analyse.o [1]
  .rodata            const    0x8004'5634        0x10  cavlc.o [1]
  .rodata            const    0x8004'5644        0x10  cavlc.o [1]
  .rodata            const    0x8004'5654        0x10  cavlc.o [1]
  .rodata            const    0x8004'5664        0x10  cavlc.o [1]
  .rodata            const    0x8004'5674        0x10  common.o [1]
  .rodata            const    0x8004'5684        0x10  common.o [1]
  .rodata            const    0x8004'5694        0x10  common.o [1]
  .rodata            const    0x8004'56a4        0x10  common.o [1]
  .rodata            const    0x8004'56b4        0x10  common.o [1]
  .rodata            const    0x8004'56c4        0x10  common.o [1]
  .rodata            const    0x8004'56d4        0x10  common.o [1]
  .rodata            const    0x8004'56e4        0x10  common.o [1]
  .rodata            const    0x8004'56f4        0x10  common.o [1]
  .rodata            const    0x8004'5704        0x10  common.o [1]
  .rodata            const    0x8004'5714        0x10  common.o [1]
  .rodata            const    0x8004'5724        0x10  common.o [1]
  .rodata            const    0x8004'5734        0x10  common.o [1]
  .rodata            const    0x8004'5744        0x10  common.o [1]
  .rodata            const    0x8004'5754        0x10  common.o [1]
  .rodata            const    0x8004'5764        0x10  common.o [1]
  .rodata            const    0x8004'5774        0x10  common.o [1]
  .rodata            const    0x8004'5784        0x10  common.o [1]
  .rodata            const    0x8004'5794        0x10  common.o [1]
  .rodata            const    0x8004'57a4        0x10  common.o [1]
  .rodata            const    0x8004'57b4        0x10  common.o [1]
  .rodata            const    0x8004'57c4        0x10  common.o [1]
  .rodata            const    0x8004'57d4        0x10  common.o [1]
  .rodata            const    0x8004'57e4        0x10  common.o [1]
  .rodata            const    0x8004'57f4        0x10  common.o [1]
  .rodata            const    0x8004'5804        0x10  common.o [1]
  .rodata            const    0x8004'5814        0x10  common.o [1]
  .rodata            const    0x8004'5824        0x10  common.o [1]
  .rodata            const    0x8004'5834        0x10  common.o [1]
  .rodata            const    0x8004'5844        0x10  common.o [1]
  .rodata            const    0x8004'5854        0x10  common.o [1]
  .rodata            const    0x8004'5864        0x10  common.o [1]
  .rodata            const    0x8004'5874        0x10  common.o [1]
  .rodata            const    0x8004'5884        0x10  common.o [1]
  .rodata            const    0x8004'5894        0x10  common.o [1]
  .rodata            const    0x8004'58a4        0x10  common.o [1]
  .rodata            const    0x8004'58b4        0x10  common.o [1]
  .rodata            const    0x8004'58c4        0x10  common.o [1]
  .rodata            const    0x8004'58d4        0x10  common.o [1]
  .rodata            const    0x8004'58e4        0x10  common.o [1]
  .rodata            const    0x8004'58f4        0x10  common.o [1]
  .rodata            const    0x8004'5904        0x10  common.o [1]
  .rodata            const    0x8004'5914        0x10  common.o [1]
  .rodata            const    0x8004'5924        0x10  crop.o [1]
  .rodata            const    0x8004'5934        0x10  ff.o [1]
  .rodata            const    0x8004'5944        0x10  filters.o [1]
  .rodata            const    0x8004'5954        0x10  filters.o [1]
  .rodata            const    0x8004'5964        0x10  fsl_common.o [1]
  .rodata            const    0x8004'5974        0x10  fsl_debug_console.o [1]
  .rodata            const    0x8004'5984        0x10  fsl_gpio.o [1]
  .rodata            const    0x8004'5994        0x10  fsl_lpuart.o [1]
  .rodata            const    0x8004'59a4        0x10  fsl_os_abstraction_bm.o [1]
  .rodata            const    0x8004'59b4        0x10  fsl_sdmmc_host.o [1]
  .rodata            const    0x8004'59c4        0x10  fsl_usdhc.o [1]
  .rodata            const    0x8004'59d4        0x10  fsl_usdhc.o [1]
  .rodata            const    0x8004'59e4        0x10  fsl_usdhc.o [1]
  .rodata            const    0x8004'59f4        0x10  fsl_usdhc.o [1]
  .rodata            const    0x8004'5a04        0x10  fsl_usdhc.o [1]
  .rodata            const    0x8004'5a14        0x10  fsl_usdhc.o [1]
  .rodata            const    0x8004'5a24        0x10  fsl_usdhc.o [1]
  .rodata            const    0x8004'5a34        0x10  fsl_usdhc.o [1]
  .rodata            const    0x8004'5a44        0x10  fsl_usdhc.o [1]
  .rodata            const    0x8004'5a54        0x10  raw.o [1]
  .rodata            const    0x8004'5a64        0x10  raw.o [1]
  .rodata            const    0x8004'5a74        0x10  select_every.o [1]
  .rodata            const    0x8004'5a84        0x10  set.o [1]
  .rodata            const    0x8004'5a94        0x10  set.o [1]
[...]
x264_pixel_var2_8x16         0xa88f      0x78  Code  Lc  pixel.o [1]
x264_pixel_var2_8x8          0xa907      0x78  Code  Lc  pixel.o [1]
x264_pixel_var_16x16         0xa7f9      0x32  Code  Lc  pixel.o [1]
x264_pixel_var_8x16          0xa82b      0x32  Code  Lc  pixel.o [1]
x264_pixel_var_8x8           0xa85d      0x32  Code  Lc  pixel.o [1]
x264_plane_copy_c            0xf067      0x32  Code  Gb  mc.o [1]
x264_plane_copy_deinterleave_c
                             0xf119      0x46  Code  Gb  mc.o [1]
x264_plane_copy_deinterleave_rgb_c
                             0xf15f      0x76  Code  Lc  mc.o [1]
x264_plane_copy_deinterleave_v210_c
                             0xf1d5      0x6c  Code  Lc  mc.o [1]
x264_plane_copy_interleave_c
                             0xf0d3      0x46  Code  Gb  mc.o [1]
x264_plane_copy_swap_c       0xf099      0x3a  Code  Gb  mc.o [1]
x264_pps_init           0x8003'4c89     0x192  Code  Gb  set_encoder.o [1]
x264_pps_write          0x8003'4e29     0x150  Code  Gb  set_encoder.o [1]
x264_pred_i4x4_neighbors
                        0x8004'5bc0       0xc  Data  Lc  analyse.o [1]
x264_pred_i4x4_neighbors
                           0x2'9d30       0xc  Data  Lc  macroblock_encoder.o [1]
x264_predict_16x16_dc_128_c
                             0x84cb      0x1a  Code  Lc  predict.o [1]
x264_predict_16x16_dc_c
                             0x8423      0x3e  Code  Gb  predict.o [1]
x264_predict_16x16_dc_left_c
                             0x8461      0x36  Code  Lc  predict.o [1]
x264_predict_16x16_dc_top_c
                             0x8497      0x34  Code  Lc  predict.o [1]
x264_predict_16x16_h_c       0x84e5      0x20  Code  Gb  predict.o [1]
x264_predict_16x16_init
                             0x9fab      0x1e  Code  Gb  predict.o [1]
x264_predict_16x16_p_c       0x852f      0xa2  Code  Gb  predict.o [1]
x264_predict_16x16_v_c       0x8505      0x2a  Code  Gb  predict.o [1]
x264_predict_4x4_dc_128_c
                             0x8a49       0xe  Code  Lc  predict.o [1]
x264_predict_4x4_dc_c        0x8aad      0x42  Code  Gb  predict.o [1]
x264_predict_4x4_dc_left_c
                             0x8a57      0x2a  Code  Lc  predict.o [1]
x264_predict_4x4_dc_top_c
                             0x8a81      0x2c  Code  Lc  predict.o [1]
x264_predict_4x4_ddl_c       0x8b21      0xb2  Code  Lc  predict.o [1]
x264_predict_4x4_ddr_c       0x8bd3      0xb8  Code  Lc  predict.o [1]
x264_predict_4x4_h_c         0x8aef      0x24  Code  Gb  predict.o [1]
x264_predict_4x4_hd_c        0x8d57      0xd6  Code  Lc  predict.o [1]
x264_predict_4x4_hu_c        0x8ef7      0x8c  Code  Lc  predict.o [1]
x264_predict_4x4_init        0xa03b      0x32  Code  Gb  predict.o [1]
x264_predict_4x4_v_c         0x8b13       0xe  Code  Gb  predict.o [1]
x264_predict_4x4_vl_c        0x8e2d      0xca  Code  Lc  predict.o [1]
x264_predict_4x4_vr_c        0x8c8b      0xcc  Code  Lc  predict.o [1]
x264_predict_8x16c_dc_128_c
                             0x87d7      0x16  Code  Lc  predict.o [1]
x264_predict_8x16c_dc_c
                             0x8871      0xf2  Code  Gb  predict.o [1]
x264_predict_8x16c_dc_left_c
                             0x87ed      0x40  Code  Lc  predict.o [1]
x264_predict_8x16c_dc_top_c
                             0x882d      0x44  Code  Lc  predict.o [1]
x264_predict_8x16c_h_c       0x8963      0x1c  Code  Gb  predict.o [1]
x264_predict_8x16c_init
                             0x9fe7      0x1e  Code  Gb  predict.o [1]
x264_predict_8x16c_p_c       0x8999      0xb0  Code  Gb  predict.o [1]
x264_predict_8x16c_v_c       0x897f      0x1a  Code  Gb  predict.o [1]
x264_predict_8x8_dc_128_c
                             0x925f      0x16  Code  Lc  predict.o [1]
x264_predict_8x8_dc_c        0x92ed      0x5a  Code  Gb  predict.o [1]
x264_predict_8x8_dc_left_c
                             0x9275      0x3c  Code  Lc  predict.o [1]
x264_predict_8x8_dc_top_c
                             0x92b1      0x3c  Code  Lc  predict.o [1]
x264_predict_8x8_ddl_c       0x93d5     0x204  Code  Lc  predict.o [1]
x264_predict_8x8_ddr_c       0x95d9     0x1fc  Code  Lc  predict.o [1]
x264_predict_8x8_filter_c
                             0x8f83     0x2dc  Code  Lc  predict.o [1]
x264_predict_8x8_h_c         0x9347      0x72  Code  Gb  predict.o [1]
x264_predict_8x8_hd_c        0x9a37     0x212  Code  Lc  predict.o [1]
x264_predict_8x8_hu_c        0x9e5d     0x14e  Code  Lc  predict.o [1]
x264_predict_8x8_init        0xa005      0x36  Code  Gb  predict.o [1]
x264_predict_8x8_v_c         0x93b9      0x1c  Code  Gb  predict.o [1]
x264_predict_8x8_vl_c        0x9c49     0x214  Code  Lc  predict.o [1]
x264_predict_8x8_vr_c        0x97d5     0x262  Code  Lc  predict.o [1]
x264_predict_8x8c_dc_128_c
                             0x85d1      0x16  Code  Lc  predict.o [1]
x264_predict_8x8c_dc_c       0x8683      0x7c  Code  Gb  predict.o [1]
x264_predict_8x8c_dc_left_c
                             0x85e7      0x58  Code  Lc  predict.o [1]
x264_predict_8x8c_dc_top_c
                             0x863f      0x44  Code  Lc  predict.o [1]
x264_predict_8x8c_h_c        0x86ff      0x1c  Code  Gb  predict.o [1]
x264_predict_8x8c_init       0x9fc9      0x1e  Code  Gb  predict.o [1]
x264_predict_8x8c_p_c        0x8735      0xa2  Code  Gb  predict.o [1]
x264_predict_8x8c_v_c        0x871b      0x1a  Code  Gb  predict.o [1]
x264_predict_lossless_16x16
                           0x1'd691      0x9e  Code  Gb  macroblock_encoder.o [1]
x264_predict_lossless_4x4
                           0x1'd537      0xa0  Code  Gb  macroblock_encoder.o [1]
x264_predict_lossless_8x8
                           0x1'd5f1      0xa0  Code  Gb  macroblock_encoder.o [1]
x264_predict_lossless_chroma
                           0x1'd41b     0x11c  Code  Gb  macroblock_encoder.o [1]
x264_predictor_clip        0x2'2319      0x7a  Code  Lc  me.o [1]
x264_predictor_difference
                           0x2'224d      0x4a  Code  Lc  me.o [1]
x264_predictor_roundclip
                           0x2'22a5      0x74  Code  Lc  me.o [1]
x264_prefetch_fenc         0x1'4a5d      0x46  Code  Gb  macroblock.o [1]
x264_preset_names       0x8004'4124      0x2c  Data  Lc  common.o [1]
x264_print_intra             0x6dc9      0x98  Code  Lc  encoder.o [1]
x264_psnr                     0x455      0x30  Code  Lc  encoder.o [1]
x264_psy_trellis_init   0x8000'9cf7      0x58  Code  Lc  analyse.o [1]
x264_psy_trellis_init::zero
                        0x8020'6144     0x200  Data  Lc  analyse.o [1]
x264_pthread_fetch_and_add
                           0x1'2055       0xc  Code  Lc  frame.o [1]
x264_quant_4x4          0x8000'28df      0xda  Code  Lc  analyse.o [1]
x264_quant_4x4             0x1'c031      0xda  Code  Lc  macroblock_encoder.o [1]
x264_quant_4x4_trellis  0x8000'8f4d      0xc4  Code  Gb  analyse.o [1]
x264_quant_4x4_trellis::ctx_ac
                        0x8004'5624      0x10  Data  Lc  analyse.o [1]
x264_quant_8x8          0x8000'29b9      0xe2  Code  Lc  analyse.o [1]
x264_quant_8x8             0x1'c10b      0xe2  Code  Lc  macroblock_encoder.o [1]
x264_quant_8x8_trellis  0x8000'9011     0x118  Code  Gb  analyse.o [1]
x264_quant_chroma_dc_trellis
                        0x8000'8e8b      0xc2  Code  Gb  analyse.o [1]
x264_quant_init            0x1'05c9      0xb0  Code  Gb  quant.o [1]
x264_quant_luma_dc_trellis
                        0x8000'8ddd      0xae  Code  Gb  analyse.o [1]
x264_ratecontrol_delete
                           0x1'8e95      0x98  Code  Gb  ratecontrol.o [1]
x264_ratecontrol_end       0x1'a04d     0x3ec  Code  Gb  ratecontrol.o [1]
x264_ratecontrol_init_reconfigurable
                           0x1'7f49     0x520  Code  Gb  ratecontrol.o [1]
x264_ratecontrol_mb        0x1'95c5     0x742  Code  Gb  ratecontrol.o [1]
x264_ratecontrol_mb_qp     0x1'9d3d      0x90  Code  Gb  ratecontrol.o [1]
x264_ratecontrol_new       0x1'8491     0x5f0  Code  Gb  ratecontrol.o [1]
x264_ratecontrol_new::pred_coeff_table
                           0x2'9d54       0xc  Data  Lc  ratecontrol.o [1]
x264_ratecontrol_qp        0x1'9d15      0x26  Code  Gb  ratecontrol.o [1]
x264_ratecontrol_set_weights
                           0x1'9fa9      0xa4  Code  Gb  ratecontrol.o [1]
x264_ratecontrol_slice_type
                           0x1'9ded     0x1b0  Code  Gb  ratecontrol.o [1]
x264_ratecontrol_start     0x1'8ffd     0x3a8  Code  Gb  ratecontrol.o [1]
x264_ratecontrol_summary
                           0x1'8dd5      0xba  Code  Gb  ratecontrol.o [1]
x264_ratecontrol_zone_init
                           0x1'8fbd      0x3e  Code  Gb  ratecontrol.o [1]
x264_rc_analyse_slice   0x8002'd359     0x29e  Code  Gb  slicetype.o [1]
x264_rd_cost_chroma     0x8000'7181      0xc0  Code  Lc  analyse.o [1]
x264_rd_cost_i4x4       0x8000'7043     0x13e  Code  Lc  analyse.o [1]
x264_rd_cost_i8x8       0x8000'6edb     0x168  Code  Lc  analyse.o [1]
x264_rd_cost_mb         0x8000'6b65      0xd0  Code  Lc  analyse.o [1]
x264_rd_cost_part       0x8000'6d79     0x162  Code  Gb  analyse.o [1]
x264_rd_cost_subpart    0x8000'6c35     0x12a  Code  Lc  analyse.o [1]
x264_rdo_init           0x8000'7241      0x96  Code  Gb  analyse.o [1]
x264_reduce_fraction    0x8001'6207      0x40  Code  Gb  common.o [1]
x264_reduce_fraction64  0x8001'6247      0x5e  Code  Gb  common.o [1]
x264_reference_build_list
                             0x3ad3     0x41a  Code  Lc  encoder.o [1]
x264_reference_build_list_optimal
                           0x1'7e7b      0xce  Code  Gb  ratecontrol.o [1]
x264_reference_check_reorder
                             0x358b      0xe0  Code  Lc  encoder.o [1]
x264_reference_distance
                             0x3a79      0x5a  Code  Lc  encoder.o [1]
x264_reference_hierarchy_reset
                             0x434f     0x114  Code  Lc  encoder.o [1]
x264_reference_reset         0x4319      0x36  Code  Lc  encoder.o [1]
x264_reference_update        0x4253      0xc6  Code  Lc  encoder.o [1]
x264_refine_bidir       0x8001'0e9d     0x178  Code  Lc  analyse.o [1]
x264_register_vid_filters
                        0x8003'8933      0x2e  Code  Gb  video.o [1]
x264_run_before         0x8023'b940  0x4'0000  Data  Gb  vlc.o [1]
x264_scan8              0x8004'3da4      0x34  Data  Lc  analyse.o [1]
x264_scan8                 0x2'8b48      0x34  Data  Lc  cabac_encoder.o [1]
x264_scan8              0x8004'3dd8      0x34  Data  Lc  cavlc.o [1]
x264_scan8                 0x2'8cb4      0x34  Data  Lc  encoder.o [1]
x264_scan8                 0x2'8ce8      0x34  Data  Lc  macroblock.o [1]
x264_scan8                 0x2'8d1c      0x34  Data  Lc  macroblock_encoder.o [1]
x264_scan8                 0x2'8d50      0x34  Data  Lc  me.o [1]
x264_scan8                 0x2'8d84      0x34  Data  Lc  mvpred.o [1]
x264_sei_avcintra_umid_write
                        0x8003'53b3      0xa2  Code  Gb  set_encoder.o [1]
x264_sei_avcintra_vanc_write
                        0x8003'5455      0x5c  Code  Gb  set_encoder.o [1]
x264_sei_buffering_period_write
                        0x8003'5059      0x7c  Code  Gb  set_encoder.o [1]
x264_sei_dec_ref_pic_marking_write
                        0x8003'52fb      0xb8  Code  Gb  set_encoder.o [1]
x264_sei_frame_packing_write
                        0x8003'5199     0x132  Code  Gb  set_encoder.o [1]
x264_sei_pic_timing_write
                        0x8003'50d5      0xc4  Code  Gb  set_encoder.o [1]
x264_sei_recovery_point_write
                        0x8003'4f79      0x6a  Code  Gb  set_encoder.o [1]
x264_sei_version_write  0x8003'4fe3      0x76  Code  Gb  set_encoder.o [1]
x264_sei_version_write::uuid
                        0x8004'5b84      0x10  Data  Lc  set_encoder.o [1]
x264_sei_write          0x8003'429f      0x80  Code  Gb  set_encoder.o [1]
x264_set_aspect_ratio        0x2475      0x9e  Code  Lc  encoder.o [1]
x264_significant_coeff_flag_offset
                        0x8004'3790      0x40  Data  Gb  analyse.o [1]
x264_significant_coeff_flag_offset_8x8
                        0x8004'2510      0x80  Data  Gb  analyse.o [1]
x264_size2pixel            0x2'9928      0x1c  Data  Lc  macroblock.o [1]
x264_slice_header_init        0x4f9     0x21e  Code  Lc  encoder.o [1]
x264_slice_header_write
                              0x717     0x3a8  Code  Lc  encoder.o [1]
x264_slice_init              0x4463     0x14a  Code  Lc  encoder.o [1]
x264_slice_write             0x46f3     0x9ce  Code  Lc  encoder.o [1]
x264_slices_write            0x5173      0xea  Code  Lc  encoder.o [1]
x264_slicetype_analyse  0x8002'c519     0x7a4  Code  Gb  slicetype.o [1]
x264_slicetype_decide   0x8002'ccc9     0x68c  Code  Gb  slicetype.o [1]
x264_slicetype_frame_cost
                        0x8002'ae6b     0x4ac  Code  Lc  slicetype.o [1]
x264_slicetype_frame_cost_recalculate
                        0x8002'b31d     0x140  Code  Lc  slicetype.o [1]
x264_slicetype_mb_cost  0x8002'a2c1     0xad0  Code  Lc  slicetype.o [1]
x264_slicetype_path     0x8002'c127     0x174  Code  Lc  slicetype.o [1]
x264_slicetype_path_cost
                        0x8002'bfe1     0x146  Code  Lc  slicetype.o [1]
x264_slicetype_slice_cost
                        0x8002'ad95      0xd6  Code  Lc  slicetype.o [1]
x264_slurp_file         0x8001'62a5       0x4  Code  Gb  common.o [1]
x264_split_options      0x8003'bf35     0x1b6  Code  Gb  filters.o [1]
x264_sps_init           0x8003'4321     0x52e  Code  Gb  set_encoder.o [1]
x264_sps_init_reconfigurable
                        0x8003'4859      0x7a  Code  Gb  set_encoder.o [1]
x264_sps_write          0x8003'48d3     0x3b0  Code  Gb  set_encoder.o [1]
x264_sps_write{4}{5}{6}{7}::sar
                        0x8004'3f78      0x34  Data  Lc  set_encoder.o [1]
x264_ssim                     0x485      0x2c  Code  Lc  encoder.o [1]
x264_subpartition_size_cabac
                        0x8000'6471     0x178  Code  Lc  analyse.o [1]
x264_subpartition_size_cavlc
                        0x8000'40b1     0x11e  Code  Lc  analyse.o [1]
x264_sync_frame_list_delete
                           0x1'35d5       0x4  Code  Gb  frame.o [1]
x264_sync_frame_list_init
                           0x1'359d      0x38  Code  Gb  frame.o [1]
x264_sync_frame_list_push
                           0x1'35d9      0x14  Code  Gb  frame.o [1]
x264_thread_sync_context
                             0x50c1      0x9c  Code  Lc  encoder.o [1]
x264_thread_sync_ratecontrol
                           0x1'be31     0x1c6  Code  Gb  ratecontrol.o [1]
x264_thread_sync_stat        0x515d      0x16  Code  Lc  encoder.o [1]
x264_threaded_slices_write
                             0x525d     0x1d2  Code  Lc  encoder.o [1]
x264_threadpool_wait_all
                              0x4c9      0x2e  Code  Lc  encoder.o [1]
x264_threads_distribute_ratecontrol
                           0x1'bb69     0x1c2  Code  Gb  ratecontrol.o [1]
x264_threads_merge_ratecontrol
                           0x1'bd49      0xe8  Code  Gb  ratecontrol.o [1]
x264_threads_normalize_predictors
                           0x1'bafd      0x5c  Code  Lc  ratecontrol.o [1]
x264_threadslice_cond_broadcast
                           0x1'328b       0x6  Code  Gb  frame.o [1]
x264_threadslice_cond_wait
                           0x1'3291       0xa  Code  Gb  frame.o [1]
x264_total_zeros        0x8004'07bc     0x1e0  Data  Gb  vlc.o [1]
x264_total_zeros_2x2_dc
                        0x8004'5200      0x18  Data  Gb  vlc.o [1]
x264_total_zeros_2x4_dc
                        0x8004'28d0      0x70  Data  Gb  vlc.o [1]
x264_transfer_names     0x8004'3068      0x4c  Data  Lc  common.o [1]
x264_transform_allowed  0x8004'525c      0x14  Data  Lc  analyse.o [1]
x264_transform_allowed     0x2'9a48      0x14  Data  Lc  cabac_encoder.o [1]
x264_transform_allowed  0x8004'52ac      0x14  Data  Lc  cavlc.o [1]
x264_trellis_lambda2_tab
                        0x8003'e984     0x290  Data  Lc  analyse.o [1]
x264_ue_size_tab        0x8004'0ff4     0x100  Data  Lc  analyse.o [1]
x264_ue_size_tab        0x8004'13f4     0x100  Data  Lc  cavlc.o [1]
x264_ue_size_tab           0x2'7c50     0x100  Data  Lc  encoder.o [1]
x264_ue_size_tab        0x8004'14f4     0x100  Data  Lc  set_encoder.o [1]
x264_ue_size_tab        0x8004'15f4     0x100  Data  Lc  slicetype.o [1]
x264_validate_levels    0x8003'54b1     0x22c  Code  Gb  set_encoder.o [1]
x264_validate_parameters
                              0xbdd    0x15be  Code  Lc  encoder.o [1]
x264_validate_parameters{82}{83}{84}{85}::lookahead_thread_div
                           0x2'9360      0x28  Data  Lc  encoder.o [1]
x264_vbv_frame_cost     0x8002'bbdd      0x5e  Code  Lc  slicetype.o [1]
x264_vbv_lookahead      0x8002'bcdb     0x306  Code  Lc  slicetype.o [1]
x264_vidformat_names    0x8004'4dfc      0x1c  Data  Lc  common.o [1]
x264_weight_cache            0xeadd       0xa  Code  Lc  mc.o [1]
x264_weight_cost_chroma
                        0x8002'97fb     0x130  Code  Lc  slicetype.o [1]
x264_weight_cost_chroma444
                        0x8002'992b     0x100  Code  Lc  slicetype.o [1]
x264_weight_cost_init_chroma
                        0x8002'9399     0x168  Code  Lc  slicetype.o [1]
x264_weight_cost_init_chroma444
                        0x8002'9501     0x10a  Code  Lc  slicetype.o [1]
x264_weight_cost_init_luma
                        0x8002'92c7      0xc8  Code  Lc  slicetype.o [1]
x264_weight_cost_luma   0x8002'9699     0x162  Code  Lc  slicetype.o [1]
x264_weight_get_h264    0x8002'9299      0x2e  Code  Lc  slicetype.o [1]
x264_weight_none           0x2'7d50      0x90  Data  Gb  mc.o [1]
x264_weight_scale_plane
                           0x1'34e9      0x90  Code  Gb  frame.o [1]
x264_weight_slice_header_cost
                        0x8002'960b      0x70  Code  Lc  slicetype.o [1]
x264_weighted_pred_init
                             0x3703     0x336  Code  Lc  encoder.o [1]
x264_weighted_reference_duplicate
                             0x366b      0x98  Code  Lc  encoder.o [1]
x264_weights_analyse    0x8002'9a2d     0x894  Code  Gb  slicetype.o [1]
x264_weights_analyse{14}{15}{16}::weight_check_distance
                        0x8004'51d0      0x18  Data  Lc  slicetype.o [1]
x264_zigzag_init             0xe6f9      0x30  Code  Gb  dct.o [1]
x264_zigzag_scan2x2     0x8004'6a44       0x4  Data  Lc  analyse.o [1]
x264_zigzag_scan2x4     0x8004'6150       0x8  Data  Lc  analyse.o [1]
x264_zigzag_scan4       0x8004'49c0      0x20  Data  Lc  analyse.o [1]
x264_zigzag_scan4       0x8004'4b80      0x20  Data  Lc  set_encoder.o [1]
x264_zigzag_scan8       0x8004'2490      0x80  Data  Lc  analyse.o [1]
x264_zigzag_scan8       0x8004'2690      0x80  Data  Lc  set_encoder.o [1]
zigzag_interleave_8x8_cavlc
                             0xe6ad      0x4c  Code  Lc  dct.o [1]
zigzag_scan_2x2_dc         0x1'c51b      0x12  Code  Lc  macroblock_encoder.o [1]
zigzag_scan_2x4_dc         0x1'c52d      0x22  Code  Lc  macroblock_encoder.o [1]
zigzag_scan_4x4_field        0xd80f      0x2e  Code  Lc  dct.o [1]
zigzag_scan_4x4_frame        0xd7cd      0x42  Code  Lc  dct.o [1]
zigzag_scan_8x8_field        0xd64b     0x182  Code  Lc  dct.o [1]
zigzag_scan_8x8_frame        0xd4c9     0x182  Code  Lc  dct.o [1]
zigzag_sub_4x4_field         0xd963     0x126  Code  Lc  dct.o [1]
zigzag_sub_4x4_frame         0xd83d     0x126  Code  Lc  dct.o [1]
zigzag_sub_4x4ac_field       0xdbad     0x124  Code  Lc  dct.o [1]
zigzag_sub_4x4ac_frame       0xda89     0x124  Code  Lc  dct.o [1]
zigzag_sub_8x8_field         0xe1bf     0x4ee  Code  Lc  dct.o [1]
zigzag_sub_8x8_frame         0xdcd1     0x4ee  Code  Lc  dct.o [1]


[1] = C:\Users\nxf44444\Downloads\SDK_1170\boards\evkmimxrt1170\sdmmc_examples\sdcard_fatfs\cm7\iar\sdram_debug\obj
[2] = dl7M_tln.a
[3] = m7M_tlv.a
[4] = rt7M_tl.a
[5] = shb_l.a

     180'878 bytes of readonly  code memory
     162'034 bytes of readwrite code memory
     211'044 bytes of readonly  data memory
  37'216'692 bytes of readwrite data memory

Errors: none
Warnings: none
