###############################################################################
#
# IAR ELF Linker V8.50.6.265/W32 for ARM                  11/Mar/2021  15:10:48
# Copyright 2007-2020 IAR Systems AB.
#
#    Output file  =
#        C:\x64444\aia_mediaplay\SDK_1170_x264_encoder\boards\evkmimxrt1170\x264_examples\sdcard_fatfs\cm7_itcm_org\iar\sdram_debug\sdcard_fatfs_cm7.out
#    Map file     =
#        C:\x64444\aia_mediaplay\SDK_1170_x264_encoder\boards\evkmimxrt1170\x264_examples\sdcard_fatfs\cm7_itcm_org\iar\sdram_debug\list\sdcard_fatfs_cm7.map
#    Command line =
#        -f C:\Users\nxf44444\AppData\Local\Temp\1\EW31D7.tmp
#        (C:\x64444\aia_mediaplay\SDK_1170_x264_encoder\boards\evkmimxrt1170\x264_examples\sdcard_fatfs\cm7_itcm_org\iar\sdram_debug\obj\analyse.o
#        C:\x64444\aia_mediaplay\SDK_1170_x264_encoder\boards\evkmimxrt1170\x264_examples\sdcard_fatfs\cm7_itcm_org\iar\sdram_debug\obj\bitstream.o
#        C:\x64444\aia_mediaplay\SDK_1170_x264_encoder\boards\evkmimxrt1170\x264_examples\sdcard_fatfs\cm7_itcm_org\iar\sdram_debug\obj\board.o
#        C:\x64444\aia_mediaplay\SDK_1170_x264_encoder\boards\evkmimxrt1170\x264_examples\sdcard_fatfs\cm7_itcm_org\iar\sdram_debug\obj\cabac.o
#        C:\x64444\aia_mediaplay\SDK_1170_x264_encoder\boards\evkmimxrt1170\x264_examples\sdcard_fatfs\cm7_itcm_org\iar\sdram_debug\obj\cabac_encoder.o
#        C:\x64444\aia_mediaplay\SDK_1170_x264_encoder\boards\evkmimxrt1170\x264_examples\sdcard_fatfs\cm7_itcm_org\iar\sdram_debug\obj\cache.o
#        C:\x64444\aia_mediaplay\SDK_1170_x264_encoder\boards\evkmimxrt1170\x264_examples\sdcard_fatfs\cm7_itcm_org\iar\sdram_debug\obj\cavlc.o
#        C:\x64444\aia_mediaplay\SDK_1170_x264_encoder\boards\evkmimxrt1170\x264_examples\sdcard_fatfs\cm7_itcm_org\iar\sdram_debug\obj\clock_config.o
#        C:\x64444\aia_mediaplay\SDK_1170_x264_encoder\boards\evkmimxrt1170\x264_examples\sdcard_fatfs\cm7_itcm_org\iar\sdram_debug\obj\common.o
#        C:\x64444\aia_mediaplay\SDK_1170_x264_encoder\boards\evkmimxrt1170\x264_examples\sdcard_fatfs\cm7_itcm_org\iar\sdram_debug\obj\cpu.o
#        C:\x64444\aia_mediaplay\SDK_1170_x264_encoder\boards\evkmimxrt1170\x264_examples\sdcard_fatfs\cm7_itcm_org\iar\sdram_debug\obj\crop.o
#        C:\x64444\aia_mediaplay\SDK_1170_x264_encoder\boards\evkmimxrt1170\x264_examples\sdcard_fatfs\cm7_itcm_org\iar\sdram_debug\obj\dcd.o
#        C:\x64444\aia_mediaplay\SDK_1170_x264_encoder\boards\evkmimxrt1170\x264_examples\sdcard_fatfs\cm7_itcm_org\iar\sdram_debug\obj\dct.o
#        C:\x64444\aia_mediaplay\SDK_1170_x264_encoder\boards\evkmimxrt1170\x264_examples\sdcard_fatfs\cm7_itcm_org\iar\sdram_debug\obj\deblock.o
#        C:\x64444\aia_mediaplay\SDK_1170_x264_encoder\boards\evkmimxrt1170\x264_examples\sdcard_fatfs\cm7_itcm_org\iar\sdram_debug\obj\depth.o
#        C:\x64444\aia_mediaplay\SDK_1170_x264_encoder\boards\evkmimxrt1170\x264_examples\sdcard_fatfs\cm7_itcm_org\iar\sdram_debug\obj\diskio.o
#        C:\x64444\aia_mediaplay\SDK_1170_x264_encoder\boards\evkmimxrt1170\x264_examples\sdcard_fatfs\cm7_itcm_org\iar\sdram_debug\obj\encoder.o
#        C:\x64444\aia_mediaplay\SDK_1170_x264_encoder\boards\evkmimxrt1170\x264_examples\sdcard_fatfs\cm7_itcm_org\iar\sdram_debug\obj\evkmimxrt1170_flexspi_nor_config.o
#        C:\x64444\aia_mediaplay\SDK_1170_x264_encoder\boards\evkmimxrt1170\x264_examples\sdcard_fatfs\cm7_itcm_org\iar\sdram_debug\obj\ff.o
#        C:\x64444\aia_mediaplay\SDK_1170_x264_encoder\boards\evkmimxrt1170\x264_examples\sdcard_fatfs\cm7_itcm_org\iar\sdram_debug\obj\ffsystem.o
#        C:\x64444\aia_mediaplay\SDK_1170_x264_encoder\boards\evkmimxrt1170\x264_examples\sdcard_fatfs\cm7_itcm_org\iar\sdram_debug\obj\ffunicode.o
#        C:\x64444\aia_mediaplay\SDK_1170_x264_encoder\boards\evkmimxrt1170\x264_examples\sdcard_fatfs\cm7_itcm_org\iar\sdram_debug\obj\filters.o
#        C:\x64444\aia_mediaplay\SDK_1170_x264_encoder\boards\evkmimxrt1170\x264_examples\sdcard_fatfs\cm7_itcm_org\iar\sdram_debug\obj\fix_vfr_pts.o
#        C:\x64444\aia_mediaplay\SDK_1170_x264_encoder\boards\evkmimxrt1170\x264_examples\sdcard_fatfs\cm7_itcm_org\iar\sdram_debug\obj\frame.o
#        C:\x64444\aia_mediaplay\SDK_1170_x264_encoder\boards\evkmimxrt1170\x264_examples\sdcard_fatfs\cm7_itcm_org\iar\sdram_debug\obj\fsl_adapter_lpuart.o
#        C:\x64444\aia_mediaplay\SDK_1170_x264_encoder\boards\evkmimxrt1170\x264_examples\sdcard_fatfs\cm7_itcm_org\iar\sdram_debug\obj\fsl_anatop.o
#        C:\x64444\aia_mediaplay\SDK_1170_x264_encoder\boards\evkmimxrt1170\x264_examples\sdcard_fatfs\cm7_itcm_org\iar\sdram_debug\obj\fsl_anatop_ai.o
#        C:\x64444\aia_mediaplay\SDK_1170_x264_encoder\boards\evkmimxrt1170\x264_examples\sdcard_fatfs\cm7_itcm_org\iar\sdram_debug\obj\fsl_assert.o
#        C:\x64444\aia_mediaplay\SDK_1170_x264_encoder\boards\evkmimxrt1170\x264_examples\sdcard_fatfs\cm7_itcm_org\iar\sdram_debug\obj\fsl_cache.o
#        C:\x64444\aia_mediaplay\SDK_1170_x264_encoder\boards\evkmimxrt1170\x264_examples\sdcard_fatfs\cm7_itcm_org\iar\sdram_debug\obj\fsl_clock.o
#        C:\x64444\aia_mediaplay\SDK_1170_x264_encoder\boards\evkmimxrt1170\x264_examples\sdcard_fatfs\cm7_itcm_org\iar\sdram_debug\obj\fsl_common.o
#        C:\x64444\aia_mediaplay\SDK_1170_x264_encoder\boards\evkmimxrt1170\x264_examples\sdcard_fatfs\cm7_itcm_org\iar\sdram_debug\obj\fsl_component_generic_list.o
#        C:\x64444\aia_mediaplay\SDK_1170_x264_encoder\boards\evkmimxrt1170\x264_examples\sdcard_fatfs\cm7_itcm_org\iar\sdram_debug\obj\fsl_component_serial_manager.o
#        C:\x64444\aia_mediaplay\SDK_1170_x264_encoder\boards\evkmimxrt1170\x264_examples\sdcard_fatfs\cm7_itcm_org\iar\sdram_debug\obj\fsl_component_serial_port_uart.o
#        C:\x64444\aia_mediaplay\SDK_1170_x264_encoder\boards\evkmimxrt1170\x264_examples\sdcard_fatfs\cm7_itcm_org\iar\sdram_debug\obj\fsl_dcdc.o
#        C:\x64444\aia_mediaplay\SDK_1170_x264_encoder\boards\evkmimxrt1170\x264_examples\sdcard_fatfs\cm7_itcm_org\iar\sdram_debug\obj\fsl_debug_console.o
#        C:\x64444\aia_mediaplay\SDK_1170_x264_encoder\boards\evkmimxrt1170\x264_examples\sdcard_fatfs\cm7_itcm_org\iar\sdram_debug\obj\fsl_flexspi_nor_boot.o
#        C:\x64444\aia_mediaplay\SDK_1170_x264_encoder\boards\evkmimxrt1170\x264_examples\sdcard_fatfs\cm7_itcm_org\iar\sdram_debug\obj\fsl_gpio.o
#        C:\x64444\aia_mediaplay\SDK_1170_x264_encoder\boards\evkmimxrt1170\x264_examples\sdcard_fatfs\cm7_itcm_org\iar\sdram_debug\obj\fsl_gpt.o
#        C:\x64444\aia_mediaplay\SDK_1170_x264_encoder\boards\evkmimxrt1170\x264_examples\sdcard_fatfs\cm7_itcm_org\iar\sdram_debug\obj\fsl_lpuart.o
#        C:\x64444\aia_mediaplay\SDK_1170_x264_encoder\boards\evkmimxrt1170\x264_examples\sdcard_fatfs\cm7_itcm_org\iar\sdram_debug\obj\fsl_os_abstraction_bm.o
#        C:\x64444\aia_mediaplay\SDK_1170_x264_encoder\boards\evkmimxrt1170\x264_examples\sdcard_fatfs\cm7_itcm_org\iar\sdram_debug\obj\fsl_pmu.o
#        C:\x64444\aia_mediaplay\SDK_1170_x264_encoder\boards\evkmimxrt1170\x264_examples\sdcard_fatfs\cm7_itcm_org\iar\sdram_debug\obj\fsl_sd.o
#        C:\x64444\aia_mediaplay\SDK_1170_x264_encoder\boards\evkmimxrt1170\x264_examples\sdcard_fatfs\cm7_itcm_org\iar\sdram_debug\obj\fsl_sd_disk.o
#        C:\x64444\aia_mediaplay\SDK_1170_x264_encoder\boards\evkmimxrt1170\x264_examples\sdcard_fatfs\cm7_itcm_org\iar\sdram_debug\obj\fsl_sdmmc_common.o
#        C:\x64444\aia_mediaplay\SDK_1170_x264_encoder\boards\evkmimxrt1170\x264_examples\sdcard_fatfs\cm7_itcm_org\iar\sdram_debug\obj\fsl_sdmmc_host.o
#        C:\x64444\aia_mediaplay\SDK_1170_x264_encoder\boards\evkmimxrt1170\x264_examples\sdcard_fatfs\cm7_itcm_org\iar\sdram_debug\obj\fsl_sdmmc_osa.o
#        C:\x64444\aia_mediaplay\SDK_1170_x264_encoder\boards\evkmimxrt1170\x264_examples\sdcard_fatfs\cm7_itcm_org\iar\sdram_debug\obj\fsl_str.o
#        C:\x64444\aia_mediaplay\SDK_1170_x264_encoder\boards\evkmimxrt1170\x264_examples\sdcard_fatfs\cm7_itcm_org\iar\sdram_debug\obj\fsl_usdhc.o
#        C:\x64444\aia_mediaplay\SDK_1170_x264_encoder\boards\evkmimxrt1170\x264_examples\sdcard_fatfs\cm7_itcm_org\iar\sdram_debug\obj\gpt.o
#        C:\x64444\aia_mediaplay\SDK_1170_x264_encoder\boards\evkmimxrt1170\x264_examples\sdcard_fatfs\cm7_itcm_org\iar\sdram_debug\obj\input.o
#        C:\x64444\aia_mediaplay\SDK_1170_x264_encoder\boards\evkmimxrt1170\x264_examples\sdcard_fatfs\cm7_itcm_org\iar\sdram_debug\obj\internal.o
#        C:\x64444\aia_mediaplay\SDK_1170_x264_encoder\boards\evkmimxrt1170\x264_examples\sdcard_fatfs\cm7_itcm_org\iar\sdram_debug\obj\lookahead.o
#        C:\x64444\aia_mediaplay\SDK_1170_x264_encoder\boards\evkmimxrt1170\x264_examples\sdcard_fatfs\cm7_itcm_org\iar\sdram_debug\obj\macroblock.o
#        C:\x64444\aia_mediaplay\SDK_1170_x264_encoder\boards\evkmimxrt1170\x264_examples\sdcard_fatfs\cm7_itcm_org\iar\sdram_debug\obj\macroblock_encoder.o
#        C:\x64444\aia_mediaplay\SDK_1170_x264_encoder\boards\evkmimxrt1170\x264_examples\sdcard_fatfs\cm7_itcm_org\iar\sdram_debug\obj\mc.o
#        C:\x64444\aia_mediaplay\SDK_1170_x264_encoder\boards\evkmimxrt1170\x264_examples\sdcard_fatfs\cm7_itcm_org\iar\sdram_debug\obj\me.o
#        C:\x64444\aia_mediaplay\SDK_1170_x264_encoder\boards\evkmimxrt1170\x264_examples\sdcard_fatfs\cm7_itcm_org\iar\sdram_debug\obj\mvpred.o
#        C:\x64444\aia_mediaplay\SDK_1170_x264_encoder\boards\evkmimxrt1170\x264_examples\sdcard_fatfs\cm7_itcm_org\iar\sdram_debug\obj\osdep.o
#        C:\x64444\aia_mediaplay\SDK_1170_x264_encoder\boards\evkmimxrt1170\x264_examples\sdcard_fatfs\cm7_itcm_org\iar\sdram_debug\obj\pin_mux.o
#        C:\x64444\aia_mediaplay\SDK_1170_x264_encoder\boards\evkmimxrt1170\x264_examples\sdcard_fatfs\cm7_itcm_org\iar\sdram_debug\obj\pixel.o
#        C:\x64444\aia_mediaplay\SDK_1170_x264_encoder\boards\evkmimxrt1170\x264_examples\sdcard_fatfs\cm7_itcm_org\iar\sdram_debug\obj\predict.o
#        C:\x64444\aia_mediaplay\SDK_1170_x264_encoder\boards\evkmimxrt1170\x264_examples\sdcard_fatfs\cm7_itcm_org\iar\sdram_debug\obj\quant.o
#        C:\x64444\aia_mediaplay\SDK_1170_x264_encoder\boards\evkmimxrt1170\x264_examples\sdcard_fatfs\cm7_itcm_org\iar\sdram_debug\obj\ratecontrol.o
#        C:\x64444\aia_mediaplay\SDK_1170_x264_encoder\boards\evkmimxrt1170\x264_examples\sdcard_fatfs\cm7_itcm_org\iar\sdram_debug\obj\raw.o
#        C:\x64444\aia_mediaplay\SDK_1170_x264_encoder\boards\evkmimxrt1170\x264_examples\sdcard_fatfs\cm7_itcm_org\iar\sdram_debug\obj\raw_input.o
#        C:\x64444\aia_mediaplay\SDK_1170_x264_encoder\boards\evkmimxrt1170\x264_examples\sdcard_fatfs\cm7_itcm_org\iar\sdram_debug\obj\rectangle.o
#        C:\x64444\aia_mediaplay\SDK_1170_x264_encoder\boards\evkmimxrt1170\x264_examples\sdcard_fatfs\cm7_itcm_org\iar\sdram_debug\obj\resize.o
#        C:\x64444\aia_mediaplay\SDK_1170_x264_encoder\boards\evkmimxrt1170\x264_examples\sdcard_fatfs\cm7_itcm_org\iar\sdram_debug\obj\sdcard_fatfs.o
#        C:\x64444\aia_mediaplay\SDK_1170_x264_encoder\boards\evkmimxrt1170\x264_examples\sdcard_fatfs\cm7_itcm_org\iar\sdram_debug\obj\sdmmc_config.o
#        C:\x64444\aia_mediaplay\SDK_1170_x264_encoder\boards\evkmimxrt1170\x264_examples\sdcard_fatfs\cm7_itcm_org\iar\sdram_debug\obj\select_every.o
#        C:\x64444\aia_mediaplay\SDK_1170_x264_encoder\boards\evkmimxrt1170\x264_examples\sdcard_fatfs\cm7_itcm_org\iar\sdram_debug\obj\set.o
#        C:\x64444\aia_mediaplay\SDK_1170_x264_encoder\boards\evkmimxrt1170\x264_examples\sdcard_fatfs\cm7_itcm_org\iar\sdram_debug\obj\set_encoder.o
#        C:\x64444\aia_mediaplay\SDK_1170_x264_encoder\boards\evkmimxrt1170\x264_examples\sdcard_fatfs\cm7_itcm_org\iar\sdram_debug\obj\slicetype.o
#        C:\x64444\aia_mediaplay\SDK_1170_x264_encoder\boards\evkmimxrt1170\x264_examples\sdcard_fatfs\cm7_itcm_org\iar\sdram_debug\obj\source.o
#        C:\x64444\aia_mediaplay\SDK_1170_x264_encoder\boards\evkmimxrt1170\x264_examples\sdcard_fatfs\cm7_itcm_org\iar\sdram_debug\obj\startup_MIMXRT1176_cm7.o
#        C:\x64444\aia_mediaplay\SDK_1170_x264_encoder\boards\evkmimxrt1170\x264_examples\sdcard_fatfs\cm7_itcm_org\iar\sdram_debug\obj\system_MIMXRT1176_cm7.o
#        C:\x64444\aia_mediaplay\SDK_1170_x264_encoder\boards\evkmimxrt1170\x264_examples\sdcard_fatfs\cm7_itcm_org\iar\sdram_debug\obj\threadpool.o
#        C:\x64444\aia_mediaplay\SDK_1170_x264_encoder\boards\evkmimxrt1170\x264_examples\sdcard_fatfs\cm7_itcm_org\iar\sdram_debug\obj\video.o
#        C:\x64444\aia_mediaplay\SDK_1170_x264_encoder\boards\evkmimxrt1170\x264_examples\sdcard_fatfs\cm7_itcm_org\iar\sdram_debug\obj\vlc.o
#        C:\x64444\aia_mediaplay\SDK_1170_x264_encoder\boards\evkmimxrt1170\x264_examples\sdcard_fatfs\cm7_itcm_org\iar\sdram_debug\obj\x264.o
#        --redirect _Printf=_PrintfSmallNoMb --redirect _Scanf=_ScanfSmallNoMb
#        --no_out_extension -o
#        C:\x64444\aia_mediaplay\SDK_1170_x264_encoder\boards\evkmimxrt1170\x264_examples\sdcard_fatfs\cm7_itcm_org\iar\sdram_debug\sdcard_fatfs_cm7.out
#        --map
#        C:\x64444\aia_mediaplay\SDK_1170_x264_encoder\boards\evkmimxrt1170\x264_examples\sdcard_fatfs\cm7_itcm_org\iar\sdram_debug\list\sdcard_fatfs_cm7.map
#        --config
#        C:\x64444\aia_mediaplay\SDK_1170_x264_encoder\boards\evkmimxrt1170\x264_examples\sdcard_fatfs\cm7_itcm_org\iar/MIMXRT1176xxxxx_cm7_sdram.icf
#        --semihosting --entry Reset_Handler --vfe --text_out locale)
#
###############################################################################

*******************************************************************************
*** RUNTIME MODEL ATTRIBUTES
***

CppFlavor       = *
__Heap_Handler  = DLMalloc
__SystemLibrary = DLib
__dlib_version  = 6


*******************************************************************************
*** HEAP SELECTION
***

The advanced heap was selected because the application calls memory
allocation functions outside of system library functions, and there
are calls to deallocation functions in the application.


*******************************************************************************
*** PLACEMENT SUMMARY
***

"A0":  place at address 0x8000'2000 { ro section .intvec };
"P1":  place in [from 0x8000'2000 to 0x8000'23ff] |
                [from 0x8000'2400 to 0x801f'ffff] { ro };
define block RW { first rw, section m_usb_dma_init_data };
"P2":  place in [from 0x8020'0000 to 0x81ff'ffff] { block RW };
define block ZI
   with alignment = 32 { first zi, section m_usb_dma_noninit_data };
"P3":  place in [from 0x8020'0000 to 0x81ff'ffff] { block ZI };
define block CSTACK with size = 256K, alignment = 8 { };
"P4":  place in [from 0x8020'0000 to 0x81ff'ffff] { block CSTACK };
define block HEAP with size = 16M, alignment = 8 { };
"P5":  place in [from 0x8200'0000 to 0x82ff'ffff] { last block HEAP };
define block NCACHE_VAR
   with size = 16M, alignment = 1M {
      section NonCacheable, section NonCacheable.init };
"P6":  place in [from 0x8300'0000 to 0x83ff'ffff] { block NCACHE_VAR };
"P7":  place in [from 0x0 to 0x6'ffff] { rw section .critical_text };
"P8":  place in [from 0x0 to 0x6'ffff] {
          rw object dct.o, rw object deblock.o, rw object macroblock.o,
          rw object mc.o, rw object mvpred.o, rw object osdep.o,
          rw object pixel.o, rw object predict.o, rw object quant.o,
          rw object ratecontrol.o, rw object me.o, rw object cabac_encoder.o };
initialize by copy { rw, section .textrw };
initialize by copy {
   object dct.o, object deblock.o, object macroblock.o, object mc.o,
   object mvpred.o, object osdep.o, object pixel.o, object predict.o,
   object quant.o, object ratecontrol.o, object me.o, object cabac_encoder.o };

No sections matched the following patterns:

  rw section .critical_text       in "P7-P8"
  section NonCacheable.init       in block NCACHE_VAR
  section m_usb_dma_init_data     in block RW
  section m_usb_dma_noninit_data  in block ZI


  Section            Kind         Address        Size  Object
  -------            ----         -------        ----  ------
"P7-P8", part 1 of 2:                        0x1'ea66
  P7-P8 s0                            0x0    0x1'ea66  <Init block>
    Veneer           inited           0x0         0x8  - Linker created -
    Veneer           inited           0x8         0x8  - Linker created -
    .text            inited          0x10      0x53b8  me.o [1]
    .text            inited        0x53c8      0x1048  mvpred.o [1]
    Veneer           inited        0x6410         0x8  - Linker created -
    Veneer           inited        0x6418         0x8  - Linker created -
    Veneer           inited        0x6420         0x8  - Linker created -
    Veneer           inited        0x6428         0x8  - Linker created -
    Veneer           inited        0x6430         0x8  - Linker created -
    Veneer           inited        0x6438         0x8  - Linker created -
    Veneer           inited        0x6440         0x8  - Linker created -
    Veneer           inited        0x6448         0x8  - Linker created -
    Veneer           inited        0x6450         0x8  - Linker created -
    Veneer           inited        0x6458         0x8  - Linker created -
    Veneer           inited        0x6460         0x8  - Linker created -
    Veneer           inited        0x6468         0x8  - Linker created -
    Veneer           inited        0x6470         0x8  - Linker created -
    Veneer           inited        0x6478         0x8  - Linker created -
    Veneer           inited        0x6480         0x8  - Linker created -
    Veneer           inited        0x6488         0x8  - Linker created -
    Veneer           inited        0x6490         0x8  - Linker created -
    Veneer           inited        0x6498         0x8  - Linker created -
    Veneer           inited        0x64a0         0x8  - Linker created -
    Veneer           inited        0x64a8         0x8  - Linker created -
    Veneer           inited        0x64b0         0x8  - Linker created -
    Veneer           inited        0x64b8         0x8  - Linker created -
    Veneer           inited        0x64c0         0x8  - Linker created -
    Veneer           inited        0x64c8         0x8  - Linker created -
    Veneer           inited        0x64d0         0x8  - Linker created -
    Veneer           inited        0x64d8         0x8  - Linker created -
    Veneer           inited        0x64e0         0x8  - Linker created -
    Veneer           inited        0x64e8         0x8  - Linker created -
    .text            inited        0x64f0      0x4f4c  ratecontrol.o [1]
    Veneer           inited        0xb43c         0x8  - Linker created -
    .text            inited        0xb444      0x41b0  macroblock.o [1]
    .text            inited        0xf5f4      0x33c0  pixel.o [1]
    .text            inited      0x1'29b4      0x23cc  predict.o [1]
    Veneer           inited      0x1'4d80         0x8  - Linker created -
    Veneer           inited      0x1'4d88         0x8  - Linker created -
    Veneer           inited      0x1'4d90         0x8  - Linker created -
    Veneer           inited      0x1'4d98         0x8  - Linker created -
    Veneer           inited      0x1'4da0         0x8  - Linker created -
    Veneer           inited      0x1'4da8         0x8  - Linker created -
    .text            inited      0x1'4db0      0x22e0  cabac_encoder.o [1]
    .text            inited      0x1'7090      0x21a4  deblock.o [1]
    .text            inited      0x1'9234      0x1dcc  dct.o [1]
    Veneer           inited      0x1'b000         0x8  - Linker created -
    Veneer           inited      0x1'b008         0x8  - Linker created -
    .text            inited      0x1'b010      0x1d44  mc.o [1]
    .text            inited      0x1'cd54       0xe9c  quant.o [1]
    .rodata          inited      0x1'dbf0       0x210  deblock.o [1]
    .rodata          inited      0x1'de00       0x138  me.o [1]
    .rodata          inited      0x1'df38       0x128  cabac_encoder.o [1]
    .rodata          inited      0x1'e060       0x100  dct.o [1]
    .rodata          inited      0x1'e160       0x100  dct.o [1]
    .rodata          inited      0x1'e260        0xec  ratecontrol.o [1]
    .rodata          inited      0x1'e34c        0xbc  ratecontrol.o [1]
    .rodata          inited      0x1'e408        0xb8  macroblock.o [1]
    .rodata          inited      0x1'e4c0        0xac  ratecontrol.o [1]
    .rodata          inited      0x1'e56c        0xa4  ratecontrol.o [1]
    .rodata          inited      0x1'e610        0x90  mc.o [1]
    .rodata          inited      0x1'e6a0        0x80  mvpred.o [1]
    .rodata          inited      0x1'e720        0x5c  ratecontrol.o [1]
    .rodata          inited      0x1'e77c        0x58  ratecontrol.o [1]
    .rodata          inited      0x1'e7d4        0x50  macroblock.o [1]
    .rodata          inited      0x1'e824        0x40  dct.o [1]
    .rodata          inited      0x1'e864        0x40  dct.o [1]
    .rodata          inited      0x1'e8a4        0x40  quant.o [1]
    .rodata          inited      0x1'e8e4        0x3c  cabac_encoder.o [1]
    .rodata          inited      0x1'e920        0x38  me.o [1]
    .rodata          inited      0x1'e958        0x34  macroblock.o [1]
    .rodata          inited      0x1'e98c        0x34  mvpred.o [1]
    .rodata          inited      0x1'e9c0        0x30  me.o [1]
    .rodata          inited      0x1'e9f0        0x28  ratecontrol.o [1]
    .data            inited      0x1'ea18        0x18  mc.o [1]
    .data            inited      0x1'ea30        0x10  cabac_encoder.o [1]
    .data            inited      0x1'ea40        0x10  ratecontrol.o [1]
    .data            inited      0x1'ea50        0x10  ratecontrol.o [1]
    .rodata          inited      0x1'ea60         0x4  ratecontrol.o [1]
    .text            inited      0x1'ea64         0x2  osdep.o [1]
                               - 0x1'ea66    0x1'ea66

"P7-P8", part 2 of 2:                            0x84
  .bss               zero        0x1'ea68        0x80  me.o [1]
  .bss               zero        0x1'eae8         0x4  me.o [1]
                               - 0x1'eaec        0x84

"A0":                                           0x400
  .intvec            ro code  0x8000'2000       0x400  startup_MIMXRT1176_cm7.o [1]
                            - 0x8000'2400       0x400

"P1":                                        0x7'a3d5
  Veneer             ro code  0x8000'2400         0x8  - Linker created -
  Veneer             ro code  0x8000'2408         0x8  - Linker created -
  Veneer             ro code  0x8000'2410         0x8  - Linker created -
  Veneer             ro code  0x8000'2418         0x8  - Linker created -
  Veneer             ro code  0x8000'2420         0x8  - Linker created -
  Veneer             ro code  0x8000'2428         0x8  - Linker created -
  Veneer             ro code  0x8000'2430         0x8  - Linker created -
  Veneer             ro code  0x8000'2438         0x8  - Linker created -
  Veneer             ro code  0x8000'2440         0x8  - Linker created -
  Veneer             ro code  0x8000'2448         0x8  - Linker created -
  Veneer             ro code  0x8000'2450         0x8  - Linker created -
  Veneer             ro code  0x8000'2458         0x8  - Linker created -
  Veneer             ro code  0x8000'2460         0x8  - Linker created -
  .text              ro code  0x8000'2468    0x1'b27c  analyse.o [1]
  .text              ro code  0x8001'd6e4        0x18  fsl_assert.o [1]
  Veneer             ro code  0x8001'd6fc         0x8  - Linker created -
  Veneer             ro code  0x8001'd704         0x8  - Linker created -
  .text              ro code  0x8001'd70c      0x38e4  macroblock_encoder.o [1]
  .text              ro code  0x8002'0ff0        0xa6  ABImemcpy.o [4]
  .text              ro code  0x8002'1096        0x3a  zero_init3.o [4]
  .text              ro code  0x8002'10d0         0x6  ABImemclr.o [4]
  .text              ro code  0x8002'10d6        0x1e  xsscin.o [2]
  .text              ro code  0x8002'10f4      0x37ac  common.o [1]
  .text              ro code  0x8002'48a0        0xc0  logf.o [3]
  .text              ro code  0x8002'4960      0x1b70  frame.o [1]
  .text              ro code  0x8002'64d0         0x6  ABImemclr4.o [4]
  .text              ro code  0x8002'64d6        0x1a  xsnprout.o [2]
  .text              ro code  0x8002'64f0       0x274  I64DivMod.o [4]
  .text              ro code  0x8002'6764       0x158  fsl_debug_console.o [1]
  .text              ro code  0x8002'68bc        0x66  ABImemset.o [4]
  .text              ro code  0x8002'6922         0x8  cpu.o [1]
  .text              ro code  0x8002'692a         0xa  xsprout.o [2]
  .text              ro code  0x8002'6934        0x3a  ABImemset48.o [4]
  .text              ro code  0x8002'696e        0x94  iar_Stolx.o [2]
  .text              ro code  0x8002'6a02        0x54  strcasecmp.o [2]
  .text              ro code  0x8002'6a56         0x2  startup_MIMXRT1176_cm7.o [1]
  .text              ro code  0x8002'6a58        0x36  strlen.o [4]
  .text              ro code  0x8002'6a8e         0x2  startup_MIMXRT1176_cm7.o [1]
  .text              ro code  0x8002'6a90        0x8c  strcpy_fast.o [4]
  .text              ro code  0x8002'6b1c        0x4c  strtok.o [2]
  .text              ro code  0x8002'6b68        0x44  strncasecmp.o [2]
  .text              ro code  0x8002'6bac         0x4  heaptramp0.o [2]
  .text              ro code  0x8002'6bb0        0x60  strchr_fast.o [4]
  .text              ro code  0x8002'6c10        0x28  sscanf.o [2]
  .text              ro code  0x8002'6c38      0x14dc  dlmalloc.o [2]
  .text              ro code  0x8002'8114        0x28  strncmp.o [2]
  .text              ro code  0x8002'813c        0xb0  strcmp_fast.o [4]
  .text              ro code  0x8002'81ec        0x39  strtok_r.o [2]
  .text              ro code  0x8002'8226         0x2  startup_MIMXRT1176_cm7.o [1]
  .text              ro code  0x8002'8228       0x45e  strto64.o [3]
  .text              ro code  0x8002'8686        0x2c  strstr.o [2]
  .text              ro code  0x8002'86b2         0x2  startup_MIMXRT1176_cm7.o [1]
  .text              ro code  0x8002'86b4        0x40  sprintf.o [2]
  .text              ro code  0x8002'86f4        0x24  errno.o [2]
  .text              ro code  0x8002'8718         0x2  I64DivZer.o [4]
  .text              ro code  0x8002'871a        0xd2  fsl_component_serial_manager.o [1]
  .text              ro code  0x8002'87ec       0x244  fsl_str.o [1]
  .text              ro code  0x8002'8a30       0x14a  iar_Stoulx.o [2]
  .text              ro code  0x8002'8b7a         0xc  tolower.o [2]
  .text              ro code  0x8002'8b86        0x22  strspn.o [2]
  .text              ro code  0x8002'8ba8        0x22  strcspn.o [2]
  .text              ro code  0x8002'8bca         0x2  startup_MIMXRT1176_cm7.o [1]
  .text              ro code  0x8002'8bcc       0x684  xscanfsmall_nomb.o [2]
  .text              ro code  0x8002'9250         0x6  abort.o [2]
  .text              ro code  0x8002'9256         0x2  startup_MIMXRT1176_cm7.o [1]
  .text              ro code  0x8002'9258        0x2c  xgetmemchunk.o [2]
  .text              ro code  0x8002'9284        0x7c  frexp.o [3]
  .text              ro code  0x8002'9300        0xf0  ldexp.o [3]
  .text              ro code  0x8002'93f0       0x120  iar_Stopfx.o [2]
  .text              ro code  0x8002'9510       0x1a8  iar_Stoflt.o [2]
  .text              ro code  0x8002'96b8       0x20c  iar_Stoxflt.o [2]
  .text              ro code  0x8002'98c4       0x501  xprintfsmall_nomb.o [2]
  .rodata            const    0x8002'9dc5         0x1  common.o [1]
  .text              ro code  0x8002'9dc6         0x4  tp_nothreads.o [2]
  .text              ro code  0x8002'9dca        0x28  fsl_component_serial_port_uart.o [1]
  .text              ro code  0x8002'9df2         0x2  startup_MIMXRT1176_cm7.o [1]
  .text              ro code  0x8002'9df4        0x58  memchr.o [4]
  .text              ro code  0x8002'9e4c        0x40  xfail_s.o [2]
  .text              ro code  0x8002'9e8c        0x14  exit.o [5]
  .text              ro code  0x8002'9ea0       0x130  fsl_adapter_lpuart.o [1]
  .text              ro code  0x8002'9fd0        0x7c  iarttio.o [5]
  .text              ro code  0x8002'a04c       0x484  fsl_lpuart.o [1]
  .text              ro code  0x8002'a4d0        0x3c  XShttio.o [2]
  Veneer             ro code  0x8002'a50c         0x8  - Linker created -
  Veneer             ro code  0x8002'a514         0x8  - Linker created -
  Veneer             ro code  0x8002'a51c         0x8  - Linker created -
  Veneer             ro code  0x8002'a524         0x8  - Linker created -
  Veneer             ro code  0x8002'a52c         0x8  - Linker created -
  Veneer             ro code  0x8002'a534         0x8  - Linker created -
  Veneer             ro code  0x8002'a53c         0x8  - Linker created -
  Veneer             ro code  0x8002'a544         0x8  - Linker created -
  Veneer             ro code  0x8002'a54c         0x8  - Linker created -
  Veneer             ro code  0x8002'a554         0x8  - Linker created -
  Veneer             ro code  0x8002'a55c         0x8  - Linker created -
  Veneer             ro code  0x8002'a564         0x8  - Linker created -
  Veneer             ro code  0x8002'a56c         0x8  - Linker created -
  Veneer             ro code  0x8002'a574         0x8  - Linker created -
  Veneer             ro code  0x8002'a57c         0x8  - Linker created -
  Veneer             ro code  0x8002'a584         0x8  - Linker created -
  Veneer             ro code  0x8002'a58c         0x8  - Linker created -
  Veneer             ro code  0x8002'a594         0x8  - Linker created -
  Veneer             ro code  0x8002'a59c         0x8  - Linker created -
  Veneer             ro code  0x8002'a5a4         0x8  - Linker created -
  Veneer             ro code  0x8002'a5ac         0x8  - Linker created -
  Veneer             ro code  0x8002'a5b4         0x8  - Linker created -
  Veneer             ro code  0x8002'a5bc         0x8  - Linker created -
  Veneer             ro code  0x8002'a5c4         0x8  - Linker created -
  Veneer             ro code  0x8002'a5cc         0x8  - Linker created -
  Veneer             ro code  0x8002'a5d4         0x8  - Linker created -
  Veneer             ro code  0x8002'a5dc         0x8  - Linker created -
  Veneer             ro code  0x8002'a5e4         0x8  - Linker created -
  Veneer             ro code  0x8002'a5ec         0x8  - Linker created -
  Veneer             ro code  0x8002'a5f4         0x8  - Linker created -
  Veneer             ro code  0x8002'a5fc         0x8  - Linker created -
  Veneer             ro code  0x8002'a604         0x8  - Linker created -
  Veneer             ro code  0x8002'a60c         0x8  - Linker created -
  Veneer             ro code  0x8002'a614         0x8  - Linker created -
  Veneer             ro code  0x8002'a61c         0x8  - Linker created -
  Veneer             ro code  0x8002'a624         0x8  - Linker created -
  Veneer             ro code  0x8002'a62c         0x8  - Linker created -
  Veneer             ro code  0x8002'a634         0x8  - Linker created -
  Veneer             ro code  0x8002'a63c         0x8  - Linker created -
  Veneer             ro code  0x8002'a644         0x8  - Linker created -
  Veneer             ro code  0x8002'a64c         0x8  - Linker created -
  Veneer             ro code  0x8002'a654         0x8  - Linker created -
  Veneer             ro code  0x8002'a65c         0x8  - Linker created -
  Veneer             ro code  0x8002'a664         0x8  - Linker created -
  Veneer             ro code  0x8002'a66c         0x8  - Linker created -
  Veneer             ro code  0x8002'a674         0x8  - Linker created -
  .text              ro code  0x8002'a67c      0x9f84  encoder.o [1]
  .text              ro code  0x8003'4600      0x2ebc  set_encoder.o [1]
  .text              ro code  0x8003'74bc       0xe6c  set.o [1]
  .text              ro code  0x8003'8328        0xf8  bitstream.o [1]
  .text              ro code  0x8003'8420       0x364  cabac.o [1]
  .text              ro code  0x8003'8784       0x240  vlc.o [1]
  .text              ro code  0x8003'89c4       0x560  pow64.o [3]
  .text              ro code  0x8003'8f24       0x310  lookahead.o [1]
  .text              ro code  0x8003'9234        0x44  snprintf.o [2]
  .text              ro code  0x8003'9278      0x26ec  cavlc.o [1]
  .text              ro code  0x8003'b964        0x96  ABImemmove.o [4]
  .text              ro code  0x8003'b9fa         0x2  startup_MIMXRT1176_cm7.o [1]
  .text              ro code  0x8003'b9fc        0x52  S64ToDbl.o [3]
  .text              ro code  0x8003'ba4e         0x2  startup_MIMXRT1176_cm7.o [1]
  .text              ro code  0x8003'ba50        0xc8  log10.o [3]
  .text              ro code  0x8003'bb18        0x68  memcmp.o [4]
  .text              ro code  0x8003'bb80        0x22  I64Shl.o [4]
  .text              ro code  0x8003'bba2        0x24  strpbrk.o [2]
  .rodata            const    0x8003'bbc6         0x1  cpu.o [1]
  .text              ro code  0x8003'bbc8       0x330  iar_Exp64.o [3]
  Veneer             ro code  0x8003'bef8         0x8  - Linker created -
  .text              ro code  0x8003'bf00      0x4c98  slicetype.o [1]
  .text              ro code  0x8004'0b98        0xd8  log.o [3]
  .text              ro code  0x8004'0c70        0x48  U64ToFlt.o [3]
  .text              ro code  0x8004'0cb8        0x1e  sqrtf.o [3]
  .text              ro code  0x8004'0cd8        0x62  round.o [3]
  .rodata            const    0x8004'0d3c      0x7378  ffunicode.o [1]
  .rodata            const    0x8004'80b4      0x7378  ffunicode.o [1]
  .text              ro code  0x8004'f42c      0x20d8  fsl_sd.o [1]
  .text              ro code  0x8005'1504       0x724  fsl_sdmmc_host.o [1]
  .text              ro code  0x8005'1c28       0x168  fsl_sdmmc_common.o [1]
  .text              ro code  0x8005'1d90       0x14c  fsl_sdmmc_osa.o [1]
  .text              ro code  0x8005'1edc       0xebc  fsl_usdhc.o [1]
  .text              ro code  0x8005'2d98        0xd8  fsl_os_abstraction_bm.o [1]
  .text              ro code  0x8005'2e70        0x90  fsl_common.o [1]
  .text              ro code  0x8005'2f00        0x78  fsl_cache.o [1]
  .text              ro code  0x8005'2f78      0x20bc  ff.o [1]
  .text              ro code  0x8005'5034        0x3c  diskio.o [1]
  .text              ro code  0x8005'5070       0x150  ffunicode.o [1]
  .text              ro code  0x8005'51c0        0xcc  fsl_sd_disk.o [1]
  .rodata            const    0x8005'528c      0x2000  cabac.o [1]
  .rodata            const    0x8005'728c      0x14a0  slicetype.o [1]
  Veneer             ro code  0x8005'872c         0x8  - Linker created -
  .text              ro code  0x8005'8734       0xe54  x264.o [1]
  .text              ro code  0x8005'9588       0x110  gpt.o [1]
  .text              ro code  0x8005'9698       0x190  video.o [1]
  .text              ro code  0x8005'9828       0x1bc  fmod.o [3]
  .text              ro code  0x8005'99e4        0x5c  DblToS64.o [3]
  .text              ro code  0x8005'9a40       0x1bc  fsl_gpt.o [1]
  .text              ro code  0x8005'9bfc       0x874  fsl_clock.o [1]
  .text              ro code  0x8005'a470        0x54  fsl_anatop.o [1]
  .text              ro code  0x8005'a4c4       0x3d0  fsl_anatop_ai.o [1]
  .rodata            const    0x8005'a894       0xbe8  analyse.o [1]
  .rodata            const    0x8005'b47c       0x8f8  common.o [1]
  .rodata            const    0x8005'bd74       0x728  encoder.o [1]
  .text              ro code  0x8005'c49c       0x728  depth.o [1]
  .text              ro code  0x8005'cbc4       0x2b0  input.o [1]
  .text              ro code  0x8005'ce74       0x2a4  filters.o [1]
  .text              ro code  0x8005'd118        0x3a  FltToU64.o [3]
  .rodata            const    0x8005'd154       0x5a8  encoder.o [1]
  .rodata            const    0x8005'd6fc       0x430  fsl_clock.o [1]
  .rodata            const    0x8005'db2c        0x7c  frame.o [1]
  .rodata            const    0x8005'dba8       0x420  pow64.o [3]
  .rodata            const    0x8005'dfc8       0x3f8  set_encoder.o [1]
  .text              ro code  0x8005'e3c0       0x3f4  board.o [1]
  .text              ro code  0x8005'e7b4       0x380  pow32.o [3]
  .text              ro code  0x8005'eb34        0x48  frexpf.o [3]
  .text              ro code  0x8005'eb7c       0x23c  iar_Exp32.o [3]
  .text              ro code  0x8005'edb8        0xc4  ldexpf.o [3]
  .rodata            const    0x8005'ee7c        0x7c  fsl_sd.o [1]
  .rodata            const    0x8005'eef8       0x368  analyse.o [1]
  .text              ro code  0x8005'f260       0x324  select_every.o [1]
  .text              ro code  0x8005'f584        0x28  printf.o [2]
  .rodata            const    0x8005'f5ac       0x314  x264.o [1]
  .rodata            const    0x8005'f8c0       0x300  input.o [1]
  .rodata            const    0x8005'fbc0       0x300  vlc.o [1]
  .text              ro code  0x8005'fec0       0x2e0  crop.o [1]
  .rodata            const    0x8006'01a0       0x2d0  board.o [1]
  .rodata            const    0x8006'0470       0x2d0  clock_config.o [1]
  .rodata            const    0x8006'0740       0x2d0  sdmmc_config.o [1]
  .rodata            const    0x8006'0a10       0x2b0  ffunicode.o [1]
  .rodata            const    0x8006'0cc0       0x264  cavlc.o [1]
  .text              ro code  0x8006'0f24       0x260  raw_input.o [1]
  .rodata            const    0x8006'1184       0x240  set_encoder.o [1]
  .text              ro code  0x8006'13c4       0x234  clock_config.o [1]
  .text              ro code  0x8006'15f8       0x22c  fsl_pmu.o [1]
  .text              ro code  0x8006'1824       0x234  sdmmc_config.o [1]
  .text              ro code  0x8006'1a58       0x188  fsl_gpio.o [1]
  .rodata            const    0x8006'1be0       0x230  fsl_usdhc.o [1]
  .rodata            const    0x8006'1e10       0x200  analyse.o [1]
  .rodata            const    0x8006'2010       0x200  cabac.o [1]
  .text              ro code  0x8006'2210       0x1f0  lz77_init.o [4]
  .rodata            const    0x8006'2400       0x1e0  vlc.o [1]
  .text              ro code  0x8006'25e0       0x1d8  cache.o [1]
  .text              ro code  0x8006'27b8       0x160  internal.o [1]
  .text              ro code  0x8006'2918       0x1c6  system_MIMXRT1176_cm7.o [1]
  .text              ro code  0x8006'2ae0       0x196  fix_vfr_pts.o [1]
  .text              ro code  0x8006'2c78       0x14c  sdcard_fatfs.o [1]
  .text              ro code  0x8006'2dc4        0x94  pin_mux.o [1]
  .rodata            const    0x8006'2e58       0x148  slicetype.o [1]
  .rodata            const    0x8006'2fa0       0x128  encoder.o [1]
  .rodata            const    0x8006'30c8       0x11c  encoder.o [1]
  .rodata            const    0x8006'31e4       0x11c  fsl_lpuart.o [1]
  .rodata            const    0x8006'3300       0x118  select_every.o [1]
  .text              ro code  0x8006'3418       0x10c  raw.o [1]
  .rodata            const    0x8006'3524       0x100  cabac.o [1]
  .rodata            const    0x8006'3624       0x100  slicetype.o [1]
  .rodata            const    0x8006'3724        0xfc  fsl_adapter_lpuart.o [1]
  .rodata            const    0x8006'3820        0xe4  fsl_gpt.o [1]
  .text              ro code  0x8006'3904        0xe2  xexp.o [3]
  .rodata            const    0x8006'39e8        0xe0  vlc.o [1]
  .rodata            const    0x8006'3ac8        0xd4  common.o [1]
  .rodata            const    0x8006'3b9c        0xd0  fsl_gpio.o [1]
  .text              ro code  0x8006'3c6c        0xcc  source.o [1]
  .rodata            const    0x8006'3d38        0xc4  set.o [1]
  .rodata            const    0x8006'3dfc        0xb8  common.o [1]
  .rodata            const    0x8006'3eb4        0xb8  frame.o [1]
  .rodata            const    0x8006'3f6c        0x7c  sdmmc_config.o [1]
  .rodata            const    0x8006'3fe8        0xb0  log.o [3]
  .rodata            const    0x8006'4098        0xa8  xexp.o [3]
  .rodata            const    0x8006'4140        0xa4  filters.o [1]
  .rodata            const    0x8006'41e4        0x98  common.o [1]
  .rodata            const    0x8006'427c        0x84  analyse.o [1]
  .rodata            const    0x8006'4300        0x80  analyse.o [1]
  .rodata            const    0x8006'4380        0x80  fsl_sdmmc_common.o [1]
  .rodata            const    0x8006'4400        0x80  lookahead.o [1]
  .rodata            const    0x8006'4480        0x80  set.o [1]
  .rodata            const    0x8006'4500        0x80  slicetype.o [1]
  .rodata            const    0x8006'4580        0x78  encoder.o [1]
  .rodata            const    0x8006'45f8        0x74  board.o [1]
  .rodata            const    0x8006'466c        0x74  crop.o [1]
  .text              ro code  0x8006'46e0        0x74  resize.o [1]
  .rodata            const    0x8006'4754        0x70  set_encoder.o [1]
  .rodata            const    0x8006'47c4        0x70  vlc.o [1]
  .text              ro code  0x8006'4834        0x6c  startup_MIMXRT1176_cm7.o [1]
  .rodata            const    0x8006'48a0        0x68  fsl_sdmmc_host.o [1]
  .rodata            const    0x8006'4908        0x68  sdcard_fatfs.o [1]
  .rodata            const    0x8006'4970        0x68  x264.o [1]
  .rodata            const    0x8006'49d8        0x60  common.o [1]
  .rodata            const    0x8006'4a38        0x5c  crop.o [1]
  .rodata            const    0x8006'4a94        0x5c  fsl_anatop_ai.o [1]
  .rodata            const    0x8006'4af0        0x58  fsl_common.o [1]
  .rodata            const    0x8006'4b48        0x58  fsl_os_abstraction_bm.o [1]
  .rodata            const    0x8006'4ba0        0x58  fsl_sd.o [1]
  .text              ro code  0x8006'4bf8        0x58  exp.o [3]
  .rodata            const    0x8006'4c50        0x54  fsl_pmu.o [1]
  .rodata            const    0x8006'4ca4        0x54  fsl_sdmmc_osa.o [1]
  .rodata            const    0x8006'4cf8        0x50  slicetype.o [1]
  .rodata            const    0x8006'4d48        0x50  iar_Stoulx.o [2]
  .rodata            const    0x8006'4d98        0x4c  depth.o [1]
  .rodata            const    0x8006'4de4        0x4c  raw_input.o [1]
  .rodata            const    0x8006'4e30        0x48  strto64.o [3]
  .text              ro code  0x8006'4e78        0x46  U64ToDbl.o [3]
  .rodata            const    0x8006'4ec0        0x44  logf.o [3]
  .rodata            const    0x8006'4f04        0x40  analyse.o [1]
  .rodata            const    0x8006'4f44        0x40  cabac.o [1]
  .rodata            const    0x8006'4f84        0x40  cabac.o [1]
  .rodata            const    0x8006'4fc4        0x40  fsl_sdmmc_common.o [1]
  .rodata            const    0x8006'5004        0x38  frame.o [1]
  .rodata            const    0x8006'503c        0x38  gpt.o [1]
  .rodata            const    0x8006'5074        0x34  cavlc.o [1]
  .rodata            const    0x8006'50a8        0x34  macroblock_encoder.o [1]
  .rodata            const    0x8006'50dc        0x34  set_encoder.o [1]
  .rodata            const    0x8006'5110        0x2c  cache.o [1]
  .rodata            const    0x8006'513c        0x2c  fsl_assert.o [1]
  .rodata            const    0x8006'5168        0x28  raw.o [1]
  .rodata            const    0x8006'5190        0x28  set.o [1]
  .text              ro code  0x8006'51b8        0x28  data_init.o [4]
  .rodata            const    0x8006'51e0        0x24  encoder.o [1]
  .rodata            const    0x8006'5204        0x24  resize.o [1]
  .rodata            const    0x8006'5228        0x24  set_encoder.o [1]
  .rodata            const    0x8006'524c        0x24  xscanfsmall_nomb.o [2]
  .text              ro code  0x8006'5270        0x22  fpinit_M.o [3]
  .text              ro code  0x8006'5292        0x22  iarwrite.o [5]
  .iar.init_table    const    0x8006'52b4        0x58  - Linker created -
  .rodata            const    0x8006'530c        0x20  macroblock_encoder.o [1]
  .text              ro code  0x8006'532c        0x20  putchar.o [2]
  .text              ro code  0x8006'534c        0x10  write.o [5]
  .text              ro code  0x8006'535c        0x1e  dwrite.o [5]
  .text              ro code  0x8006'537a        0x20  iarwstd.o [5]
  .text              ro code  0x8006'539c        0x1e  U64Shr.o [4]
  .text              ro code  0x8006'53bc        0x1e  sqrt.o [3]
  .text              ro code  0x8006'53dc        0x1e  cmain.o [4]
  .text              ro code  0x8006'53fa         0x4  low_level_init.o [2]
  .text              ro code  0x8006'53fe         0x4  exit.o [2]
  .text              ro code  0x8006'5404         0xa  cexit.o [4]
  .rodata            const    0x8006'5410        0x18  raw_input.o [1]
  .rodata            const    0x8006'5428        0x18  vlc.o [1]
  .text              ro code  0x8006'5440        0x16  xprout.o [2]
  .rodata            const    0x8006'5458        0x14  raw.o [1]
  .rodata            const    0x8006'546c        0x10  common.o [1]
  .rodata            const    0x8006'547c        0x10  common.o [1]
  .rodata            const    0x8006'548c         0xc  common.o [1]
  .rodata            const    0x8006'5498         0xc  common.o [1]
  .rodata            const    0x8006'54a4         0xc  common.o [1]
  .rodata            const    0x8006'54b0         0xc  common.o [1]
  .rodata            const    0x8006'54bc         0xc  common.o [1]
  .rodata            const    0x8006'54c8         0xc  common.o [1]
  .rodata            const    0x8006'54d4         0xc  common.o [1]
  .rodata            const    0x8006'54e0         0xc  common.o [1]
  .rodata            const    0x8006'54ec         0xc  common.o [1]
  .rodata            const    0x8006'54f8         0xc  common.o [1]
  .rodata            const    0x8006'5504         0xc  common.o [1]
  .rodata            const    0x8006'5510         0xc  common.o [1]
  .rodata            const    0x8006'551c         0xc  fix_vfr_pts.o [1]
  .rodata            const    0x8006'5528         0xc  vlc.o [1]
  .text              ro code  0x8006'5534         0xc  memcpy.o [4]
  .text              ro code  0x8006'5540         0xc  cstartup_M.o [4]
  .rodata            const    0x8006'554c         0x8  common.o [1]
  .rodata            const    0x8006'5554         0x8  common.o [1]
  .rodata            const    0x8006'555c         0x8  common.o [1]
  .rodata            const    0x8006'5564         0x8  common.o [1]
  .rodata            const    0x8006'556c         0x8  common.o [1]
  .rodata            const    0x8006'5574         0x8  common.o [1]
  .rodata            const    0x8006'557c         0x8  common.o [1]
  .rodata            const    0x8006'5584         0x8  common.o [1]
  .rodata            const    0x8006'558c         0x8  common.o [1]
  .rodata            const    0x8006'5594         0x8  common.o [1]
  .rodata            const    0x8006'559c         0x8  common.o [1]
  .rodata            const    0x8006'55a4         0x8  common.o [1]
  .rodata            const    0x8006'55ac         0x8  common.o [1]
  .rodata            const    0x8006'55b4         0x8  common.o [1]
  .rodata            const    0x8006'55bc         0x8  common.o [1]
  .rodata            const    0x8006'55c4         0x8  common.o [1]
  .rodata            const    0x8006'55cc         0x8  common.o [1]
  .rodata            const    0x8006'55d4         0x8  common.o [1]
  .rodata            const    0x8006'55dc         0x8  common.o [1]
  .rodata            const    0x8006'55e4         0x8  common.o [1]
  .rodata            const    0x8006'55ec         0x8  cpu.o [1]
  .rodata            const    0x8006'55f4         0x8  crop.o [1]
  .rodata            const    0x8006'55fc         0x8  crop.o [1]
  .rodata            const    0x8006'5604         0x8  crop.o [1]
  .rodata            const    0x8006'560c         0x8  encoder.o [1]
  .rodata            const    0x8006'5614         0x8  encoder.o [1]
  .rodata            const    0x8006'561c         0x8  encoder.o [1]
  .rodata            const    0x8006'5624         0x8  encoder.o [1]
  .rodata            const    0x8006'562c         0x8  input.o [1]
  .rodata            const    0x8006'5634         0x8  input.o [1]
  .rodata            const    0x8006'563c         0x8  input.o [1]
  .rodata            const    0x8006'5644         0x8  input.o [1]
  .rodata            const    0x8006'564c         0x8  input.o [1]
  .rodata            const    0x8006'5654         0x8  input.o [1]
  .rodata            const    0x8006'565c         0x8  input.o [1]
  .rodata            const    0x8006'5664         0x8  input.o [1]
  .rodata            const    0x8006'566c         0x8  input.o [1]
  .rodata            const    0x8006'5674         0x8  input.o [1]
  .rodata            const    0x8006'567c         0x8  input.o [1]
  .rodata            const    0x8006'5684         0x8  input.o [1]
  .rodata            const    0x8006'568c         0x8  slicetype.o [1]
  .rodata            const    0x8006'5694         0x8  slicetype.o [1]
  .rodata            const    0x8006'569c         0x8  slicetype.o [1]
  .rodata            const    0x8006'56a4         0x8  source.o [1]
  .text              ro code  0x8006'56ac         0x8  startup_MIMXRT1176_cm7.o [1]
  .text              ro code  0x8006'56b4         0x8  startup_MIMXRT1176_cm7.o [1]
  .text              ro code  0x8006'56bc         0x8  startup_MIMXRT1176_cm7.o [1]
  .text              ro code  0x8006'56c4         0x8  startup_MIMXRT1176_cm7.o [1]
  .text              ro code  0x8006'56cc         0x8  startup_MIMXRT1176_cm7.o [1]
  .text              ro code  0x8006'56d4         0x8  startup_MIMXRT1176_cm7.o [1]
  .text              ro code  0x8006'56dc         0x8  startup_MIMXRT1176_cm7.o [1]
  .text              ro code  0x8006'56e4         0x8  startup_MIMXRT1176_cm7.o [1]
  .text              ro code  0x8006'56ec         0x8  startup_MIMXRT1176_cm7.o [1]
  .text              ro code  0x8006'56f4         0x8  startup_MIMXRT1176_cm7.o [1]
  .text              ro code  0x8006'56fc         0x8  startup_MIMXRT1176_cm7.o [1]
  .text              ro code  0x8006'5704         0x8  startup_MIMXRT1176_cm7.o [1]
  .text              ro code  0x8006'570c         0x8  startup_MIMXRT1176_cm7.o [1]
  .text              ro code  0x8006'5714         0x8  startup_MIMXRT1176_cm7.o [1]
  .text              ro code  0x8006'571c         0x8  startup_MIMXRT1176_cm7.o [1]
  .text              ro code  0x8006'5724         0x8  startup_MIMXRT1176_cm7.o [1]
  .text              ro code  0x8006'572c         0x8  startup_MIMXRT1176_cm7.o [1]
  .text              ro code  0x8006'5734         0x8  startup_MIMXRT1176_cm7.o [1]
  .text              ro code  0x8006'573c         0x8  startup_MIMXRT1176_cm7.o [1]
  .text              ro code  0x8006'5744         0x8  startup_MIMXRT1176_cm7.o [1]
  .text              ro code  0x8006'574c         0x8  startup_MIMXRT1176_cm7.o [1]
  .text              ro code  0x8006'5754         0x8  startup_MIMXRT1176_cm7.o [1]
  .text              ro code  0x8006'575c         0x8  startup_MIMXRT1176_cm7.o [1]
  .text              ro code  0x8006'5764         0x8  startup_MIMXRT1176_cm7.o [1]
  .text              ro code  0x8006'576c         0x8  startup_MIMXRT1176_cm7.o [1]
  .text              ro code  0x8006'5774         0x8  startup_MIMXRT1176_cm7.o [1]
  .text              ro code  0x8006'577c         0x8  startup_MIMXRT1176_cm7.o [1]
  .text              ro code  0x8006'5784         0x8  startup_MIMXRT1176_cm7.o [1]
  .text              ro code  0x8006'578c         0x8  startup_MIMXRT1176_cm7.o [1]
  .text              ro code  0x8006'5794         0x8  startup_MIMXRT1176_cm7.o [1]
  .text              ro code  0x8006'579c         0x8  startup_MIMXRT1176_cm7.o [1]
  .text              ro code  0x8006'57a4         0x8  startup_MIMXRT1176_cm7.o [1]
  .text              ro code  0x8006'57ac         0x8  startup_MIMXRT1176_cm7.o [1]
  .text              ro code  0x8006'57b4         0x8  startup_MIMXRT1176_cm7.o [1]
  .text              ro code  0x8006'57bc         0x8  startup_MIMXRT1176_cm7.o [1]
  .text              ro code  0x8006'57c4         0x8  startup_MIMXRT1176_cm7.o [1]
  .text              ro code  0x8006'57cc         0x8  startup_MIMXRT1176_cm7.o [1]
  .text              ro code  0x8006'57d4         0x8  startup_MIMXRT1176_cm7.o [1]
  .text              ro code  0x8006'57dc         0x8  startup_MIMXRT1176_cm7.o [1]
  .text              ro code  0x8006'57e4         0x8  startup_MIMXRT1176_cm7.o [1]
  .text              ro code  0x8006'57ec         0x8  startup_MIMXRT1176_cm7.o [1]
  .text              ro code  0x8006'57f4         0x8  startup_MIMXRT1176_cm7.o [1]
  .text              ro code  0x8006'57fc         0x8  startup_MIMXRT1176_cm7.o [1]
  .text              ro code  0x8006'5804         0x8  startup_MIMXRT1176_cm7.o [1]
  .text              ro code  0x8006'580c         0x8  startup_MIMXRT1176_cm7.o [1]
  .text              ro code  0x8006'5814         0x8  startup_MIMXRT1176_cm7.o [1]
  .text              ro code  0x8006'581c         0x8  startup_MIMXRT1176_cm7.o [1]
  .text              ro code  0x8006'5824         0x8  startup_MIMXRT1176_cm7.o [1]
  .text              ro code  0x8006'582c         0x8  startup_MIMXRT1176_cm7.o [1]
  .text              ro code  0x8006'5834         0x8  startup_MIMXRT1176_cm7.o [1]
  .text              ro code  0x8006'583c         0x8  startup_MIMXRT1176_cm7.o [1]
  .text              ro code  0x8006'5844         0x8  startup_MIMXRT1176_cm7.o [1]
  .text              ro code  0x8006'584c         0x8  startup_MIMXRT1176_cm7.o [1]
  .text              ro code  0x8006'5854         0x8  startup_MIMXRT1176_cm7.o [1]
  .text              ro code  0x8006'585c         0x8  startup_MIMXRT1176_cm7.o [1]
  .text              ro code  0x8006'5864         0x8  startup_MIMXRT1176_cm7.o [1]
  .text              ro code  0x8006'586c         0x8  startup_MIMXRT1176_cm7.o [1]
  .text              ro code  0x8006'5874         0x8  startup_MIMXRT1176_cm7.o [1]
  .text              ro code  0x8006'587c         0x8  startup_MIMXRT1176_cm7.o [1]
  .text              ro code  0x8006'5884         0x8  startup_MIMXRT1176_cm7.o [1]
  .text              ro code  0x8006'588c         0x8  startup_MIMXRT1176_cm7.o [1]
  .text              ro code  0x8006'5894         0x8  startup_MIMXRT1176_cm7.o [1]
  .text              ro code  0x8006'589c         0x8  startup_MIMXRT1176_cm7.o [1]
  .text              ro code  0x8006'58a4         0x8  startup_MIMXRT1176_cm7.o [1]
  .text              ro code  0x8006'58ac         0x8  startup_MIMXRT1176_cm7.o [1]
  .text              ro code  0x8006'58b4         0x8  startup_MIMXRT1176_cm7.o [1]
  .text              ro code  0x8006'58bc         0x8  startup_MIMXRT1176_cm7.o [1]
  .text              ro code  0x8006'58c4         0x8  startup_MIMXRT1176_cm7.o [1]
  .text              ro code  0x8006'58cc         0x8  startup_MIMXRT1176_cm7.o [1]
  .text              ro code  0x8006'58d4         0x8  startup_MIMXRT1176_cm7.o [1]
  .text              ro code  0x8006'58dc         0x8  startup_MIMXRT1176_cm7.o [1]
  .text              ro code  0x8006'58e4         0x8  startup_MIMXRT1176_cm7.o [1]
  .text              ro code  0x8006'58ec         0x8  startup_MIMXRT1176_cm7.o [1]
  .text              ro code  0x8006'58f4         0x8  startup_MIMXRT1176_cm7.o [1]
  .text              ro code  0x8006'58fc         0x8  startup_MIMXRT1176_cm7.o [1]
  .rodata            const    0x8006'5904         0x4  common.o [1]
  .rodata            const    0x8006'5908         0x4  common.o [1]
  .rodata            const    0x8006'590c         0x4  common.o [1]
  .rodata            const    0x8006'5910         0x4  common.o [1]
  .rodata            const    0x8006'5914         0x4  common.o [1]
  .rodata            const    0x8006'5918         0x4  common.o [1]
  .rodata            const    0x8006'591c         0x4  common.o [1]
  .rodata            const    0x8006'5920         0x4  common.o [1]
  .rodata            const    0x8006'5924         0x4  common.o [1]
  .rodata            const    0x8006'5928         0x4  common.o [1]
  .rodata            const    0x8006'592c         0x4  common.o [1]
  .rodata            const    0x8006'5930         0x4  common.o [1]
  .rodata            const    0x8006'5934         0x4  crop.o [1]
  .rodata            const    0x8006'5938         0x4  input.o [1]
  .rodata            const    0x8006'593c         0x4  input.o [1]
  .text              ro code  0x8006'5940         0x4  startup_MIMXRT1176_cm7.o [1]
  .rodata            const    0x8006'5944         0x0  zero_init3.o [4]
  .rodata            const    0x8006'5944         0x0  lz77_init.o [4]
  Initializer bytes  const    0x8006'5944       0xc43  <for RW-1>
  Initializer bytes  const    0x8006'6587    0x1'624e  <for P7-P8 s0>
                            - 0x8007'c7d5    0x7'a3d5

"P2-P4", part 1 of 3:                        0x4'18f8
  RW                          0x8020'0000    0x4'18f8  <Block>
    RW-1                      0x8020'0000    0x4'18f8  <Init block>
      .data          inited   0x8020'0000       0x930  analyse.o [1]
      .data          inited   0x8020'0930        0x10  cabac.o [1]
      .data          inited   0x8020'0940        0x1c  cache.o [1]
      .data          inited   0x8020'095c        0x10  cavlc.o [1]
      .data          inited   0x8020'096c        0x1c  crop.o [1]
      .data          inited   0x8020'0988        0x1c  depth.o [1]
      .data          inited   0x8020'09a4        0x10  encoder.o [1]
      .data          inited   0x8020'09b4        0x1c  fix_vfr_pts.o [1]
      .data          inited   0x8020'09d0        0x10  macroblock_encoder.o [1]
      .data          inited   0x8020'09e0        0x1c  resize.o [1]
      .data          inited   0x8020'09fc        0x98  sdmmc_config.o [1]
      .data          inited   0x8020'0a94        0x1c  select_every.o [1]
      .data          inited   0x8020'0ab0        0x10  slicetype.o [1]
      .data          inited   0x8020'0ac0        0x1c  source.o [1]
      .data          inited   0x8020'0adc         0x4  system_MIMXRT1176_cm7.o [1]
      .data          inited   0x8020'0ae0    0x4'0e10  vlc.o [1]
      .data          inited   0x8024'18f0         0x8  XShttio.o [2]
                            - 0x8024'18f8    0x4'18f8

"P2-P4", part 2 of 3:                        0x3'a2a0
  ZI                          0x8024'1900    0x3'a2a0  <Block>
    .bss             zero     0x8024'1900       0xf00  analyse.o [1]
    .bss             zero     0x8024'2800      0x47e4  analyse.o [1]
    .bss             zero     0x8024'6fe4       0x200  analyse.o [1]
    .bss             zero     0x8024'71e4    0x3'4000  cabac.o [1]
    .bss             zero     0x8027'b1e4       0x210  ff.o [1]
    .bss             zero     0x8027'b3f4         0x4  fsl_debug_console.o [1]
    .bss             zero     0x8027'b3f8        0x38  fsl_lpuart.o [1]
    .bss             zero     0x8027'b430       0x2b0  fsl_sd_disk.o [1]
    .bss             zero     0x8027'b6e0        0x10  fsl_usdhc.o [1]
    .bss             zero     0x8027'b6f0         0x8  gpt.o [1]
    .bss             zero     0x8027'b6f8         0x4  raw.o [1]
    .bss             zero     0x8027'b6fc         0x8  raw.o [1]
    .bss             zero     0x8027'b704         0x1  raw.o [1]
    .bss             zero     0x8027'b708         0x4  raw_input.o [1]
    .bss             zero     0x8027'b70c         0x1  raw_input.o [1]
    .bss             zero     0x8027'b710       0x238  sdcard_fatfs.o [1]
    .bss             zero     0x8027'b948         0x4  video.o [1]
    .bss             zero     0x8027'b94c        0x4c  x264.o [1]
    .bss             zero     0x8027'b998         0x4  x264.o [1]
    .bss             zero     0x8027'b99c         0x4  strtok.o [2]
    .bss             zero     0x8027'b9a0        0x18  dlmalloc.o [2]
    .bss             zero     0x8027'b9b8       0x1d8  dlmalloc.o [2]
    .bss             zero     0x8027'bb90         0x4  xgetmemchunk.o [2]
    .bss             zero     0x8027'bb94         0x4  xfail_s.o [2]
    .bss             zero     0x8027'bb98         0x1  XShttio.o [2]
    .tbss            zero     0x8027'bb9c         0x4  errno.o [2]
                            - 0x8027'bba0    0x3'a2a0

"P2-P4", part 3 of 3:                        0x4'0000
  CSTACK                      0x8027'bba0    0x4'0000  <Block>
    CSTACK           uninit   0x8027'bba0    0x4'0000  <Block tail>
                            - 0x802b'bba0    0x4'0000

"P5":                                      0x100'0000
  HEAP                        0x8200'0000  0x100'0000  <Block>
    HEAP             uninit   0x8200'0000  0x100'0000  <Block tail>
                            - 0x8300'0000  0x100'0000

"P6":                                      0x100'0000
  NCACHE_VAR                  0x8300'0000  0x100'0000  <Block>
    NonCacheable     zero     0x8300'0000        0x1c  fsl_debug_console.o [1]
    NonCacheable     zero     0x8300'001c         0x4  fsl_usdhc.o [1]
    NonCacheable     zero     0x8300'0020       0x228  raw.o [1]
    NonCacheable     zero     0x8300'0248       0x228  raw_input.o [1]
    NonCacheable     zero     0x8300'0470        0x80  sdmmc_config.o [1]
    NCACHE_VAR       uninit   0x8300'04f0   0xff'fb10  <Block tail>
                            - 0x8400'0000  0x100'0000

Unused ranges:

         From           To        Size
         ----           --        ----
     0x1'ea66     0x1'ea67         0x2
     0x1'eaec     0x6'ffff    0x5'1514
  0x8007'c7d5  0x801f'ffff   0x18'382b
  0x8024'18f8  0x8024'18ff         0x8
  0x802b'bba0  0x81ff'ffff  0x1d4'4460


*******************************************************************************
*** INIT TABLE
***

          Address      Size
          -------      ----
Zero (__iar_zero_init3)
    3 destination ranges, total size 0x3'a814:
             0x1'ea68      0x84
          0x8024'1900  0x3'a2a0
          0x8300'0000     0x4f0

Copy/lz77 (__iar_lz77_init3)
    1 source range, total size 0xc43 (1% of destination):
          0x8006'5944     0xc43
    1 destination range, total size 0x4'18f8:
          0x8020'0000  0x4'18f8

Copy/lz77 (__iar_lz77_init3)
    1 source range, total size 0x1'624e (72% of destination):
          0x8006'6587  0x1'624e
    1 destination range, total size 0x1'ea66:
                  0x0  0x1'ea66



*******************************************************************************
*** MODULE SUMMARY
***

    Module                            ro code  rw code  ro data     rw data
    ------                            -------  -------  -------     -------
command line/config:
    -----------------------------------------------------------------------
    Total:

C:\x64444\aia_mediaplay\SDK_1170_x264_encoder\boards\evkmimxrt1170\x264_examples\sdcard_fatfs\cm7_itcm_org\iar\sdram_debug\obj: [1]
    analyse.o                         111'228             4'783      25'108
    bitstream.o                           248
    board.o                             1'012               836
    cabac.o                               868             9'088     213'008
    cabac_encoder.o                              8'928    6'719         372
    cache.o                               472                45          28
    cavlc.o                             9'964               664          16
    clock_config.o                        564               720
    common.o                           14'252             3'325
    cpu.o                                   8                 9
    crop.o                                736               236          28
    dct.o                                        7'628    5'973         640
    deblock.o                                    8'612    6'603         528
    depth.o                             1'832                76          28
    diskio.o                               60
    encoder.o                          40'836             4'049          16
    ff.o                                8'380                           528
    ffunicode.o                           336            59'808
    filters.o                             676               164
    fix_vfr_pts.o                         406                12          28
    frame.o                             7'024               364
    fsl_adapter_lpuart.o                  304               252
    fsl_anatop.o                           84
    fsl_anatop_ai.o                       976                92
    fsl_assert.o                           24                44
    fsl_cache.o                           120
    fsl_clock.o                         2'164             1'072
    fsl_common.o                          144                88
    fsl_component_serial_manager.o        210
    fsl_component_serial_port_uart.o       40
    fsl_debug_console.o                   344                            32
    fsl_gpio.o                            392               208
    fsl_gpt.o                             444               228
    fsl_lpuart.o                        1'156               284          56
    fsl_os_abstraction_bm.o               216                88
    fsl_pmu.o                             556                84
    fsl_sd.o                            8'408               212
    fsl_sd_disk.o                         204                           688
    fsl_sdmmc_common.o                    360               192
    fsl_sdmmc_host.o                    1'828               104
    fsl_sdmmc_osa.o                       332                84
    fsl_str.o                             580
    fsl_usdhc.o                         3'772               560          20
    gpt.o                                 272                56           8
    input.o                               688               872
    internal.o                            352
    lookahead.o                           784               128
    macroblock.o                                16'816   12'378         316
    macroblock_encoder.o               14'564                84          16
    mc.o                                         7'492    5'534         168
    me.o                                        21'432   15'784         548
    mvpred.o                                     4'168    3'142         180
    osdep.o                                          2        2
    pin_mux.o                             148
    pixel.o                                     13'248    9'571
    predict.o                                    9'164    6'621
    quant.o                                      3'740    2'749          64
    ratecontrol.o                               20'300   15'401       1'016
    raw.o                                 268                60         565
    raw_input.o                           608               100         557
    resize.o                              116                36          28
    sdcard_fatfs.o                        332               104         568
    sdmmc_config.o                        564               846         280
    select_every.o                        804               280          28
    set.o                               3'692               364
    set_encoder.o                      11'964             1'792
    slicetype.o                        19'608             6'097          16
    source.o                              204                 8          28
    startup_MIMXRT1176_cm7.o            1'754
    system_MIMXRT1176_cm7.o               454                             4
    video.o                               400                             4
    vlc.o                                 576             4'726     265'744
    x264.o                              3'668               892          80
    -----------------------------------------------------------------------
    Total:                            283'380  121'530  194'693     511'342

dl7M_tln.a: [2]
    XShttio.o                              60                 1           9
    abort.o                                 6
    dlmalloc.o                          5'340                           496
    errno.o                                36                             4
    exit.o                                  4
    heaptramp0.o                            4
    iar_Stoflt.o                          424
    iar_Stolx.o                           148
    iar_Stopfx.o                          288
    iar_Stoulx.o                          330                80
    iar_Stoxflt.o                         524
    low_level_init.o                        4
    printf.o                               40
    putchar.o                              32
    snprintf.o                             68
    sprintf.o                              64
    sscanf.o                               40
    strcasecmp.o                           84
    strcspn.o                              34
    strncasecmp.o                          68
    strncmp.o                              40
    strpbrk.o                              36
    strspn.o                               34
    strstr.o                               44
    strtok.o                               76                             4
    strtok_r.o                             57
    tolower.o                              12
    tp_nothreads.o                          4
    xfail_s.o                              64                             4
    xgetmemchunk.o                         44                             4
    xprintfsmall_nomb.o                 1'281
    xprout.o                               22
    xscanfsmall_nomb.o                  1'668                36
    xsnprout.o                             26
    xsprout.o                              10
    xsscin.o                               30
    -----------------------------------------------------------------------
    Total:                             11'046               117         521

m7M_tlv.a: [3]
    DblToS64.o                             92
    FltToU64.o                             58
    S64ToDbl.o                             82
    U64ToDbl.o                             70
    U64ToFlt.o                             72
    exp.o                                  88
    fmod.o                                444
    fpinit_M.o                             34
    frexp.o                               124
    frexpf.o                               72
    iar_Exp32.o                           572
    iar_Exp64.o                           816
    ldexp.o                               240
    ldexpf.o                              196
    log.o                                 216               176
    log10.o                               200
    logf.o                                192                68
    pow32.o                               896
    pow64.o                             1'376             1'056
    round.o                                98
    sqrt.o                                 30
    sqrtf.o                                30
    strto64.o                           1'118                72
    xexp.o                                226               168
    -----------------------------------------------------------------------
    Total:                              7'342             1'540

rt7M_tl.a: [4]
    ABImemclr.o                             6
    ABImemclr4.o                            6
    ABImemcpy.o                           166
    ABImemmove.o                          150
    ABImemset.o                           102
    ABImemset48.o                          58
    I64DivMod.o                           628
    I64DivZer.o                             2
    I64Shl.o                               34
    U64Shr.o                               30
    cexit.o                                10
    cmain.o                                30
    cstartup_M.o                           12
    data_init.o                            40
    lz77_init.o                           496
    memchr.o                               88
    memcmp.o                              104
    memcpy.o                               12
    strchr_fast.o                          96
    strcmp_fast.o                         176
    strcpy_fast.o                         140
    strlen.o                               54
    zero_init3.o                           58
    -----------------------------------------------------------------------
    Total:                              2'498

shb_l.a: [5]
    dwrite.o                               30
    exit.o                                 20
    iarttio.o                             124
    iarwrite.o                             34
    iarwstd.o                              32
    write.o                                16
    -----------------------------------------------------------------------
    Total:                                256

    Gaps                                   16                12           9
    Linker created                        504      312      313  33'815'312
---------------------------------------------------------------------------
    Grand Total:                      305'042  121'842  196'675  34'327'184


*******************************************************************************
*** ENTRY LIST
***

Entry                       Address      Size  Type      Object
-----                       -------      ----  ----      ------
.iar.init_table$$Base   0x8006'52b4             --   Gb  - Linker created -
.iar.init_table$$Limit  0x8006'530c             --   Gb  - Linker created -
?main                   0x8006'53dd            Code  Gb  cmain.o [4]
ANATOP_AI_Read          0x8005'a6a9     0x1de  Code  Gb  fsl_anatop_ai.o [1]
ANATOP_AI_Write         0x8005'a4c5     0x1de  Code  Gb  fsl_anatop_ai.o [1]
ANATOP_EnablePllLdo     0x8005'a471      0x4a  Code  Gb  fsl_anatop.o [1]
BOARD_BootClockRUN      0x8006'1421     0x196  Code  Gb  clock_config.o [1]
BOARD_BootClockRUN::sysPll3Config
                        0x8006'15f4       0x4  Data  Lc  clock_config.o [1]
BOARD_BootClockRUN::sysPllConfig
                        0x8006'15e0      0x14  Data  Lc  clock_config.o [1]
BOARD_ConfigMPU         0x8005'e421     0x2e4  Code  Gb  board.o [1]
BOARD_DebugConsoleSrcFreq
                        0x8005'e3c1      0x44  Code  Gb  board.o [1]
BOARD_InitBootPins      0x8006'2dc5       0x2  Code  Gb  pin_mux.o [1]
BOARD_InitDebugConsole  0x8005'e405      0x1c  Code  Gb  board.o [1]
BOARD_InitPins          0x8006'2dc7      0x86  Code  Gb  pin_mux.o [1]
BOARD_SDCardDetectInit  0x8006'18f5      0x64  Code  Gb  sdmmc_config.o [1]
BOARD_SDCardGetDetectStatus
                        0x8006'18c1       0xc  Code  Gb  sdmmc_config.o [1]
BOARD_SDCardPowerControl
                        0x8006'1959      0x20  Code  Gb  sdmmc_config.o [1]
BOARD_SD_Config         0x8006'197d      0x7a  Code  Gb  sdmmc_config.o [1]
BOARD_USDHC1ClockConfiguration
                        0x8006'1825      0x9c  Code  Gb  sdmmc_config.o [1]
BOARD_USDHC1ClockConfiguration::sysPllConfig
                        0x8006'1a44      0x14  Data  Lc  sdmmc_config.o [1]
CLOCK_CalcArmPllFreq    0x8005'9ee9      0xc2  Code  Gb  fsl_clock.o [1]
CLOCK_EnableOsc24M      0x8005'9fd1      0x16  Code  Gb  fsl_clock.o [1]
CLOCK_GetFreq           0x8005'a021     0x3da  Code  Gb  fsl_clock.o [1]
CLOCK_GetRootClockFreq::source
                        0x8006'01a0     0x278  Data  Lc  board.o [1]
CLOCK_GetRootClockFreq::source
                        0x8006'0470     0x278  Data  Lc  clock_config.o [1]
CLOCK_GetRootClockFreq::source
                        0x8005'd6fc     0x278  Data  Lc  fsl_clock.o [1]
CLOCK_GetRootClockFreq::source
                        0x8006'0740     0x278  Data  Lc  sdmmc_config.o [1]
CLOCK_InitArmPll        0x8005'9bfd      0xc4  Code  Gb  fsl_clock.o [1]
CLOCK_InitArmPllWithFreq
                        0x8005'9fab      0x20  Code  Gb  fsl_clock.o [1]
CLOCK_InitPfd           0x8005'9d75      0xba  Code  Gb  fsl_clock.o [1]
CLOCK_InitSysPll2       0x8005'9cc1      0xb4  Code  Gb  fsl_clock.o [1]
CLOCK_InitSysPll3       0x8005'9e4d      0x96  Code  Gb  fsl_clock.o [1]
CLOCK_SetRootClock      0x8006'13c5      0x5a  Code  Lc  clock_config.o [1]
CSTACK$$Base            0x8027'bba0             --   Gb  - Linker created -
CSTACK$$Limit           0x802b'bba0             --   Gb  - Linker created -
CurrVol                 0x8027'b1e4       0x1  Data  Lc  ff.o [1]
DCACHE_CleanByRange     0x8005'2f25      0x24  Code  Gb  fsl_cache.o [1]
DCACHE_CleanInvalidateByRange
                        0x8005'2f49      0x24  Code  Gb  fsl_cache.o [1]
DCACHE_InvalidateByRange
                        0x8005'2f01      0x24  Code  Gb  fsl_cache.o [1]
DbgConsole_Init         0x8002'67e1      0x82  Code  Gb  fsl_debug_console.o [1]
DbgConsole_PrintCallback
                        0x8002'678f      0x50  Code  Lc  fsl_debug_console.o [1]
DbgConsole_Printf       0x8002'6863      0x38  Code  Gb  fsl_debug_console.o [1]
DbgConsole_SendDataReliable
                        0x8002'6765      0x2a  Code  Gb  fsl_debug_console.o [1]
DelayLoop               0x8005'2e71       0xa  Code  Lc  fsl_common.o [1]
Dtentox                 0x8002'82f9     0x1f8  Code  Lc  strto64.o [3]
FatFs                   0x8027'b1e8       0xc  Data  Lc  ff.o [1]
Fsid                    0x8027'b1e6       0x2  Data  Lc  ff.o [1]
GPIO3_Combined_16_31_IRQHandler
                        0x8006'18cd      0x28  Code  Gb  sdmmc_config.o [1]
GPIO_PinInit            0x8006'1a59      0xa8  Code  Gb  fsl_gpio.o [1]
GPIO_PinSetInterruptConfig
                        0x8006'1b41      0x82  Code  Gb  fsl_gpio.o [1]
GPIO_PinWrite           0x8006'1b01      0x32  Code  Gb  fsl_gpio.o [1]
GPT_GetDefaultConfig    0x8005'9b5d      0x3a  Code  Gb  fsl_gpt.o [1]
GPT_GetInstance         0x8005'9a41      0x50  Code  Lc  fsl_gpt.o [1]
GPT_Init                0x8005'9a91      0xca  Code  Gb  fsl_gpt.o [1]
HAL_UartInit            0x8002'9ea1      0xaa  Code  Gb  fsl_adapter_lpuart.o [1]
HAL_UartSendBlocking    0x8002'9f4d      0x5e  Code  Gb  fsl_adapter_lpuart.o [1]
HEAP$$Base              0x8200'0000             --   Gb  - Linker created -
HEAP$$Limit             0x8300'0000             --   Gb  - Linker created -
InStream_Read           0x8006'2225      0x28  Code  Lc  lz77_init.o [4]
InStream_StepRegion     0x8006'2211      0x14  Code  Lc  lz77_init.o [4]
LPUART10_DriverIRQHandler
                        0x8002'a469      0x16  Code  Gb  fsl_lpuart.o [1]
LPUART11_DriverIRQHandler
                        0x8002'a47f      0x16  Code  Gb  fsl_lpuart.o [1]
LPUART1_DriverIRQHandler
                        0x8002'a39d      0x16  Code  Gb  fsl_lpuart.o [1]
LPUART2_DriverIRQHandler
                        0x8002'a3b3      0x16  Code  Gb  fsl_lpuart.o [1]
LPUART3_DriverIRQHandler
                        0x8002'a3c9      0x16  Code  Gb  fsl_lpuart.o [1]
LPUART4_DriverIRQHandler
                        0x8002'a3e5      0x16  Code  Gb  fsl_lpuart.o [1]
LPUART5_DriverIRQHandler
                        0x8002'a3fb      0x16  Code  Gb  fsl_lpuart.o [1]
LPUART6_DriverIRQHandler
                        0x8002'a411      0x16  Code  Gb  fsl_lpuart.o [1]
LPUART7_DriverIRQHandler
                        0x8002'a427      0x16  Code  Gb  fsl_lpuart.o [1]
LPUART8_DriverIRQHandler
                        0x8002'a43d      0x16  Code  Gb  fsl_lpuart.o [1]
LPUART9_DriverIRQHandler
                        0x8002'a453      0x16  Code  Gb  fsl_lpuart.o [1]
LPUART_GetDefaultConfig
                        0x8002'a2e9      0x4a  Code  Gb  fsl_lpuart.o [1]
LPUART_GetInstance      0x8002'a04d      0x52  Code  Gb  fsl_lpuart.o [1]
LPUART_Init             0x8002'a0a1     0x21a  Code  Gb  fsl_lpuart.o [1]
[...]
x264_pixel_sad_x3_4x8      0x1'1225      0x3a  Code  Lc  pixel.o [1]
x264_pixel_sad_x3_8x16     0x1'108d      0x3a  Code  Lc  pixel.o [1]
x264_pixel_sad_x3_8x4      0x1'119d      0x3a  Code  Lc  pixel.o [1]
x264_pixel_sad_x3_8x8      0x1'1115      0x3a  Code  Lc  pixel.o [1]
x264_pixel_sad_x4_16x16
                           0x1'0fb7      0x4e  Code  Lc  pixel.o [1]
x264_pixel_sad_x4_16x8     0x1'103f      0x4e  Code  Lc  pixel.o [1]
x264_pixel_sad_x4_4x4      0x1'12e7      0x4e  Code  Lc  pixel.o [1]
x264_pixel_sad_x4_4x8      0x1'125f      0x4e  Code  Lc  pixel.o [1]
x264_pixel_sad_x4_8x16     0x1'10c7      0x4e  Code  Lc  pixel.o [1]
x264_pixel_sad_x4_8x4      0x1'11d7      0x4e  Code  Lc  pixel.o [1]
x264_pixel_sad_x4_8x8      0x1'114f      0x4e  Code  Lc  pixel.o [1]
x264_pixel_satd_16x16      0x1'08b3      0xc8  Code  Lc  pixel.o [1]
x264_pixel_satd_16x8       0x1'097b      0x52  Code  Lc  pixel.o [1]
x264_pixel_satd_4x16       0x1'0a49      0x54  Code  Lc  pixel.o [1]
x264_pixel_satd_4x4        0x1'06c1      0xe8  Code  Lc  pixel.o [1]
x264_pixel_satd_4x8        0x1'0a9d      0x28  Code  Lc  pixel.o [1]
x264_pixel_satd_8x16       0x1'09cd      0x54  Code  Lc  pixel.o [1]
x264_pixel_satd_8x4        0x1'07a9     0x10a  Code  Lc  pixel.o [1]
x264_pixel_satd_8x8        0x1'0a21      0x28  Code  Lc  pixel.o [1]
x264_pixel_satd_x3_16x16
                           0x1'1335      0x3a  Code  Lc  pixel.o [1]
x264_pixel_satd_x3_16x8
                           0x1'13bd      0xf0  Code  Lc  pixel.o [1]
x264_pixel_satd_x3_4x4     0x1'1ad9      0x3a  Code  Lc  pixel.o [1]
x264_pixel_satd_x3_4x8     0x1'19bd      0x78  Code  Lc  pixel.o [1]
x264_pixel_satd_x3_8x16
                           0x1'15ed      0xec  Code  Lc  pixel.o [1]
x264_pixel_satd_x3_8x4     0x1'1935      0x3a  Code  Lc  pixel.o [1]
x264_pixel_satd_x3_8x8     0x1'1819      0x78  Code  Lc  pixel.o [1]
x264_pixel_satd_x4_16x16
                           0x1'136f      0x4e  Code  Lc  pixel.o [1]
x264_pixel_satd_x4_16x8
                           0x1'14ad     0x140  Code  Lc  pixel.o [1]
x264_pixel_satd_x4_4x4     0x1'1b13      0x4e  Code  Lc  pixel.o [1]
x264_pixel_satd_x4_4x8     0x1'1a35      0xa4  Code  Lc  pixel.o [1]
x264_pixel_satd_x4_8x16
                           0x1'16d9     0x140  Code  Lc  pixel.o [1]
x264_pixel_satd_x4_8x4     0x1'196f      0x4e  Code  Lc  pixel.o [1]
x264_pixel_satd_x4_8x8     0x1'1891      0xa4  Code  Lc  pixel.o [1]
x264_pixel_size         0x8005'efec      0x18  Data  Lc  analyse.o [1]
x264_pixel_size              0x5344      0x18  Data  Lc  me.o [1]
x264_pixel_ssd_16x16         0xfb35      0x6a  Code  Lc  pixel.o [1]
x264_pixel_ssd_16x8          0xfba1      0x6a  Code  Lc  pixel.o [1]
x264_pixel_ssd_4x16          0xfe05      0x50  Code  Lc  pixel.o [1]
x264_pixel_ssd_4x4           0xfea5      0x50  Code  Lc  pixel.o [1]
x264_pixel_ssd_4x8           0xfe55      0x50  Code  Lc  pixel.o [1]
x264_pixel_ssd_8x16          0xfc0b      0xa8  Code  Lc  pixel.o [1]
x264_pixel_ssd_8x4           0xfd5b      0xa8  Code  Lc  pixel.o [1]
x264_pixel_ssd_8x8           0xfcb3      0xa8  Code  Lc  pixel.o [1]
x264_pixel_ssd_nv12        0x1'0345     0x138  Code  Gb  pixel.o [1]
x264_pixel_ssd_wxh           0xfef5     0x328  Code  Gb  pixel.o [1]
x264_pixel_ssim_wxh        0x1'2235     0x14c  Code  Gb  pixel.o [1]
x264_pixel_var2_8x16       0x1'0579      0xa4  Code  Lc  pixel.o [1]
x264_pixel_var2_8x8        0x1'061d      0xa4  Code  Lc  pixel.o [1]
x264_pixel_var_16x16       0x1'047d      0x46  Code  Lc  pixel.o [1]
x264_pixel_var_8x16        0x1'04c3      0x5a  Code  Lc  pixel.o [1]
x264_pixel_var_8x8         0x1'051d      0x5a  Code  Lc  pixel.o [1]
x264_plane_copy_c          0x1'bbaf      0x2c  Code  Gb  mc.o [1]
x264_plane_copy_deinterleave_c
                           0x1'bcc1      0xa6  Code  Gb  mc.o [1]
x264_plane_copy_deinterleave_rgb_c
                           0x1'bd69      0xe6  Code  Lc  mc.o [1]
x264_plane_copy_deinterleave_v210_c
                           0x1'be51      0x66  Code  Lc  mc.o [1]
x264_plane_copy_interleave_c
                           0x1'bc19      0xa6  Code  Gb  mc.o [1]
x264_plane_copy_swap_c     0x1'bbdd      0x3a  Code  Gb  mc.o [1]
x264_pps_init           0x8003'572d     0x19e  Code  Gb  set_encoder.o [1]
x264_pps_write          0x8003'58fd     0xf2a  Code  Gb  set_encoder.o [1]
x264_pred_i4x4_neighbors
                        0x8005'f004       0xc  Data  Lc  analyse.o [1]
x264_pred_i4x4_neighbors
                        0x8001'fcb4       0xc  Data  Lc  macroblock_encoder.o [1]
x264_predict_16x16_dc_128_c
                           0x1'2af9      0x34  Code  Lc  predict.o [1]
x264_predict_16x16_dc_c
                           0x1'29b5      0x80  Code  Gb  predict.o [1]
x264_predict_16x16_dc_left_c
                           0x1'2a35      0x60  Code  Lc  predict.o [1]
x264_predict_16x16_dc_top_c
                           0x1'2a95      0x64  Code  Lc  predict.o [1]
x264_predict_16x16_h_c     0x1'2b2d      0x62  Code  Gb  predict.o [1]
x264_predict_16x16_init
                           0x1'4bf3      0x22  Code  Gb  predict.o [1]
x264_predict_16x16_p_c     0x1'2bd5      0xe0  Code  Gb  predict.o [1]
x264_predict_16x16_v_c     0x1'2b8f      0x44  Code  Gb  predict.o [1]
x264_predict_4x4_dc_128_c
                           0x1'35af       0xe  Code  Lc  predict.o [1]
x264_predict_4x4_dc_c      0x1'3617      0x42  Code  Gb  predict.o [1]
x264_predict_4x4_dc_left_c
                           0x1'35bd      0x2c  Code  Lc  predict.o [1]
x264_predict_4x4_dc_top_c
                           0x1'35e9      0x2e  Code  Lc  predict.o [1]
x264_predict_4x4_ddl_c     0x1'368f      0xb0  Code  Lc  predict.o [1]
x264_predict_4x4_ddr_c     0x1'373f      0xb6  Code  Lc  predict.o [1]
x264_predict_4x4_h_c       0x1'3659      0x28  Code  Gb  predict.o [1]
x264_predict_4x4_hd_c      0x1'38c7      0xee  Code  Lc  predict.o [1]
x264_predict_4x4_hu_c      0x1'3a8d      0x92  Code  Lc  predict.o [1]
x264_predict_4x4_init      0x1'4c93      0x36  Code  Gb  predict.o [1]
x264_predict_4x4_v_c       0x1'3681       0xe  Code  Gb  predict.o [1]
x264_predict_4x4_vl_c      0x1'39b5      0xd8  Code  Lc  predict.o [1]
x264_predict_4x4_vr_c      0x1'37f5      0xd2  Code  Lc  predict.o [1]
x264_predict_8x16c_dc_128_c
                           0x1'3127      0x24  Code  Lc  predict.o [1]
x264_predict_8x16c_dc_c
                           0x1'3233     0x1e6  Code  Gb  predict.o [1]
x264_predict_8x16c_dc_left_c
                           0x1'314d      0x44  Code  Lc  predict.o [1]
x264_predict_8x16c_dc_top_c
                           0x1'3191      0xa2  Code  Lc  predict.o [1]
x264_predict_8x16c_h_c     0x1'3419      0x4a  Code  Gb  predict.o [1]
x264_predict_8x16c_init
                           0x1'4c37      0x22  Code  Gb  predict.o [1]
x264_predict_8x16c_p_c     0x1'348d     0x122  Code  Gb  predict.o [1]
x264_predict_8x16c_v_c     0x1'3463      0x28  Code  Gb  predict.o [1]
x264_predict_8x8_dc_128_c
                           0x1'3e27      0x34  Code  Lc  predict.o [1]
x264_predict_8x8_dc_c      0x1'3f17      0x82  Code  Gb  predict.o [1]
x264_predict_8x8_dc_left_c
                           0x1'3e5b      0x5e  Code  Lc  predict.o [1]
x264_predict_8x8_dc_top_c
                           0x1'3eb9      0x5e  Code  Lc  predict.o [1]
x264_predict_8x8_ddl_c     0x1'4039     0x1f8  Code  Lc  predict.o [1]
x264_predict_8x8_ddr_c     0x1'4231     0x206  Code  Lc  predict.o [1]
x264_predict_8x8_filter_c
                           0x1'3b1f     0x308  Code  Lc  predict.o [1]
x264_predict_8x8_h_c       0x1'3f99      0x6a  Code  Gb  predict.o [1]
x264_predict_8x8_hd_c      0x1'468f     0x220  Code  Lc  predict.o [1]
x264_predict_8x8_hu_c      0x1'4acb     0x128  Code  Lc  predict.o [1]
x264_predict_8x8_init      0x1'4c59      0x3a  Code  Gb  predict.o [1]
x264_predict_8x8_v_c       0x1'4003      0x36  Code  Gb  predict.o [1]
x264_predict_8x8_vl_c      0x1'48af     0x21c  Code  Lc  predict.o [1]
x264_predict_8x8_vr_c      0x1'4437     0x258  Code  Lc  predict.o [1]
x264_predict_8x8c_dc_128_c
                           0x1'2cb5      0x34  Code  Lc  predict.o [1]
x264_predict_8x8c_dc_c     0x1'2e47     0x114  Code  Gb  predict.o [1]
x264_predict_8x8c_dc_left_c
                           0x1'2ce9      0xae  Code  Lc  predict.o [1]
x264_predict_8x8c_dc_top_c
                           0x1'2d97      0xb0  Code  Lc  predict.o [1]
x264_predict_8x8c_h_c      0x1'2f5b      0xba  Code  Gb  predict.o [1]
x264_predict_8x8c_init     0x1'4c15      0x22  Code  Gb  predict.o [1]
x264_predict_8x8c_p_c      0x1'304d      0xda  Code  Gb  predict.o [1]
x264_predict_8x8c_v_c      0x1'3015      0x38  Code  Gb  predict.o [1]
x264_predict_lossless_16x16
                        0x8001'e41d      0xa6  Code  Gb  macroblock_encoder.o [1]
x264_predict_lossless_4x4
                        0x8001'e24d      0xc6  Code  Gb  macroblock_encoder.o [1]
x264_predict_lossless_8x8
                        0x8001'e335      0xe6  Code  Gb  macroblock_encoder.o [1]
x264_predict_lossless_chroma
                        0x8001'e15b      0xf2  Code  Gb  macroblock_encoder.o [1]
x264_prefetch_fenc           0xc6f7      0x4a  Code  Gb  macroblock.o [1]
x264_preset_names       0x8006'49d8      0x2c  Data  Lc  common.o [1]
x264_print_intra        0x8003'2f4d      0x98  Code  Lc  encoder.o [1]
x264_psy_trellis_init   0x8001'0df1      0x50  Code  Lc  analyse.o [1]
x264_psy_trellis_init::zero
                        0x8024'6fe4     0x200  Data  Lc  analyse.o [1]
x264_quant_4x4_trellis  0x8000'f561      0xa2  Code  Gb  analyse.o [1]
x264_quant_4x4_trellis::ctx_ac
                        0x8005'f1d0      0x10  Data  Lc  analyse.o [1]
x264_quant_8x8_trellis  0x8000'f625    0x1254  Code  Gb  analyse.o [1]
x264_quant_chroma_dc_trellis
                        0x8000'f175     0x3ec  Code  Gb  analyse.o [1]
x264_quant_init            0x1'dacd      0xa6  Code  Gb  quant.o [1]
x264_quant_luma_dc_trellis
                        0x8000'e551     0xc14  Code  Gb  analyse.o [1]
x264_ratecontrol_delete
                             0x8035      0xba  Code  Gb  ratecontrol.o [1]
x264_ratecontrol_end         0x91ed     0x606  Code  Gb  ratecontrol.o [1]
x264_ratecontrol_init_reconfigurable
                             0x7081     0x456  Code  Gb  ratecontrol.o [1]
x264_ratecontrol_mb          0x877d     0x6a8  Code  Gb  ratecontrol.o [1]
x264_ratecontrol_mb_qp       0x8e69      0x92  Code  Gb  ratecontrol.o [1]
x264_ratecontrol_new         0x7511     0x916  Code  Gb  ratecontrol.o [1]
x264_ratecontrol_new::pred_coeff_table
                             0x7e34       0xc  Data  Lc  ratecontrol.o [1]
x264_ratecontrol_qp          0x8e35      0x34  Code  Gb  ratecontrol.o [1]
x264_ratecontrol_set_weights
                             0x9141      0xaa  Code  Gb  ratecontrol.o [1]
x264_ratecontrol_slice_type
                             0x8f15     0x1f0  Code  Gb  ratecontrol.o [1]
x264_ratecontrol_start       0x8125     0x4d2  Code  Gb  ratecontrol.o [1]
x264_ratecontrol_summary
                             0x7f09      0xd2  Code  Gb  ratecontrol.o [1]
x264_ratecontrol_zone_init
                             0x80ef      0x34  Code  Gb  ratecontrol.o [1]
x264_rc_analyse_slice   0x8004'0905     0x25a  Code  Gb  slicetype.o [1]
x264_rd_cost_chroma     0x8000'b229     0xfb8  Code  Lc  analyse.o [1]
x264_rd_cost_mb         0x8000'7051    0x152a  Code  Lc  analyse.o [1]
x264_rd_cost_part       0x8000'85b1    0x2c40  Code  Gb  analyse.o [1]
x264_rdo_init           0x8000'c1fd     0x112  Code  Gb  analyse.o [1]
x264_reduce_fraction    0x8002'4113      0x68  Code  Gb  common.o [1]
x264_reduce_fraction64  0x8002'417b      0xa8  Code  Gb  common.o [1]
x264_reference_build_list_optimal
                             0x6fa5      0xda  Code  Gb  ratecontrol.o [1]
x264_reference_check_reorder
                        0x8002'd485      0xbe  Code  Lc  encoder.o [1]
x264_reference_hierarchy_reset
                        0x8002'd85b      0xe0  Code  Lc  encoder.o [1]
x264_register_vid_filters
                        0x8005'9699     0x100  Code  Gb  video.o [1]
x264_run_before         0x8020'0af0  0x4'0000  Data  Gb  vlc.o [1]
x264_scan8              0x8005'ab24      0x34  Data  Lc  analyse.o [1]
x264_scan8                 0x1'df38      0x34  Data  Lc  cabac_encoder.o [1]
x264_scan8              0x8006'0cc0      0x34  Data  Lc  cavlc.o [1]
x264_scan8              0x8005'd2a0      0x34  Data  Lc  encoder.o [1]
x264_scan8                 0x1'e958      0x34  Data  Lc  macroblock.o [1]
x264_scan8              0x8006'50a8      0x34  Data  Lc  macroblock_encoder.o [1]
x264_scan8                 0x1'de84      0x34  Data  Lc  me.o [1]
x264_scan8                 0x1'e98c      0x34  Data  Lc  mvpred.o [1]
x264_sei_avcintra_umid_write
                        0x8003'7175      0x9e  Code  Gb  set_encoder.o [1]
x264_sei_avcintra_vanc_write
                        0x8003'7215      0x60  Code  Gb  set_encoder.o [1]
x264_sei_buffering_period_write
                        0x8003'69d9      0xb4  Code  Gb  set_encoder.o [1]
x264_sei_dec_ref_pic_marking_write
                        0x8003'701d     0x158  Code  Gb  set_encoder.o [1]
x264_sei_frame_packing_write
                        0x8003'6bb1     0x3ba  Code  Gb  set_encoder.o [1]
x264_sei_pic_timing_write
                        0x8003'6a8d     0x124  Code  Gb  set_encoder.o [1]
x264_sei_recovery_point_write
                        0x8003'686d      0xf8  Code  Gb  set_encoder.o [1]
x264_sei_version_write  0x8003'6965      0x74  Code  Gb  set_encoder.o [1]
x264_sei_version_write::uuid
                        0x8003'74ac      0x10  Data  Lc  set_encoder.o [1]
x264_sei_write          0x8003'481d     0x1a2  Code  Gb  set_encoder.o [1]
x264_significant_coeff_flag_offset
                        0x8005'aec8      0x40  Data  Gb  analyse.o [1]
x264_significant_coeff_flag_offset_8x8
                        0x8005'ae08      0x80  Data  Gb  analyse.o [1]
x264_size2pixel              0xbb24      0x1c  Data  Lc  macroblock.o [1]
x264_slice_header_init  0x8002'a825     0x1cc  Code  Lc  encoder.o [1]
x264_slicetype_analyse  0x8003'f6d9     0xb84  Code  Gb  slicetype.o [1]
x264_slicetype_decide   0x8004'0281     0x682  Code  Gb  slicetype.o [1]
x264_slicetype_frame_cost
                        0x8003'd141     0xf5e  Code  Lc  slicetype.o [1]
x264_slicetype_frame_cost_recalculate
                        0x8003'e0a1     0x12c  Code  Lc  slicetype.o [1]
x264_slicetype_path_cost
                        0x8003'f129     0x128  Code  Lc  slicetype.o [1]
x264_slurp_file         0x8002'4223       0x4  Code  Gb  common.o [1]
x264_split_options      0x8005'ce75     0x1d6  Code  Gb  filters.o [1]
x264_sps_init           0x8003'49c1     0x3fa  Code  Gb  set_encoder.o [1]
x264_sps_init_reconfigurable
                        0x8003'4dc9      0x76  Code  Gb  set_encoder.o [1]
x264_sps_write          0x8003'4e3f     0x8ee  Code  Gb  set_encoder.o [1]
x264_sps_write{4}{5}{6}{7}::sar
                        0x8006'50dc      0x34  Data  Lc  set_encoder.o [1]
x264_sync_frame_list_delete
                        0x8002'6487       0x4  Code  Gb  frame.o [1]
x264_sync_frame_list_init
                        0x8002'6457      0x30  Code  Gb  frame.o [1]
x264_sync_frame_list_push
                        0x8002'648b      0x14  Code  Gb  frame.o [1]
x264_thread_sync_ratecontrol
                             0xb271     0x1cc  Code  Gb  ratecontrol.o [1]
x264_threadpool_wait_all
                        0x8002'a7f9      0x2c  Code  Lc  encoder.o [1]
x264_threads_distribute_ratecontrol
                             0xae2d     0x2b2  Code  Gb  ratecontrol.o [1]
x264_threads_merge_ratecontrol
                             0xb0f1     0x162  Code  Gb  ratecontrol.o [1]
x264_threads_normalize_predictors
                             0xad1d      0xf4  Code  Lc  ratecontrol.o [1]
x264_threadslice_cond_broadcast
                        0x8002'583d       0x6  Code  Gb  frame.o [1]
x264_threadslice_cond_wait
                        0x8002'5843       0xa  Code  Gb  frame.o [1]
x264_total_zeros        0x8006'2400     0x1e0  Data  Gb  vlc.o [1]
x264_total_zeros_2x2_dc
                        0x8006'5428      0x18  Data  Gb  vlc.o [1]
x264_total_zeros_2x4_dc
                        0x8006'47c4      0x70  Data  Gb  vlc.o [1]
x264_transfer_names     0x8006'3e34      0x4c  Data  Lc  common.o [1]
x264_transform_allowed  0x8005'f094      0x14  Data  Lc  analyse.o [1]
x264_transform_allowed     0x1'7060      0x14  Data  Lc  cabac_encoder.o [1]
x264_transform_allowed  0x8003'b934      0x14  Data  Lc  cavlc.o [1]
x264_trellis_lambda2_tab
                        0x8005'a894     0x290  Data  Lc  analyse.o [1]
x264_ue_size_tab        0x8005'ac88     0x100  Data  Lc  analyse.o [1]
x264_ue_size_tab        0x8006'0d64     0x100  Data  Lc  cavlc.o [1]
x264_ue_size_tab        0x8005'd1a0     0x100  Data  Lc  encoder.o [1]
x264_ue_size_tab        0x8006'1184     0x100  Data  Lc  set_encoder.o [1]
x264_ue_size_tab        0x8006'3624     0x100  Data  Lc  slicetype.o [1]
x264_validate_levels    0x8003'7275     0x1e6  Code  Gb  set_encoder.o [1]
x264_validate_parameters
                        0x8002'a9f1    0x15ae  Code  Lc  encoder.o [1]
x264_validate_parameters{82}{83}{84}{85}::lookahead_thread_div
                        0x8005'bd74      0x28  Data  Lc  encoder.o [1]
x264_vbv_frame_cost     0x8003'f04d      0x58  Code  Lc  slicetype.o [1]
x264_vidformat_names    0x8005'bd3c      0x1c  Data  Lc  common.o [1]
x264_weight_cache          0x1'b539       0xa  Code  Lc  mc.o [1]
x264_weight_cost_chroma
                        0x8003'c17d     0x19e  Code  Lc  slicetype.o [1]
x264_weight_cost_chroma444
                        0x8003'c31d     0x184  Code  Lc  slicetype.o [1]
x264_weight_cost_luma   0x8003'bfbd     0x1be  Code  Lc  slicetype.o [1]
x264_weight_none           0x1'e610      0x90  Data  Gb  mc.o [1]
x264_weight_scale_plane
                        0x8002'638b      0xa0  Code  Gb  frame.o [1]
x264_weights_analyse    0x8003'c4b5     0xc70  Code  Gb  slicetype.o [1]
x264_weights_analyse{14}{15}{16}::weight_check_distance
                        0x8003'd128      0x18  Data  Lc  slicetype.o [1]
x264_zigzag_init           0x1'af9f      0x34  Code  Gb  dct.o [1]
x264_zigzag_scan2x2     0x8005'f1c4       0x4  Data  Lc  analyse.o [1]
x264_zigzag_scan2x4     0x8005'f1c8       0x8  Data  Lc  analyse.o [1]
x264_zigzag_scan4       0x8005'f010      0x20  Data  Lc  analyse.o [1]
x264_zigzag_scan4       0x8003'682c      0x20  Data  Lc  set_encoder.o [1]
x264_zigzag_scan8       0x8005'ad88      0x80  Data  Lc  analyse.o [1]
x264_zigzag_scan8       0x8006'1284      0x80  Data  Lc  set_encoder.o [1]
zigzag_interleave_8x8_cavlc
                           0x1'af45      0x5a  Code  Lc  dct.o [1]
zigzag_scan_2x4_dc      0x8001'd70d      0x26  Code  Lc  macroblock_encoder.o [1]
zigzag_scan_4x4_field      0x1'a3bb      0x1e  Code  Lc  dct.o [1]
zigzag_scan_4x4_frame      0x1'a375      0x46  Code  Lc  dct.o [1]
zigzag_scan_8x8_field      0x1'a1ef     0x186  Code  Lc  dct.o [1]
zigzag_scan_8x8_frame      0x1'a069     0x186  Code  Lc  dct.o [1]
zigzag_sub_4x4_field       0x1'a4bd      0xe4  Code  Lc  dct.o [1]
zigzag_sub_4x4_frame       0x1'a3d9      0xe4  Code  Lc  dct.o [1]
zigzag_sub_4x4ac_field     0x1'a687      0xe6  Code  Lc  dct.o [1]
zigzag_sub_4x4ac_frame     0x1'a5a1      0xe6  Code  Lc  dct.o [1]
zigzag_sub_8x8_field       0x1'ab59     0x3ec  Code  Lc  dct.o [1]
zigzag_sub_8x8_frame       0x1'a76d     0x3ec  Code  Lc  dct.o [1]


[1] = C:\x64444\aia_mediaplay\SDK_1170_x264_encoder\boards\evkmimxrt1170\x264_examples\sdcard_fatfs\cm7_itcm_org\iar\sdram_debug\obj
[2] = dl7M_tln.a
[3] = m7M_tlv.a
[4] = rt7M_tl.a
[5] = shb_l.a

     305'042 bytes of readonly  code memory
     121'842 bytes of readwrite code memory
     196'675 bytes of readonly  data memory
  34'327'184 bytes of readwrite data memory

Errors: none
Warnings: none
